data/saved_data/run_2025_05_06_2125_same_one_as_before_but_1000_more_households/firm_data.csv
Step,AgentID,FirmType,Profit,Inventory,ProductPrice,RevenuePerEmployee,ProductionLevel,NumEmployees,DemandReceived,InventoryDemandRatio,SellThroughRate,ProductionCapacity,Revenue,Costs,Markup,ProducedUnits,IncomeBracket,NumPeople,SpendRatio,PostTaxIncome,HouseholdExpense,HouseholdSavings,HealthLevel,Welfare,SkillLevel,SkillType,JobLevel,IsEmployed,Wage
4,4,necessity,-204757.62722600508,4761.6,1520.9823968410997,3478.5140078739596,0.1,84.0,335.0,,,4376.0,288716.66265353863,493474.2898795437,0.35,438.0,,,,,,,,,,,,0,
5,4,necessity,-181459.29480043397,4864.6,2129.7587553018598,6065.822654068672,0.1,85.0,255.0,,,4376.0,509529.1029417684,690988.3977422024,0.35,438.0,,,,,,,,,,,,0,
6,4,necessity,-575458.7946269977,5047.6,3447.577216464692,6389.27626590558,0.1,86.0,115.0,,,4376.0,543088.4826019743,1118547.277228972,0.35,438.0,,,,,,,,,,,,0,
7,4,necessity,-931949.6943442756,5370.6,4094.4485071380527,4610.132324342321,0.1,85.0,91.0,,,4376.0,396471.3798934396,1328421.0742377152,0.35,438.0,,,,,,,,,,,,0,
8,4,necessity,-528267.3806013828,5717.6,2776.6300459752206,4383.468401759562,0.1,84.0,286.0,,,4376.0,372594.8141495628,900862.1947509457,0.35,438.0,,,,,,,,,,,,0,
9,4,necessity,178571.7558554901,5869.6,1897.2260010248747,9453.764204153727,0.1,85.0,121.0,,,4376.0,794116.1931489131,615544.437293423,0.35,438.0,,,,,,,,,,,,0,
10,4,necessity,-651824.5593020538,6186.6,2716.609633809535,2700.757013223645,0.1,84.0,230.0,,,4376.0,229564.34612400984,881388.9054260636,0.35,438.0,,,,,,,,,,,,0,
11,4,necessity,9275.778482770082,6394.6,1897.2260010248747,7438.335902097537,0.1,85.0,318.0,,,4376.0,624820.2157761931,615544.437293423,0.35,438.0,,,,,,,,,,,,0,
12,4,necessity,-283125.7602148864,6514.6,2732.1892598125255,7097.857274422473,0.1,84.0,156.0,,,4376.0,603317.8683259102,886443.6285407966,0.35,438.0,,,,,,,,,,,,0,
13,4,necessity,-189322.91276266903,6796.6,1897.2260010248747,5074.065768223261,0.1,83.0,45.0,,,4376.0,426221.52453075396,615544.437293423,0.35,438.0,,,,,,,,,,,,0,
14,4,necessity,-332655.15938464494,7189.6,1288.4496425641146,1028.6165065797513,0.1,82.0,1003.0,,,4376.0,85375.17004611935,418030.3294307643,0.35,438.0,,,,,,,,,,,,0,
15,4,necessity,1081207.0390372414,6624.6,650.6751944360465,15759.938920631792,0.1,83.0,1237.0,,,4376.0,1292314.991491807,211107.95245456556,0.35,438.0,,,,,,,,,,,,0,
16,4,necessity,280468.47664741555,5825.6,1616.352958580164,9697.412235149272,0.1,82.0,352.0,,,4376.0,804885.2155173895,524416.7388699739,0.35,438.0,,,,,,,,,,,,0,
17,4,necessity,357848.28896565223,5911.6,650.6751944360465,6938.490749027046,0.1,81.0,575.0,,,4376.0,568956.2414202178,211107.95245456556,0.35,438.0,,,,,,,,,,,,0,
18,4,necessity,-5242096.918645096,5774.6,17310.313795756956,4618.99057778675,0.1,80.0,35.0,,,4376.0,374138.23680072674,5616235.1554458225,0.35,438.0,,,,,,,,,,,,0,
19,4,necessity,-4941053.172594329,6177.6,17096.65317980641,7573.262285643667,0.1,81.0,54.0,,,4376.0,605860.9828514934,5546914.1554458225,0.35,438.0,,,,,,,,,,,,0,
20,4,necessity,724853.9469064665,6561.6,611.3999723122315,11397.768786537607,0.1,82.0,941.0,,,4376.0,923219.2717095461,198365.32480307954,0.35,438.0,,,,,,,,,,,,0,
21,4,necessity,88943.34398189158,6058.6,1499.1288560551618,7016.187487144023,0.1,81.0,689.0,,,4376.0,575327.3739458099,486384.0299639183,0.35,438.0,,,,,,,,,,,,0,
22,4,necessity,834534.457018927,5807.6,611.3999723122315,12751.849158296376,0.1,82.0,1646.0,,,4376.0,1032899.7818220065,198365.32480307954,0.35,438.0,,,,,,,,,,,,0,
23,4,necessity,522842.3811335025,4599.6,1490.307448526196,12272.73602958455,0.1,81.0,442.0,,,4376.0,1006364.3544259331,483521.9732924306,0.35,438.0,,,,,,,,,,,,0,
24,4,necessity,460350.56744549907,4595.6,611.3999723122315,8132.2949660318345,0.1,80.0,1695.0,,,4376.0,658715.8922485786,198365.32480307954,0.35,438.0,,,,,,,,,,,,0,
25,4,necessity,-4510591.20237659,3338.6000000000004,17096.65317980641,12954.036913365406,0.1,81.0,42.0,,,4376.0,1036322.9530692324,5546914.1554458225,0.35,438.0,,,,,,,,,,,,0,
26,4,necessity,500056.90063419606,3734.6000000000004,671.9256136231352,8864.931278418138,0.1,80.0,1154.0,,,4376.0,718059.4335518692,218002.53291767318,0.35,438.0,,,,,,,,,,,,0,
27,4,necessity,-4771511.997324725,3018.6000000000004,17096.65317980641,9692.526976513724,0.1,81.0,27.0,,,4376.0,775402.158121098,5546914.1554458225,0.35,438.0,,,,,,,,,,,,0,
28,4,necessity,284747.13464941876,3429.6000000000004,545.1241463061739,5698.884393268803,0.1,80.0,1529.0,,,4376.0,461609.63585477305,176862.5012053543,0.35,438.0,,,,,,,,,,,,0,
29,4,necessity,-4713419.335743682,2338.6000000000004,17096.65317980641,10418.685246276747,0.1,81.0,34.0,,,4376.0,833494.8197021398,5546914.1554458225,0.35,438.0,,,,,,,,,,,,0,
30,4,necessity,370392.6944979304,2742.6000000000004,650.0142528102601,7176.372939671826,0.1,80.0,1863.0,,,4376.0,581286.208113418,210893.51361548755,0.35,438.0,,,,,,,,,,,,0,
31,4,necessity,-4335937.602460308,1317.6000000000004,17096.65317980641,15137.206912318932,0.1,81.0,27.0,,,4376.0,1210976.5529855145,5546914.1554458225,0.35,438.0,,,,,,,,,,,,0,
32,4,necessity,266533.14831738634,1728.6000000000004,601.2631451465958,5698.884393268803,0.1,80.0,720.0,,,4376.0,461609.63585477305,195076.4875373867,0.35,438.0,,,,,,,,,,,,0,
33,4,necessity,-5114004.690940274,1446.6000000000004,17096.65317980641,5411.368306319362,0.1,79.0,48.0,,,4376.0,432909.46450554894,5546914.1554458225,0.35,438.0,,,,,,,,,,,,0,
34,4,necessity,-4656953.802815115,1836.6000000000004,16882.992563855863,10387.839906717818,0.1,80.0,32.0,,,4376.0,820639.3526307077,5477593.1554458225,0.35,438.0,,,,,,,,,,,,0,
35,4,necessity,350364.4195455116,2242.6000000000004,585.2815337599341,6753.197025542346,0.1,79.0,1674.0,,,4376.0,540255.7620433876,189891.34249787603,0.35,438.0,,,,,,,,,,,,0,
36,4,necessity,-4497831.867931693,1006.6000000000004,16882.992563855863,12402.041614102907,0.1,80.0,46.0,,,4376.0,979761.2875141297,5477593.1554458225,0.35,438.0,,,,,,,,,,,,0,
37,4,necessity,599400.9954111129,1398.6000000000004,546.2157394160524,9707.720724217123,0.1,79.0,1265.0,,,4376.0,776617.6579373698,177216.6625262568,0.35,438.0,,,,,,,,,,,,0,
38,4,necessity,-4786630.245084517,571.6000000000004,16882.992563855863,8746.365953940585,0.1,78.0,17.0,,,4376.0,690962.9103613063,5477593.1554458225,0.35,438.0,,,,,,,,,,,,0,
39,4,necessity,-5121261.281860273,992.6000000000004,16669.331947905317,3679.626584430124,0.1,77.0,26.0,,,4376.0,287010.87358554965,5408272.1554458225,0.35,438.0,,,,,,,,,,,,0,
40,4,necessity,-4905548.524800284,1404.6000000000004,16455.67133195477,5628.605592799197,0.1,78.0,32.0,,,4376.0,433402.6306455382,5338951.1554458225,0.35,438.0,,,,,,,,,,,,0,
41,4,necessity,335643.673843082,1810.6000000000004,588.5069435246085,6751.044649007085,0.1,79.0,1862.0,,,4376.0,526581.4826225527,190937.80877947068,0.35,438.0,,,,,,,,,,,,0,
4,6,necessity,105795.88761017291,0.0,708.3087246520546,5639.672618807909,0.1,102.0,3156.0,,,8840.0,569606.9344995988,463811.0468894259,0.35,884.0,,,,,,,,,,,,0,
9,6,necessity,-226265.31059893116,5578.0,1704.3751796364968,8555.623156655849,0.1,105.0,616.0,,,8840.0,889784.8082922084,1116050.1188911395,0.35,884.0,,,,,,,,,,,,0,
10,6,necessity,-474069.52905735536,5846.0,2327.321562540519,9999.001053867447,0.1,106.0,296.0,,,8840.0,1049895.110656082,1523964.6397134373,0.35,884.0,,,,,,,,,,,,0,
11,6,necessity,-1033567.130783642,6434.0,2630.4449324871757,6498.935684075412,0.1,105.0,161.0,,,8840.0,688887.1825119937,1722454.3132956356,0.35,884.0,,,,,,,,,,,,0,
12,6,necessity,-891038.1583429028,7157.0,2007.4985495831538,4033.348896480336,0.1,104.0,199.0,,,8840.0,423501.6341304353,1314539.792473338,0.35,884.0,,,,,,,,,,,,0,
13,6,necessity,-623675.1203659426,7842.0,1562.5292944310042,3841.271263144689,0.1,103.0,696.0,,,8840.0,399492.2113670476,1023167.3317329902,0.35,884.0,,,,,,,,,,,,0,
14,6,necessity,363025.9898777286,8030.0,1106.411128513605,10558.450377902707,0.1,104.0,702.0,,,8840.0,1087520.388923979,724494.3990462503,0.35,884.0,,,,,,,,,,,,0,
15,6,necessity,-205725.78101612185,8212.0,1500.3117979228464,7468.275117466834,0.1,103.0,572.0,,,8840.0,776700.6122165507,982426.3932326726,0.35,884.0,,,,,,,,,,,,0,
16,6,necessity,133683.94936561782,8524.0,1106.411128513605,8331.828625357943,0.1,104.0,806.0,,,8840.0,858178.3484118681,724494.3990462503,0.35,884.0,,,,,,,,,,,,0,
17,6,necessity,-81204.20522811788,8602.0,1485.8728784024206,8574.686245980438,0.1,105.0,442.0,,,8840.0,891767.3695819656,972971.5748100835,0.35,884.0,,,,,,,,,,,,0,
18,6,necessity,-576868.8444837184,9044.0,1883.9290551038634,6254.817259560667,0.1,104.0,332.0,,,8840.0,656755.81225387,1233624.6567375883,0.35,884.0,,,,,,,,,,,,0,
19,6,necessity,-359683.0346792723,9596.0,1504.4673052150474,6014.081214370026,0.1,103.0,285.0,,,8840.0,625464.4462944827,985147.480973755,0.35,884.0,,,,,,,,,,,,0,
20,6,necessity,-295721.21705996175,10195.0,1106.411128513605,4162.846427051345,0.1,102.0,364.0,,,8840.0,428773.1819862885,724494.3990462503,0.35,884.0,,,,,,,,,,,,0,
21,6,necessity,-153831.56604438036,10715.0,849.9581921510644,3948.3691252838453,0.1,101.0,673.0,,,8840.0,402733.65077895223,556565.2168233326,0.35,884.0,,,,,,,,,,,,0,
22,6,necessity,184948.58924663754,10926.0,591.1186871094686,5663.582805125409,0.1,102.0,1559.0,,,8840.0,572021.8633176663,387073.2740710288,0.35,884.0,,,,,,,,,,,,0,
23,6,necessity,297226.4733373241,10251.0,953.4414082195862,9034.843462780997,0.1,103.0,452.0,,,8840.0,921554.0332036616,624327.5598663375,0.35,884.0,,,,,,,,,,,,0,
24,6,necessity,-579238.1715061585,10683.0,1542.7166032649195,4184.034140924786,0.1,102.0,455.0,,,8840.0,430955.51651525294,1010193.6880214114,0.35,884.0,,,,,,,,,,,,0,
25,6,necessity,77608.49461920094,11112.0,953.4414082195862,6881.726024368024,0.1,103.0,601.0,,,8840.0,701936.0544855384,624327.5598663375,0.35,884.0,,,,,,,,,,,,0,
26,6,necessity,-490374.20883866213,11395.0,1623.95912541538,5563.284333397779,0.1,102.0,283.0,,,8840.0,573018.2863399712,1063392.4951786334,0.35,884.0,,,,,,,,,,,,0,
27,6,necessity,-164747.12737378496,11996.0,953.4414082195862,4505.690514632867,0.1,101.0,512.0,,,8840.0,459580.4324925525,624327.5598663375,0.35,884.0,,,,,,,,,,,,0,
28,6,necessity,101088.7269373993,12368.0,591.1186871094686,4833.287138697308,0.1,102.0,1071.0,,,8840.0,488162.0010084281,387073.2740710288,0.35,884.0,,,,,,,,,,,,0,
29,6,necessity,-13146.447352417861,12181.0,986.8966704706932,6206.746214649421,0.1,103.0,728.0,,,8840.0,633088.1138942409,646234.5612466588,0.35,884.0,,,,,,,,,,,,0,
30,6,necessity,-327035.1290043624,12337.0,1596.6283600654504,6975.347340802569,0.1,104.0,630.0,,,8840.0,718460.7761026646,1045495.905107027,0.35,884.0,,,,,,,,,,,,0,
31,6,necessity,-199018.52314988326,12591.0,1840.0536477918035,9671.883335011862,0.1,105.0,405.0,,,8840.0,1005875.8668412337,1204894.389991117,0.35,884.0,,,,,,,,,,,,0,
32,6,necessity,-706280.9727016133,13070.0,2216.6613607021327,7097.349784339814,0.1,104.0,429.0,,,8840.0,745221.7273556804,1451502.7000572938,0.35,884.0,,,,,,,,,,,,0,
33,6,necessity,-101293.63245571055,13525.0,1606.9296711073753,9143.728112896297,0.1,105.0,454.0,,,8840.0,950947.723741215,1052241.3561969255,0.35,884.0,,,,,,,,,,,,0,
34,6,necessity,-711146.4835173414,13955.0,2200.1526538121816,6948.057816026175,0.1,104.0,390.0,,,8840.0,729546.0706827483,1440692.5542000898,0.35,884.0,,,,,,,,,,,,0,
35,6,necessity,-194181.8212101747,14449.0,1606.9296711073753,8250.57245179568,0.1,105.0,335.0,,,8840.0,858059.5349867508,1052241.3561969255,0.35,884.0,,,,,,,,,,,,0,
36,6,necessity,-910535.685020219,14998.0,2212.621172311069,5126.870855437816,0.1,104.0,312.0,,,8840.0,538321.4398209708,1448857.1248411897,0.35,884.0,,,,,,,,,,,,0,
37,6,necessity,-361903.55043587193,15570.0,1606.9296711073753,6637.863516933207,0.1,105.0,708.0,,,8840.0,690337.8057610536,1052241.3561969255,0.35,884.0,,,,,,,,,,,,0,
38,6,necessity,-300782.11646588286,15746.0,2196.7864645662726,10835.297210895445,0.1,106.0,130.0,,,8840.0,1137706.2071440218,1438488.3236099046,0.35,884.0,,,,,,,,,,,,0,
39,6,necessity,-1322534.1285097199,16500.0,2455.833818510938,2694.172079185051,0.1,105.0,162.0,,,8840.0,285582.24039361544,1608116.3689033352,0.35,884.0,,,,,,,,,,,,0,
40,6,necessity,-824024.3228915841,17222.0,1865.9770250520403,3789.000748559733,0.1,106.0,413.0,,,8840.0,397845.07859877194,1221869.401490356,0.35,884.0,,,,,,,,,,,,0,
41,6,necessity,-832789.600060584,17693.0,2448.689420758896,7270.2689749669125,0.1,107.0,336.0,,,8840.0,770648.5113464927,1603438.1114070767,0.35,884.0,,,,,,,,,,,,0,
