data/saved_data/run_2025_05_06_2125_same_one_as_before_but_1000_more_households/firm_data.csv
Step,AgentID,FirmType,Profit,Inventory,ProductPrice,RevenuePerEmployee,ProductionLevel,NumEmployees,DemandReceived,InventoryDemandRatio,SellThroughRate,ProductionCapacity,Revenue,Costs,Markup,ProducedUnits,IncomeBracket,NumPeople,SpendRatio,PostTaxIncome,HouseholdExpense,HouseholdSavings,HealthLevel,Welfare,SkillLevel,SkillType,JobLevel,IsEmployed,Wage
4,7,necessity,-2770.6370780412108,3214.7000000000007,713.388983787551,5856.888439875979,0.1,70.0,3218.0,,,7697.0,404125.3023514426,406895.9394294838,0.35,770.0,,,,,,,,,,,,0,
7,7,necessity,-46995.255477163126,3031.7000000000007,1041.9886025156468,7818.9167204747755,0.1,71.0,799.0,,,7697.0,547324.1704332343,594319.4259103974,0.35,770.0,,,,,,,,,,,,0,
8,7,necessity,-215982.21352427057,3002.7000000000007,1838.333756523291,11726.040752253546,0.1,72.0,575.0,,,7697.0,832548.8934100018,1048531.1069342723,0.35,770.0,,,,,,,,,,,,0,
9,7,necessity,-164323.21713309083,3197.7000000000007,2141.3544408954845,14681.137638901282,0.1,73.0,639.0,,,7697.0,1057041.9100008924,1221365.1271339832,0.35,770.0,,,,,,,,,,,,0,
10,7,necessity,-95763.17785764788,3328.7000000000007,2566.9086960771506,18744.184763454996,0.1,74.0,22.0,,,7697.0,1368325.4877322146,1464088.6655898625,0.35,770.0,,,,,,,,,,,,0,
11,7,necessity,-1579771.464583345,4076.7000000000007,2868.738522847102,763.1350177526664,0.1,73.0,210.0,,,7697.0,56471.99131369731,1636243.4558970423,0.35,770.0,,,,,,,,,,,,0,
12,7,necessity,-579596.6850752761,4636.700000000001,2072.393368839458,8252.535476683444,0.1,74.0,342.0,,,7697.0,602435.0897978914,1182031.7748731675,0.35,770.0,,,,,,,,,,,,0,
13,7,necessity,-895988.1087753506,5064.700000000001,2813.51683431998,9577.818001933712,0.1,75.0,233.0,,,7697.0,708758.5321430947,1604746.6409184453,0.35,770.0,,,,,,,,,,,,0,
14,7,necessity,-1232468.9912392227,5601.700000000001,3310.1621494781016,8740.658965287404,0.1,74.0,146.0,,,7697.0,655549.4223965553,1888018.413635778,0.35,770.0,,,,,,,,,,,,0,
15,7,necessity,-982019.8737666971,6225.700000000001,2569.03868399758,6530.860457078417,0.1,73.0,455.0,,,7697.0,483283.67382380285,1465303.5475905,0.35,770.0,,,,,,,,,,,,0,
16,7,necessity,-53667.40791572211,6540.700000000001,2143.4844288159143,16012.501386560258,0.1,74.0,158.0,,,7697.0,1168912.6012188988,1222580.009134621,0.35,770.0,,,,,,,,,,,,0,
17,7,necessity,-1308157.0310004973,7152.700000000001,2887.295087830923,4576.628915579925,0.1,73.0,280.0,,,7697.0,338670.53975291445,1646827.5707534116,0.35,770.0,,,,,,,,,,,,0,
18,7,necessity,-414137.3845419624,7642.700000000001,2143.4844288159143,11074.556501269295,0.1,74.0,199.0,,,7697.0,808442.6245926585,1222580.009134621,0.35,770.0,,,,,,,,,,,,0,
19,7,necessity,-1178587.3423346286,8213.7,2814.2077936869305,5764.235153167121,0.1,73.0,477.0,,,7697.0,426553.40133436694,1605140.7436689956,0.35,770.0,,,,,,,,,,,,0,
20,7,necessity,119797.10845404491,8506.7,2143.4844288159143,18388.7276382009,0.1,74.0,358.0,,,7697.0,1342377.1175886658,1222580.009134621,0.35,770.0,,,,,,,,,,,,0,
21,7,necessity,-836883.7347038339,8918.7,2812.648134395142,10369.830074541856,0.1,73.0,405.0,,,7697.0,767367.4255160973,1604251.1602199313,0.35,770.0,,,,,,,,,,,,0,
22,7,necessity,-83457.51470458857,9283.7,2143.4844288159143,15604.41773191825,0.1,74.0,491.0,,,7697.0,1139122.4944300323,1222580.009134621,0.35,770.0,,,,,,,,,,,,0,
23,7,necessity,-545152.5192677143,9562.7,2800.992924481884,14222.30884525154,0.1,73.0,345.0,,,7697.0,1052450.854548614,1597603.3738163284,0.35,770.0,,,,,,,,,,,,0,
24,7,necessity,-256237.4501883709,9987.7,2143.4844288159143,13237.569300633562,0.1,72.0,586.0,,,7697.0,966342.55894625,1222580.009134621,0.35,770.0,,,,,,,,,,,,0,
25,7,necessity,276727.5335801635,10171.7,1717.0498176441552,17445.58160119619,0.1,73.0,519.0,,,7697.0,1256081.8752861258,979354.3417059623,0.35,770.0,,,,,,,,,,,,0,
26,7,necessity,-324688.65848074947,10422.7,2131.6631708438003,12207.518566538583,0.1,72.0,457.0,,,7697.0,891148.8553573166,1215837.513838066,0.35,770.0,,,,,,,,,,,,0,
27,7,necessity,-5184.272630345542,10735.7,1717.0498176441552,13530.139848272454,0.1,73.0,401.0,,,7697.0,974170.0690756168,979354.3417059623,0.35,770.0,,,,,,,,,,,,0,
28,7,necessity,-521793.5933411085,11104.7,2122.008139831366,9432.01338185351,0.1,72.0,257.0,,,7697.0,688536.9768753062,1210330.5702164148,0.35,770.0,,,,,,,,,,,,0,
29,7,necessity,-433998.24976930127,11617.7,1717.0498176441552,7574.390165786959,0.1,71.0,564.0,,,7697.0,545356.091936661,979354.3417059623,0.35,770.0,,,,,,,,,,,,0,
30,7,necessity,272333.52816267393,11823.7,1220.4045024860332,13639.663340159204,0.1,72.0,375.0,,,7697.0,968416.0971513035,696082.5689886296,0.35,770.0,,,,,,,,,,,,0,
31,7,necessity,-474322.0765903751,12218.7,1633.97997551504,6356.2734504480895,0.1,71.0,527.0,,,7697.0,457651.68843226245,931973.7650226376,0.35,770.0,,,,,,,,,,,,0,
32,7,necessity,165024.87810779642,12461.7,1220.4045024860332,12128.273902766565,0.1,72.0,1154.0,,,7697.0,861107.447096426,696082.5689886296,0.35,770.0,,,,,,,,,,,,0,
33,7,necessity,430252.341007699,12077.7,1714.8409251269563,19560.372164845587,0.1,73.0,184.0,,,7697.0,1408346.7958688822,978094.4548611832,0.35,770.0,,,,,,,,,,,,0,
34,7,necessity,-908576.4435199266,12663.7,2146.1619252042533,4322.338770183013,0.1,72.0,106.0,,,7697.0,315530.73022335995,1224107.1737432866,0.35,770.0,,,,,,,,,,,,0,
35,7,necessity,-750601.2907895324,13327.7,1714.8409251269563,3159.6272787729285,0.1,71.0,335.0,,,7697.0,227493.16407165086,978094.4548611832,0.35,770.0,,,,,,,,,,,,0,
36,7,necessity,-121610.8590710992,13762.7,1220.4045024860332,8091.150843908879,0.1,72.0,433.0,,,7697.0,574471.7099175304,696082.5689886296,0.35,770.0,,,,,,,,,,,,0,
37,7,necessity,-404140.61802623863,14099.7,1635.0354345825942,7339.377077450727,0.1,71.0,769.0,,,7697.0,528435.1495764523,932575.767602691,0.35,770.0,,,,,,,,,,,,0,
38,7,necessity,561259.6802053854,14100.7,1220.4045024860332,17709.045763295988,0.1,72.0,587.0,,,7697.0,1257342.249194015,696082.5689886296,0.35,770.0,,,,,,,,,,,,0,
39,7,necessity,-224999.84081259917,14283.7,1650.466664209869,9949.686707768074,0.1,71.0,328.0,,,7697.0,716377.4429593014,941377.2837719006,0.35,770.0,,,,,,,,,,,,0,
40,7,necessity,-154729.50312779262,14725.7,1220.4045024860332,7624.691068462493,0.1,70.0,540.0,,,7697.0,541353.065860837,696082.5689886296,0.35,770.0,,,,,,,,,,,,0,
41,7,necessity,124570.11403426062,14955.7,937.0197758818788,9414.54901917797,0.1,71.0,768.0,,,7697.0,659018.4313424579,534448.3173081973,0.35,770.0,,,,,,,,,,,,0,
4,8,necessity,-43201.05894807528,3706.7999999999993,1094.3395248948846,5898.418356732007,0.1,94.0,577.0,,,7298.0,548552.9071760767,591753.966124152,0.35,730.0,,,,,,,,,,,,0,
7,8,necessity,-234486.19775198656,4480.799999999999,2659.3244615064705,12536.655035446498,0.1,97.0,299.0,,,7298.0,1203518.8834028638,1438005.0811548503,0.35,730.0,,,,,,,,,,,,0,
8,8,necessity,-914094.5056169141,4911.799999999999,3160.909449738372,8197.29911330345,0.1,96.0,302.0,,,7298.0,795138.0139904347,1709232.5196073488,0.35,730.0,,,,,,,,,,,,0,
9,8,necessity,-323670.6170085381,5339.799999999999,2363.9152236382815,9943.694310635296,0.1,97.0,386.0,,,7298.0,954594.6538209884,1278265.2708295265,0.35,730.0,,,,,,,,,,,,0,
10,8,necessity,-805964.0785160116,5683.799999999999,3177.928391584378,9406.92037447811,0.1,96.0,72.0,,,7298.0,912471.2763243767,1718435.3548403883,0.35,730.0,,,,,,,,,,,,0,
11,8,necessity,-1049454.4266354511,6341.799999999999,2363.9152236382815,2383.4462936882833,0.1,95.0,241.0,,,7298.0,228810.8441940752,1278265.2708295265,0.35,730.0,,,,,,,,,,,,0,
12,8,necessity,-437334.26348020195,6830.799999999999,1862.33023540638,5996.879672598167,0.1,96.0,247.0,,,7298.0,569703.5688968259,1007037.8323770278,0.35,730.0,,,,,,,,,,,,0,
13,8,necessity,-824380.3236928976,7313.799999999999,2375.2156871321286,4791.620501514332,0.1,95.0,312.0,,,7298.0,459995.5681453759,1284375.8918382735,0.35,730.0,,,,,,,,,,,,0,
14,8,necessity,-265970.5379918037,7731.799999999999,1862.33023540638,7800.708361949727,0.1,96.0,400.0,,,7298.0,741067.2943852241,1007037.8323770278,0.35,730.0,,,,,,,,,,,,0,
15,8,necessity,-527215.4221860328,8061.799999999999,2352.601568106833,7759.70931419325,0.1,95.0,316.0,,,7298.0,744932.094162552,1272147.5163485848,0.35,730.0,,,,,,,,,,,,0,
16,8,necessity,-263615.7368552686,8475.8,1862.33023540638,7825.495742334308,0.1,96.0,570.0,,,7298.0,743422.0955217592,1007037.8323770278,0.35,730.0,,,,,,,,,,,,0,
17,8,necessity,-263875.7671692779,8635.8,2451.089588181706,11057.585772725382,0.1,97.0,337.0,,,7298.0,1061528.2341816367,1325404.0013509146,0.35,730.0,,,,,,,,,,,,0,
18,8,necessity,-933769.4000791005,9028.8,3254.399856158429,8515.641146569433,0.1,96.0,182.0,,,7298.0,826017.1912172349,1759786.5912963354,0.35,730.0,,,,,,,,,,,,0,
19,8,necessity,-733103.2275300805,9576.8,2451.089588181706,6169.799727300356,0.1,95.0,128.0,,,7298.0,592300.7738208341,1325404.0013509146,0.35,730.0,,,,,,,,,,,,0,
20,8,necessity,-693298.3650897695,10178.8,1862.33023540638,3302.52070828693,0.1,94.0,494.0,,,7298.0,313739.46728725836,1007037.8323770278,0.35,730.0,,,,,,,,,,,,0,
21,8,necessity,282581.83879530535,10414.8,1178.7706170412084,9787.139747773956,0.1,95.0,730.0,,,7298.0,919991.1362907517,637409.2974954464,0.35,730.0,,,,,,,,,,,,0,
22,8,necessity,-104860.8721100802,10414.8,1785.2611214485726,9057.921583579811,0.1,94.0,192.0,,,7298.0,860502.5504400821,965363.4225501623,0.35,730.0,,,,,,,,,,,,0,
23,8,necessity,-294639.16217732045,10952.8,1178.7706170412084,3646.490801256659,0.1,93.0,461.0,,,7298.0,342770.13531812595,637409.2974954464,0.35,730.0,,,,,,,,,,,,0,
24,8,necessity,107839.25881573389,11221.8,805.5135524778653,5843.153273720398,0.1,94.0,463.0,,,7298.0,543413.254455997,435573.99564026314,0.35,730.0,,,,,,,,,,,,0,
25,8,necessity,-379252.49930805014,11488.8,1391.0645460973878,3967.5827106090605,0.1,93.0,556.0,,,7298.0,372952.7747972517,752205.2741053018,0.35,730.0,,,,,,,,,,,,0,
26,8,necessity,337857.8919898845,11662.8,805.5135524778653,8316.471910001588,0.1,94.0,1214.0,,,7298.0,773431.8876301476,435573.99564026314,0.35,730.0,,,,,,,,,,,,0,
27,8,necessity,277165.9132629136,11178.8,1295.8659958290057,10403.121837320516,0.1,95.0,576.0,,,7298.0,977893.4527081285,700727.5394452149,0.35,730.0,,,,,,,,,,,,0,
28,8,necessity,-428465.6193766366,11332.8,2172.7314826607712,7857.040143131656,0.1,94.0,316.0,,,7298.0,746418.8135975073,1174884.432974144,0.35,730.0,,,,,,,,,,,,0,
29,8,necessity,-14144.390924411244,11746.8,1295.8659958290057,7304.076048093656,0.1,93.0,353.0,,,7298.0,686583.1485208037,700727.5394452149,0.35,730.0,,,,,,,,,,,,0,
30,8,necessity,21866.70088737586,12123.8,805.5135524778653,4918.71716696386,0.1,92.0,1106.0,,,7298.0,457440.696527639,435573.99564026314,0.35,730.0,,,,,,,,,,,,0,
31,8,necessity,668772.5577979485,11747.8,410.77990652971295,9683.673793918686,0.1,93.0,561.0,,,7298.0,890897.9890405191,222125.4312425706,0.35,730.0,,,,,,,,,,,,0,
32,8,necessity,-294201.27279935783,11916.8,970.2409308481786,2477.9304039050426,0.1,92.0,148.0,,,7298.0,230447.52756316896,524648.8003625268,0.35,730.0,,,,,,,,,,,,0,
33,8,necessity,-78529.77347704017,12498.8,410.77990652971295,1560.822367016635,0.1,91.0,1755.0,,,7298.0,143595.65776553043,222125.4312425706,0.35,730.0,,,,,,,,,,,,0,
34,8,necessity,-5789738.337571712,11473.8,12040.256215379559,7922.1839116444635,0.1,92.0,56.0,,,7298.0,720918.7359596462,6510657.0735313585,0.35,730.0,,,,,,,,,,,,0,
35,8,necessity,475631.2562997856,12147.8,367.3166760420102,7328.851609361471,0.1,91.0,2902.0,,,7298.0,674254.3480612553,198623.09176146972,0.35,730.0,,,,,,,,,,,,0,
36,8,necessity,-5444704.079657445,9975.8,12040.256215379559,11713.769163449599,0.1,92.0,82.0,,,7298.0,1065952.9938739135,6510657.0735313585,0.35,730.0,,,,,,,,,,,,0,
37,8,necessity,767285.6866417634,10623.8,406.87765160172444,10731.532713707868,0.1,91.0,2049.0,,,7298.0,987301.0096611239,220015.32301936037,0.35,730.0,,,,,,,,,,,,0,
38,8,necessity,-5676964.765399425,9304.8,12040.256215379559,9161.45393551575,0.1,90.0,38.0,,,7298.0,833692.3081319333,6510657.0735313585,0.35,730.0,,,,,,,,,,,,0,
39,8,necessity,-5981607.337346936,9996.8,11907.993201862111,5083.66373538248,0.1,89.0,47.0,,,7298.0,457529.7361844232,6439137.0735313585,0.35,730.0,,,,,,,,,,,,0,
40,8,necessity,-5807941.393043839,10679.8,11775.730188344663,6288.490791994598,0.1,90.0,63.0,,,7298.0,559675.6804875192,6367617.0735313585,0.35,730.0,,,,,,,,,,,,0,
41,8,necessity,538433.6772169059,11346.8,376.21970945160416,8243.011131841266,0.1,91.0,1455.0,,,7298.0,741871.0018657139,203437.32464880793,0.35,730.0,,,,,,,,,,,,0,
