data/saved_data/run_2025_05_06_2125_same_one_as_before_but_1000_more_households/firm_data.csv
Step,AgentID,FirmType,Profit,Inventory,ProductPrice,RevenuePerEmployee,ProductionLevel,NumEmployees,DemandReceived,InventoryDemandRatio,SellThroughRate,ProductionCapacity,Revenue,Costs,Markup,ProducedUnits,IncomeBracket,NumPeople,SpendRatio,PostTaxIncome,HouseholdExpense,HouseholdSavings,HealthLevel,Welfare,SkillLevel,SkillType,JobLevel,IsEmployed,Wage
4,16,necessity,-10698.451190316642,1862.0,1091.4579992333931,7022.5579527691325,0.1,75.0,711.0,,,6560.0,519669.28850491584,530367.7396952325,0.35,656.0,,,,,,,,,,,,0,
7,16,necessity,-34286.71213091968,3574.0,1492.710883707576,9214.13609706804,0.1,76.0,596.0,,,6560.0,691060.207280103,725346.9194110227,0.35,656.0,,,,,,,,,,,,0,
8,16,necessity,-303935.22398541414,3634.0,2456.3227545047284,11705.995877496252,0.1,77.0,233.0,,,6560.0,889655.6866897153,1193590.9106751294,0.35,656.0,,,,,,,,,,,,0,
9,16,necessity,-818172.3033812959,4057.0,2861.538001726637,7432.7688545402825,0.1,76.0,160.0,,,6560.0,572323.2017996018,1390495.5051808977,0.35,656.0,,,,,,,,,,,,0,
10,16,necessity,-464405.43364052905,4553.0,1897.9261309294843,6024.290529950815,0.1,75.0,333.0,,,6560.0,457846.0802762619,922251.513916791,0.35,656.0,,,,,,,,,,,,0,
11,16,necessity,49019.34952471568,4876.0,1199.750867532367,8426.79202132691,0.1,76.0,408.0,,,6560.0,632009.4015995183,582990.0520748026,0.35,656.0,,,,,,,,,,,,0,
12,16,necessity,-405998.5986349562,5124.0,1842.8672014499261,6440.76781517376,0.1,75.0,435.0,,,6560.0,489498.35395320575,895496.9525881619,0.35,656.0,,,,,,,,,,,,0,
13,16,necessity,218657.18055591534,5345.0,1199.750867532367,10688.629768409572,0.1,76.0,576.0,,,6560.0,801647.2326307179,582990.0520748026,0.35,656.0,,,,,,,,,,,,0,
14,16,necessity,-206717.00253696123,5425.0,1847.5521740404179,9092.848680245306,0.1,75.0,249.0,,,6560.0,691056.4996986433,897773.5022356046,0.35,656.0,,,,,,,,,,,,0,
15,16,necessity,-122949.56073873851,5832.0,1199.750867532367,6133.873217814187,0.1,74.0,504.0,,,6560.0,460040.49133606406,582990.0520748026,0.35,656.0,,,,,,,,,,,,0,
16,16,necessity,210786.255544301,5984.0,810.5930556000354,8171.276178869095,0.1,75.0,1101.0,,,6560.0,604674.437236313,393888.181692012,0.35,656.0,,,,,,,,,,,,0,
17,16,necessity,216754.24016608053,5539.0,1390.559089293209,11899.50605620852,0.1,76.0,629.0,,,6560.0,892462.954215639,675708.7140495585,0.35,656.0,,,,,,,,,,,,0,
18,16,necessity,-282038.0590995499,5566.0,2380.403396459325,11508.706146913531,0.1,75.0,348.0,,,6560.0,874661.6671654284,1156699.7262649783,0.35,656.0,,,,,,,,,,,,0,
19,16,necessity,152671.66791828664,5874.0,1390.559089293209,11045.071759571269,0.1,74.0,453.0,,,6560.0,828380.3819678451,675708.7140495585,0.35,656.0,,,,,,,,,,,,0,
20,16,necessity,236035.08575781167,6077.0,810.5930556000354,8512.47658715978,0.1,73.0,1632.0,,,6560.0,629923.2674498237,393888.181692012,0.35,656.0,,,,,,,,,,,,0,
21,16,necessity,1123978.864763036,5101.0,409.34017112585246,18121.751599167914,0.1,74.0,1902.0,,,6560.0,1322887.8667392577,198909.00197622177,0.35,656.0,,,,,,,,,,,,0,
22,16,necessity,253503.30643545266,3855.0,1080.5385558406279,10521.148722721235,0.1,73.0,692.0,,,6560.0,778565.0054813714,525061.6990459188,0.35,656.0,,,,,,,,,,,,0,
23,16,necessity,548823.6786654927,3819.0,409.34017112585246,10242.913433448144,0.1,72.0,1409.0,,,6560.0,747732.6806417145,198909.00197622177,0.35,656.0,,,,,,,,,,,,0,
24,16,necessity,-4820492.106354128,3066.0,11107.150516734697,8010.559737726751,0.1,71.0,57.0,,,6560.0,576760.3011163261,5397252.4074704535,0.35,656.0,,,,,,,,,,,,0,
25,16,necessity,-4689210.828016575,3665.0,10952.941827945382,8917.008161322223,0.1,72.0,44.0,,,6560.0,633107.5794538778,5322318.4074704535,0.35,656.0,,,,,,,,,,,,0,
26,16,necessity,283705.0341030025,4277.0,407.93132337343144,6693.4644504110665,0.1,71.0,989.0,,,6560.0,481929.4404295968,198224.40632659433,0.35,656.0,,,,,,,,,,,,0,
27,16,necessity,-4918874.32865413,3944.0,10952.941827945382,5682.310969243996,0.1,70.0,56.0,,,6560.0,403444.0788163237,5322318.4074704535,0.35,656.0,,,,,,,,,,,,0,
28,16,necessity,-4634019.665105512,4544.0,10798.733139156066,8762.353462356306,0.1,71.0,142.0,,,6560.0,613364.7423649414,5247384.4074704535,0.35,656.0,,,,,,,,,,,,0,
29,16,necessity,1339184.9244001082,5058.0,399.721790299314,21597.46627831213,0.1,72.0,1225.0,,,6560.0,1533420.1057601613,194235.18136005316,0.35,656.0,,,,,,,,,,,,0,
30,16,necessity,-29107.98553284764,4489.0,1067.5848934592227,6800.822126620274,0.1,71.0,756.0,,,6560.0,489659.1931166597,518767.17864950735,0.35,656.0,,,,,,,,,,,,0,
31,16,necessity,612858.9980951193,4389.0,399.721790299314,11367.523654298202,0.1,72.0,2091.0,,,6560.0,807094.1794551724,194235.18136005316,0.35,656.0,,,,,,,,,,,,0,
32,16,necessity,348748.87611535296,2954.0,1002.3531585188096,11608.586993275912,0.1,73.0,689.0,,,6560.0,835818.2635158657,487069.3874005127,0.35,656.0,,,,,,,,,,,,0,
33,16,necessity,-34219.377392152324,2921.0,1491.6691286341575,9460.56611259534,0.1,72.0,404.0,,,6560.0,690621.3262194598,724840.7036116121,0.35,656.0,,,,,,,,,,,,0,
34,16,necessity,170627.8303970471,3173.0,889.0377604146618,8369.92122178055,0.1,71.0,388.0,,,6560.0,602634.3279681996,432006.4975711525,0.35,656.0,,,,,,,,,,,,0,
35,16,necessity,105170.92735933588,3441.0,493.4408940192919,4858.403535787165,0.1,70.0,1402.0,,,6560.0,344946.65104088874,239775.72368155286,0.35,656.0,,,,,,,,,,,,0,
36,16,necessity,-4555580.274055406,2695.0,10798.733139156066,9882.916191643531,0.1,71.0,82.0,,,6560.0,691804.1334150472,5247384.4074704535,0.35,656.0,,,,,,,,,,,,0,
37,16,necessity,648536.3695483194,3269.0,487.64582183948096,12471.776301560527,0.1,72.0,1832.0,,,6560.0,885496.1174107974,236959.74786247802,0.35,656.0,,,,,,,,,,,,0,
38,16,necessity,313260.66715195694,2093.0,1193.8166840311674,12407.877022360126,0.1,71.0,755.0,,,6560.0,893367.1456099291,580106.4784579722,0.35,656.0,,,,,,,,,,,,0,
39,16,necessity,664371.8485810533,1994.0,487.64582183948096,12694.811217514525,0.1,72.0,2304.0,,,6560.0,901331.5964435313,236959.74786247802,0.35,656.0,,,,,,,,,,,,0,
4,17,necessity,-1702.0008212487446,1799.7999999999993,1070.9237840907347,14931.507883626067,0.1,30.0,641.0,,,5478.0,433013.7286251559,434715.7294464047,0.35,548.0,,,,,,,,,,,,0,
7,17,necessity,-212231.44732573762,3092.7999999999993,1651.8708606384973,15276.858750420282,0.1,31.0,380.0,,,5478.0,458305.7625126085,670537.2098383461,0.35,548.0,,,,,,,,,,,,0,
8,17,necessity,-309015.1121257023,3260.7999999999993,2307.628011988357,20248.73958202029,0.1,32.0,186.0,,,5478.0,627710.927042629,936726.0391683313,0.35,548.0,,,,,,,,,,,,0,
9,17,necessity,-921802.5198468259,3622.7999999999993,3328.2459713051926,13413.087819682323,0.1,31.0,206.0,,,5478.0,429218.81022983434,1351021.3300766603,0.35,548.0,,,,,,,,,,,,0,
10,17,necessity,-251107.36907946167,3964.7999999999993,2307.628011988357,22116.731293189343,0.1,32.0,421.0,,,5478.0,685618.6700888696,936726.0391683313,0.35,548.0,,,,,,,,,,,,0,
11,17,necessity,-365017.8877733307,4091.7999999999993,3292.544755136924,30359.73103272182,0.1,33.0,181.0,,,5478.0,971511.3930470982,1336529.2808204289,0.35,548.0,,,,,,,,,,,,0,
12,17,necessity,-924794.462083677,4458.799999999999,3746.361005445822,18059.109111508584,0.1,32.0,105.0,,,5478.0,595950.6006797833,1520745.0627634602,0.35,548.0,,,,,,,,,,,,0,
13,17,necessity,-727573.9155395511,4901.799999999999,2761.4442622972538,12292.747049119103,0.1,31.0,163.0,,,5478.0,393367.9055718113,1120941.8211113624,0.35,548.0,,,,,,,,,,,,0,
14,17,necessity,-404637.5770269251,5286.799999999999,2105.687110947395,14519.852088853302,0.1,32.0,258.0,,,5478.0,450115.41475445236,854752.9917813775,0.35,548.0,,,,,,,,,,,,0,
15,17,necessity,-552906.0362107564,5576.799999999999,2700.426946947212,16977.10233201337,0.1,33.0,53.0,,,5478.0,543267.2746244279,1096173.3108351843,0.35,548.0,,,,,,,,,,,,0,
16,17,necessity,-1382757.601114751,6071.799999999999,3759.0115069342614,4337.049339036432,0.1,32.0,220.0,,,5478.0,143122.62818820224,1525880.2293029532,0.35,548.0,,,,,,,,,,,,0,
17,17,necessity,-269190.7793096468,6399.799999999999,2700.426946947212,25843.204110173047,0.1,33.0,84.0,,,5478.0,826982.5315255375,1096173.3108351843,0.35,548.0,,,,,,,,,,,,0,
18,17,necessity,-1288466.3605842448,6863.799999999999,3732.952552626993,6873.814046774721,0.1,32.0,90.0,,,5478.0,226835.8635435658,1515302.2241278107,0.35,548.0,,,,,,,,,,,,0,
19,17,necessity,-760207.5810987549,7321.799999999999,2700.426946947212,10498.929054263419,0.1,33.0,370.0,,,5478.0,335965.7297364294,1096173.3108351843,0.35,548.0,,,,,,,,,,,,0,
20,17,necessity,-508583.04103043536,7499.799999999999,3714.3254775125815,30277.51425365056,0.1,34.0,92.0,,,5478.0,999157.9703704685,1507741.0114009038,0.35,548.0,,,,,,,,,,,,0,
21,17,necessity,-1404710.7342009814,7955.799999999999,4302.333414554843,10050.527762681104,0.1,33.0,198.0,,,5478.0,341717.9439311575,1746428.678132139,0.35,548.0,,,,,,,,,,,,0,
22,17,necessity,-482998.96148456016,8305.8,3288.4348839894733,25814.00048732906,0.1,34.0,86.0,,,5478.0,851862.016081859,1334860.9775664192,0.35,548.0,,,,,,,,,,,,0,
23,17,necessity,-1468599.63529059,8767.8,4314.592688611098,8317.805883032197,0.1,33.0,105.0,,,5478.0,282805.4000230947,1751405.0353136847,0.35,548.0,,,,,,,,,,,,0,
24,17,necessity,-881828.7452622538,9210.8,3288.4348839894733,13728.249463762586,0.1,34.0,121.0,,,5478.0,453032.2323041653,1334860.9775664192,0.35,548.0,,,,,,,,,,,,0,
25,17,necessity,-1327309.958049875,9637.8,4250.062550030929,11702.959440080183,0.1,33.0,59.0,,,5478.0,397900.62096272624,1725210.5790126012,0.35,548.0,,,,,,,,,,,,0,
26,17,necessity,-1084107.2871145944,10126.8,3288.4348839894733,7598.596680358328,0.1,32.0,137.0,,,5478.0,250753.6904518248,1334860.9775664192,0.35,548.0,,,,,,,,,,,,0,
27,17,necessity,-645657.7317286264,10537.8,2700.426946947212,14078.611847079932,0.1,33.0,233.0,,,5478.0,450515.5791065578,1096173.3108351843,0.35,548.0,,,,,,,,,,,,0,
28,17,necessity,-892013.6390724011,10852.8,3747.5140605154616,19066.650867839402,0.1,34.0,175.0,,,5478.0,629199.4786387003,1521213.1177111014,0.35,548.0,,,,,,,,,,,,0,
29,17,necessity,-1130037.1815547077,11225.8,4399.4532618543435,19288.67531147664,0.1,35.0,224.0,,,5478.0,655814.9605902057,1785852.1421449136,0.35,548.0,,,,,,,,,,,,0,
30,17,necessity,-960583.2619965472,11549.8,4794.1278563612495,28156.500875867798,0.1,36.0,168.0,,,5478.0,985477.5306553729,1946060.79265192,0.35,548.0,,,,,,,,,,,,0,
31,17,necessity,-1399069.3905873825,11929.8,5430.751587016325,22372.596663019165,0.1,35.0,87.0,,,5478.0,805413.4798686899,2204482.8704560725,0.35,548.0,,,,,,,,,,,,0,
32,17,necessity,-1306967.6755097348,12390.8,4383.664473448075,13499.296802012008,0.1,34.0,116.0,,,5478.0,472475.3880704203,1779443.0635801551,0.35,548.0,,,,,,,,,,,,0,
33,17,necessity,-1029517.6656063714,12822.8,3788.924637448258,14956.031732940492,0.1,35.0,82.0,,,5478.0,508505.0789199767,1538022.744526348,0.35,548.0,,,,,,,,,,,,0,
34,17,necessity,-1621611.1716093132,13288.8,4760.235464010693,8876.909150593063,0.1,34.0,66.0,,,5478.0,310691.8202707572,1932302.9918800704,0.35,548.0,,,,,,,,,,,,0,
35,17,necessity,-1223847.2039016425,13770.8,3788.924637448258,9240.457077197227,0.1,35.0,193.0,,,5478.0,314175.5406247057,1538022.744526348,0.35,548.0,,,,,,,,,,,,0,
36,17,necessity,-1199693.75633167,14125.8,4756.917665288286,20893.21300078611,0.1,36.0,150.0,,,5478.0,731262.4550275138,1930956.211359184,0.35,548.0,,,,,,,,,,,,0,
37,17,necessity,-1453389.47774472,14523.8,5338.232877441637,19820.490272034527,0.1,35.0,90.0,,,5478.0,713537.6497932429,2166927.127537963,0.35,548.0,,,,,,,,,,,,0,
38,17,necessity,-1293552.7017353792,14981.8,4370.239849601608,13726.884541992782,0.1,34.0,115.0,,,5478.0,480440.95896974736,1773993.6607051266,0.35,548.0,,,,,,,,,,,,0,
39,17,necessity,-1035445.1618221633,15414.8,3788.924637448258,14781.693608946614,0.1,35.0,90.0,,,5478.0,502577.58270418487,1538022.744526348,0.35,548.0,,,,,,,,,,,,0,
40,17,necessity,-1606596.8637281572,15872.8,4797.919899060321,9742.949067724092,0.1,34.0,66.0,,,5478.0,341003.2173703432,1947600.0810985004,0.35,548.0,,,,,,,,,,,,0,
41,17,necessity,-1221360.031188367,16354.8,3788.924637448258,9313.609215822977,0.1,33.0,134.0,,,5478.0,316662.7133379812,1538022.744526348,0.35,548.0,,,,,,,,,,,,0,
4,18,necessity,82488.3048676367,0.0,1092.3859460468568,13775.500747237018,0.1,40.0,553.0,,,5617.0,537244.5291422437,454756.22427460697,0.35,562.0,,,,,,,,,,,,0,
13,18,necessity,-866260.3784533457,5375.0,2495.3561478979123,4108.265373932377,0.1,41.0,217.0,,,5617.0,172547.1457051598,1038807.5241585056,0.35,562.0,,,,,,,,,,,,0,
14,18,necessity,-276296.95451843855,5720.0,1964.4403383668061,13207.12888033773,0.1,42.0,219.0,,,5617.0,541492.2840938469,817789.2386122855,0.35,562.0,,,,,,,,,,,,0,
15,18,necessity,-647241.7011890346,6063.0,2588.1905339059654,10243.153192912632,0.1,41.0,319.0,,,5617.0,430212.43410233053,1077454.1352913652,0.35,562.0,,,,,,,,,,,,0,
16,18,necessity,7843.541703717434,6306.0,1964.4403383668061,20137.384885756168,0.1,42.0,277.0,,,5617.0,825632.7803160029,817789.2386122855,0.35,562.0,,,,,,,,,,,,0,
17,18,necessity,-499693.16928225197,6591.0,2507.452385330703,12955.951755419173,0.1,41.0,159.0,,,5617.0,544149.9737276053,1043843.1430098573,0.35,562.0,,,,,,,,,,,,0,
18,18,necessity,-419104.30934470374,6994.0,1964.4403383668061,9724.022665062968,0.1,40.0,101.0,,,5617.0,398684.9292675817,817789.2386122855,0.35,562.0,,,,,,,,,,,,0,
19,18,necessity,-333707.02129747224,7455.0,1278.2133765296944,4960.211854376185,0.1,39.0,448.0,,,5617.0,198408.47417504742,532115.4954725197,0.35,562.0,,,,,,,,,,,,0,
20,18,necessity,207874.77854623104,7569.0,876.214409629062,14683.066479110335,0.1,40.0,590.0,,,5617.0,572639.5926853031,364764.814139072,0.35,562.0,,,,,,,,,,,,0,
21,18,necessity,-96068.83621849352,7541.0,1472.5937805906058,12924.162542028664,0.1,39.0,391.0,,,5617.0,516966.50168114656,613035.3378996401,0.35,562.0,,,,,,,,,,,,0,
22,18,necessity,211019.3540718548,7712.0,876.214409629062,14763.696620792995,0.1,40.0,293.0,,,5617.0,575784.1682109268,364764.814139072,0.35,562.0,,,,,,,,,,,,0,
23,18,necessity,-382054.07339621696,7981.0,1534.4476997850902,6418.270550532879,0.1,39.0,692.0,,,5617.0,256730.82202131514,638784.8954175321,0.35,562.0,,,,,,,,,,,,0,
24,18,necessity,697072.9941122103,7851.0,876.214409629062,27226.6104679816,0.1,40.0,1081.0,,,5617.0,1061837.8082512824,364764.814139072,0.35,562.0,,,,,,,,,,,,0,
25,18,necessity,337389.9479313125,7332.0,1464.8168461211442,23679.6944202254,0.1,39.0,665.0,,,5617.0,947187.776809016,609797.8288777035,0.35,562.0,,,,,,,,,,,,0,
26,18,necessity,609338.3885314888,7229.0,876.214409629062,24977.00519668105,0.1,40.0,785.0,,,5617.0,974103.2026705609,364764.814139072,0.35,562.0,,,,,,,,,,,,0,
27,18,necessity,53845.48344313551,7006.0,1522.912484756678,17195.707788970343,0.1,39.0,506.0,,,5617.0,687828.3115588137,633982.8281156782,0.35,562.0,,,,,,,,,,,,0,
28,18,necessity,405828.90314780705,7062.0,876.214409629062,19758.81326376613,0.1,40.0,784.0,,,5617.0,770593.7172868791,364764.814139072,0.35,562.0,,,,,,,,,,,,0,
29,18,necessity,64595.08955428423,6840.0,1494.9856917404443,17173.802428729614,0.1,39.0,115.0,,,5617.0,686952.0971491846,622357.0075949003,0.35,562.0,,,,,,,,,,,,0,
30,18,necessity,-192841.45958892093,7287.0,876.214409629062,4408.291142311567,0.1,38.0,392.0,,,5617.0,171923.3545501511,364764.814139072,0.35,562.0,,,,,,,,,,,,0,
31,18,necessity,150373.46497779043,7457.0,463.85851849079,9038.843383541902,0.1,39.0,434.0,,,5617.0,343476.0485745923,193102.58359680185,0.35,562.0,,,,,,,,,,,,0,
32,18,necessity,-250272.2224895863,7585.0,1084.7726072240619,5161.912744230843,0.1,38.0,718.0,,,5617.0,201314.59702500285,451586.81951458915,0.35,562.0,,,,,,,,,,,,0,
33,18,necessity,585764.1483900746,7429.0,463.85851849079,20496.492947023064,0.1,39.0,1179.0,,,5617.0,778866.7319868765,193102.58359680185,0.35,562.0,,,,,,,,,,,,0,
34,18,necessity,58880.67278285971,6812.0,1172.2624582326384,14022.799828221574,0.1,38.0,539.0,,,5617.0,546889.1933006414,488008.52051778167,0.35,562.0,,,,,,,,,,,,0,
35,18,necessity,438746.8813905902,6835.0,463.85851849079,16627.617499668213,0.1,39.0,497.0,,,5617.0,631849.4649873921,193102.58359680185,0.35,562.0,,,,,,,,,,,,0,
36,18,necessity,-230025.75883026782,6900.0,1106.3356695656964,5911.222658715965,0.1,38.0,584.0,,,5617.0,230537.68368992262,460563.44252019044,0.35,562.0,,,,,,,,,,,,0,
37,18,necessity,452997.4474295649,6878.0,463.85851849079,17002.632395430704,0.1,39.0,2049.0,,,5617.0,646100.0310263667,193102.58359680185,0.35,562.0,,,,,,,,,,,,0,
38,18,necessity,533923.9046758325,5391.0,1000.5426487729221,24370.41293301612,0.1,40.0,602.0,,,5617.0,950446.1043876287,416522.1997117962,0.35,562.0,,,,,,,,,,,,0,
39,18,necessity,32794.026174105355,5351.0,1368.0944376416676,15058.166864032479,0.1,39.0,861.0,,,5617.0,602326.6745612992,569532.6483871938,0.35,562.0,,,,,,,,,,,,0,
40,18,necessity,831816.2785372763,5052.0,831.4103073595358,30203.31566178143,0.1,40.0,1106.0,,,5617.0,1177929.3108094758,346113.0322721995,0.35,562.0,,,,,,,,,,,,0,
41,18,necessity,342231.3374190759,4508.0,1386.7729946903867,22988.494998491162,0.1,39.0,539.0,,,5617.0,919539.7999396465,577308.4625205706,0.35,562.0,,,,,,,,,,,,0,
