data/saved_data/run_2025_05_06_2125_same_one_as_before_but_1000_more_households/firm_data.csv
Step,AgentID,FirmType,Profit,Inventory,ProductPrice,RevenuePerEmployee,ProductionLevel,NumEmployees,DemandReceived,InventoryDemandRatio,SellThroughRate,ProductionCapacity,Revenue,Costs,Markup,ProducedUnits,IncomeBracket,NumPeople,SpendRatio,PostTaxIncome,HouseholdExpense,HouseholdSavings,HealthLevel,Welfare,SkillLevel,SkillType,JobLevel,IsEmployed,Wage
4,19,necessity,26887.21132529457,672.8999999999996,1474.9747171581187,15391.053683779099,0.1,31.0,97.0,,,3979.0,461731.610513373,434844.3991880784,0.35,398.0,,,,,,,,,,,,0,
7,19,necessity,-128964.26256300486,1257.8999999999996,2001.1030108663836,14870.662983652737,0.1,32.0,114.0,,,3979.0,460990.55249323486,589954.8150562397,0.35,398.0,,,,,,,,,,,,0,
8,19,necessity,-633189.0077147381,1541.8999999999996,2921.5450021750953,7128.929476211491,0.1,31.0,277.0,,,3979.0,228125.74323876773,861314.7509535059,0.35,398.0,,,,,,,,,,,,0,
9,19,necessity,197094.72764959303,1662.8999999999996,2076.4670079395964,26105.41824524198,0.1,32.0,255.0,,,3979.0,809267.9656025014,612173.2379529084,0.35,398.0,,,,,,,,,,,,0,
10,19,necessity,-324859.9996993508,1805.8999999999996,2897.9516687924074,16546.84646951866,0.1,31.0,173.0,,,3979.0,529499.0870245971,854359.0867239479,0.35,398.0,,,,,,,,,,,,0,
11,19,necessity,-110827.59925182193,2030.8999999999996,2076.4670079395964,16172.439958099563,0.1,30.0,495.0,,,3979.0,501345.63870108646,612173.2379529084,0.35,398.0,,,,,,,,,,,,0,
12,19,necessity,687037.866874458,1933.8999999999996,1156.0250166308847,34261.705631003344,0.1,31.0,618.0,,,3979.0,1027851.1689301003,340813.3020556423,0.35,398.0,,,,,,,,,,,,0,
13,19,necessity,153501.63032337558,1713.8999999999996,1902.624292803934,23045.918073480218,0.1,30.0,360.0,,,3979.0,714423.4602778867,560921.8299545111,0.35,398.0,,,,,,,,,,,,0,
14,19,necessity,344131.44335377397,1751.8999999999996,1156.0250166308847,22831.49151364721,0.1,29.0,346.0,,,3979.0,684944.7454094163,340813.3020556423,0.35,398.0,,,,,,,,,,,,0,
15,19,necessity,228131.25714379337,1803.8999999999996,582.9198179428276,13792.574336354694,0.1,28.0,495.0,,,3979.0,399984.6557542861,171853.39861049273,0.35,398.0,,,,,,,,,,,,0,
16,19,necessity,-1396551.160671187,1706.8999999999996,5715.779471182458,10305.189638632131,0.1,27.0,65.0,,,3979.0,288545.3098816997,1685096.4705528868,0.35,398.0,,,,,,,,,,,,0,
17,19,necessity,-1253436.804926027,2039.8999999999996,5511.807361142186,13760.209838031842,0.1,28.0,160.0,,,3979.0,371525.66562685976,1624962.4705528868,0.35,398.0,,,,,,,,,,,,0,
18,19,necessity,731516.2409618229,2277.8999999999996,510.0589552718401,31496.042063669633,0.1,29.0,792.0,,,3979.0,881889.1777827498,150372.9368209269,0.35,398.0,,,,,,,,,,,,0,
19,19,necessity,13385.194134063378,1883.8999999999996,1324.8367376151486,13929.885950872324,0.1,28.0,173.0,,,3979.0,403966.6925752974,390581.498441234,0.35,398.0,,,,,,,,,,,,0,
20,19,necessity,78823.81878649382,2108.8999999999996,510.0589552718401,8185.59841455074,0.1,27.0,607.0,,,3979.0,229196.75560742072,150372.9368209269,0.35,398.0,,,,,,,,,,,,0,
21,19,necessity,-1315356.68470288,1899.8999999999996,5511.807361142186,11466.880957407664,0.1,28.0,46.0,,,3979.0,309605.7858500069,1624962.4705528868,0.35,398.0,,,,,,,,,,,,0,
22,19,necessity,98475.6730376728,2251.8999999999996,525.9826080404243,9055.11209330502,0.1,27.0,984.0,,,3979.0,253543.13861254056,155067.46557486776,0.35,398.0,,,,,,,,,,,,0,
23,19,necessity,-1107395.5842411092,1665.8999999999996,5511.807361142186,19169.143937473244,0.1,28.0,142.0,,,3979.0,517566.8863117776,1624962.4705528868,0.35,398.0,,,,,,,,,,,,0,
24,19,necessity,623269.1509736184,1921.8999999999996,540.7038109946443,27952.7373315068,0.1,29.0,1362.0,,,3979.0,782676.6452821904,159407.49430857203,0.35,398.0,,,,,,,,,,,,0,
25,19,necessity,336580.57622618455,957.8999999999996,1356.3023065683442,25394.434157748467,0.1,28.0,212.0,,,3979.0,736438.5905747055,399858.01434852096,0.35,398.0,,,,,,,,,,,,0,
26,19,necessity,128128.59468391695,1143.8999999999996,540.7038109946443,10269.146035446034,0.1,27.0,1546.0,,,3979.0,287536.088992489,159407.49430857203,0.35,398.0,,,,,,,,,,,,0,
4,20,necessity,54322.24317897041,0.0,1469.6678062336548,12619.401968445105,0.1,38.0,390.0,,,3792.0,466917.8728324689,412595.6296534985,0.35,379.0,,,,,,,,,,,,0,
7,20,necessity,-187597.8323185863,1996.0,2106.8611456498365,10628.524418675586,0.1,37.0,230.0,,,3792.0,403883.92790967226,591481.7602282586,0.35,379.0,,,,,,,,,,,,0,
8,20,necessity,157106.5365261393,2145.0,1166.455304083195,13096.704418904388,0.1,38.0,222.0,,,3792.0,484578.0634994624,327471.5269733231,0.35,379.0,,,,,,,,,,,,0,
9,20,necessity,-345209.4353850083,2302.0,2152.0300534339435,6814.554671222875,0.1,37.0,200.0,,,3792.0,258953.07750646927,604162.5128914776,0.35,379.0,,,,,,,,,,,,0,
10,20,necessity,102934.48371346563,2481.0,1166.455304083195,11632.594883426722,0.1,38.0,345.0,,,3792.0,430406.0106867887,327471.5269733231,0.35,379.0,,,,,,,,,,,,0,
11,20,necessity,-185841.63631437428,2515.0,2095.416265978198,10590.186313386903,0.1,37.0,203.0,,,3792.0,402427.0799087023,588268.7162230766,0.35,379.0,,,,,,,,,,,,0,
12,20,necessity,97897.97502025118,2691.0,1166.455304083195,11496.473026853359,0.1,38.0,393.0,,,3792.0,425369.50199357426,327471.5269733231,0.35,379.0,,,,,,,,,,,,0,
13,20,necessity,-139985.50727781368,2677.0,2131.5126498017808,12063.603539597254,0.1,39.0,214.0,,,3792.0,458416.93450469564,598402.4417825093,0.35,379.0,,,,,,,,,,,,0,
14,20,necessity,-365027.08781755023,2842.0,2925.014696982619,11695.992488655926,0.1,38.0,193.0,,,3792.0,456143.7070575811,821170.7948751313,0.35,379.0,,,,,,,,,,,,0,
15,20,necessity,-33874.605264863814,3028.0,2131.5126498017808,14855.995697832777,0.1,39.0,349.0,,,3792.0,564527.8365176455,598402.4417825093,0.35,379.0,,,,,,,,,,,,0,
16,20,necessity,-93183.82421811589,3058.0,2981.6895637648445,19074.30550720055,0.1,40.0,239.0,,,3792.0,743897.9147808215,837081.7389989374,0.35,379.0,,,,,,,,,,,,0,
17,20,necessity,-500903.9908637409,3198.0,4322.592403937164,17815.595143494946,0.1,39.0,26.0,,,3792.0,712623.8057397979,1213527.7966035388,0.35,379.0,,,,,,,,,,,,0,
18,20,necessity,-724694.3364965712,3551.0,2981.6895637648445,2881.7282692914423,0.1,38.0,239.0,,,3792.0,112387.40250236625,837081.7389989374,0.35,379.0,,,,,,,,,,,,0,
19,20,necessity,114221.36395728856,3691.0,2131.5126498017808,18753.258045784154,0.1,39.0,335.0,,,3792.0,712623.8057397979,598402.4417825093,0.35,379.0,,,,,,,,,,,,0,
20,20,necessity,-166238.5903067286,3735.0,3135.616595386075,18309.14712009222,0.1,38.0,154.0,,,3792.0,714056.7376835966,880295.3279903252,0.35,379.0,,,,,,,,,,,,0,
21,20,necessity,-126479.45749168348,3960.0,2170.5592496674894,12707.498833933041,0.1,37.0,327.0,,,3792.0,482884.95568945556,609364.413181139,0.35,379.0,,,,,,,,,,,,0,
22,20,necessity,382301.347667946,4012.0,1166.455304083195,19183.050665980245,0.1,38.0,641.0,,,3792.0,709772.8746412691,327471.5269733231,0.35,379.0,,,,,,,,,,,,0,
23,20,necessity,186623.3304271741,3750.0,1998.5503939661146,19676.259208350737,0.1,39.0,258.0,,,3792.0,747697.849917328,561074.5194901539,0.35,379.0,,,,,,,,,,,,0,
24,20,necessity,-275334.38372490346,3871.0,2817.4050591810355,13221.179529314297,0.1,38.0,282.0,,,3792.0,515626.00164325756,790960.385368161,0.35,379.0,,,,,,,,,,,,0,
25,20,necessity,233433.7071988982,3968.0,1998.5503939661146,20908.111228659265,0.1,39.0,345.0,,,3792.0,794508.2266890521,561074.5194901539,0.35,379.0,,,,,,,,,,,,0,
26,20,necessity,-127967.22313306201,4002.0,2911.82214856868,17679.48425431563,0.1,38.0,185.0,,,3792.0,689499.8859183096,817467.1090513716,0.35,379.0,,,,,,,,,,,,0,
27,20,necessity,-45177.01904933504,4196.0,2079.7270586857603,14175.976249610678,0.1,37.0,246.0,,,3792.0,538687.0974852057,583864.1165345408,0.35,379.0,,,,,,,,,,,,0,
28,20,necessity,184141.32946337393,4329.0,1166.455304083195,13827.374498289108,0.1,36.0,319.0,,,3792.0,511612.856436697,327471.5269733231,0.35,379.0,,,,,,,,,,,,0,
29,20,necessity,191918.50714919466,4389.0,641.804726676017,10336.09005562609,0.1,35.0,671.0,,,3792.0,372099.2420025392,180180.73485334456,0.35,379.0,,,,,,,,,,,,0,
30,20,necessity,-1629798.632678977,4097.0,7339.332344160309,12304.313474274499,0.1,36.0,134.0,,,3792.0,430650.97159960744,2060449.6042785845,0.35,379.0,,,,,,,,,,,,0,
31,20,necessity,828278.1725475151,4342.0,552.7960094107085,27318.625947707817,0.1,37.0,833.0,,,3792.0,983470.5341174814,155192.3615699663,0.35,379.0,,,,,,,,,,,,0,
32,20,necessity,58762.012776484946,3888.0,1430.9182947325576,12445.380428084329,0.1,36.0,580.0,,,3792.0,460479.0758391202,401717.06306263525,0.35,379.0,,,,,,,,,,,,0,
33,20,necessity,674740.2493749171,3687.0,552.7960094107085,23053.683637357874,0.1,37.0,988.0,,,3792.0,829932.6109448834,155192.3615699663,0.35,379.0,,,,,,,,,,,,0,
34,20,necessity,154157.97036812326,3078.0,1396.322047384471,14761.147494534594,0.1,36.0,329.0,,,3792.0,546162.45729778,392004.4869296567,0.35,379.0,,,,,,,,,,,,0,
35,20,necessity,304197.59201952466,3128.0,552.7960094107085,12760.832044152527,0.1,35.0,2085.0,,,3792.0,459389.95358949096,155192.3615699663,0.35,379.0,,,,,,,,,,,,0,
36,20,necessity,-907869.9246572573,1422.0,7339.332344160309,32930.84798918078,0.1,36.0,104.0,,,3792.0,1152579.6796213272,2060449.6042785845,0.35,379.0,,,,,,,,,,,,0,
37,20,necessity,614461.3277888267,1697.0,530.1305226254904,21202.51566090756,0.1,35.0,1087.0,,,3792.0,763290.5637926721,148829.23600384544,0.35,379.0,,,,,,,,,,,,0,
38,20,necessity,-1484197.7261846764,989.0,7339.332344160309,16464.33937411166,0.1,34.0,90.0,,,3792.0,576251.8780939081,2060449.6042785845,0.35,379.0,,,,,,,,,,,,0,
39,20,necessity,-1341076.6933041567,1278.0,7129.768888248867,19427.64444042435,0.1,35.0,76.0,,,3792.0,660539.9109744278,2001616.6042785845,0.35,379.0,,,,,,,,,,,,0,
40,20,necessity,386782.9443856664,1581.0,552.3939642778107,15481.783871626112,0.1,34.0,939.0,,,3792.0,541862.4355069139,155079.49112124756,0.35,379.0,,,,,,,,,,,,0,
41,20,necessity,-1482918.6718217202,1021.0,7129.768888248867,15255.82154284895,0.1,33.0,112.0,,,3792.0,518697.9324568643,2001616.6042785845,0.35,379.0,,,,,,,,,,,,0,
4,22,necessity,-83715.90617705038,3248.0,1018.7009981333039,7216.714453945465,0.1,49.0,1485.0,,,5700.0,346402.2937893823,430118.1999664327,0.35,570.0,,,,,,,,,,,,0,
5,22,necessity,917976.9680006115,2333.0,1408.7226628038468,30872.877188325638,0.1,50.0,406.0,,,5700.0,1512770.9822279562,594794.0142273447,0.35,570.0,,,,,,,,,,,,0,
6,22,necessity,-269234.16881282476,2497.0,1992.2579252418316,11438.828021967236,0.1,49.0,128.0,,,5700.0,571941.4010983618,841175.5699111866,0.35,570.0,,,,,,,,,,,,0,
7,22,necessity,-339784.9997963902,2939.0,1408.7226628038468,5204.265600631723,0.1,48.0,326.0,,,5700.0,255009.01443095444,594794.0142273447,0.35,570.0,,,,,,,,,,,,0,
8,22,necessity,123825.59008006414,3183.0,794.4110464867988,9567.574751542792,0.1,49.0,397.0,,,5700.0,459243.58807405405,335417.9979939899,0.35,570.0,,,,,,,,,,,,0,
9,22,necessity,-272051.1018214062,3356.0,1391.2869937407215,6436.3507235767165,0.1,48.0,330.0,,,5700.0,315381.1854552591,587432.2872766653,0.35,570.0,,,,,,,,,,,,0,
10,22,necessity,123706.70994044817,3596.0,794.4110464867988,9565.09808196746,0.1,49.0,1232.0,,,5700.0,459124.7079344381,335417.9979939899,0.35,570.0,,,,,,,,,,,,0,
11,22,necessity,397253.3963460858,2934.0,1377.14450188155,19973.76345452523,0.1,50.0,580.0,,,5700.0,978714.4092717362,581461.0129256503,0.35,570.0,,,,,,,,,,,,0,
12,22,necessity,-13454.685810131952,2924.0,1923.6280156022874,15974.876221825982,0.1,49.0,450.0,,,5700.0,798743.811091299,812198.496901431,0.35,570.0,,,,,,,,,,,,0,
13,22,necessity,284171.594095379,3044.0,1377.14450188155,17665.971571857743,0.1,50.0,249.0,,,5700.0,865632.6070210293,581461.0129256503,0.35,570.0,,,,,,,,,,,,0,
14,22,necessity,-538041.7802384992,3365.0,2086.4623255140255,6858.179619370119,0.1,49.0,191.0,,,5700.0,342908.98096850596,880950.7612070051,0.35,570.0,,,,,,,,,,,,0,
15,22,necessity,-236393.44210216578,3744.0,1503.7288701192745,8132.944983126099,0.1,50.0,457.0,,,5700.0,398514.30417317885,634907.7462753446,0.35,570.0,,,,,,,,,,,,0,
16,22,necessity,-182117.85435774364,3857.0,2058.9203995510875,13744.081872890169,0.1,51.0,294.0,,,5700.0,687204.0936445084,869321.948002252,0.35,570.0,,,,,,,,,,,,0,
17,22,necessity,-664569.8070801292,4133.0,3007.6399002322128,11869.070538588621,0.1,50.0,295.0,,,5700.0,605322.5974680197,1269892.4045481489,0.35,570.0,,,,,,,,,,,,0,
18,22,necessity,17931.82256625069,4408.0,2058.9203995510875,17745.075411370053,0.1,51.0,182.0,,,5700.0,887253.7705685027,869321.948002252,0.35,570.0,,,,,,,,,,,,0,
19,22,necessity,-877233.6800945727,4796.0,2965.1617672494976,7347.519857221529,0.1,50.0,57.0,,,5700.0,374723.51271829795,1251957.1928128707,0.35,570.0,,,,,,,,,,,,0,
20,22,necessity,-700307.7272690306,5309.0,2058.9203995510875,3380.284414664427,0.1,49.0,364.0,,,5700.0,169014.22073322136,869321.948002252,0.35,570.0,,,,,,,,,,,,0,
21,22,necessity,114539.27916125127,5515.0,1503.7288701192745,15294.83725380808,0.1,50.0,324.0,,,5700.0,749447.0254365959,634907.7462753446,0.35,570.0,,,,,,,,,,,,0,
22,22,necessity,-400186.982388794,5761.0,2101.7253191461705,9744.163078372898,0.1,49.0,326.0,,,5700.0,487208.15391864494,887395.136307439,0.35,570.0,,,,,,,,,,,,0,
23,22,necessity,50254.707766306936,6005.0,1503.7288701192745,13982.907225339828,0.1,50.0,276.0,,,5700.0,685162.4540416516,634907.7462753446,0.35,570.0,,,,,,,,,,,,0,
24,22,necessity,-497640.24042741605,6299.0,2161.585437582224,8300.583363058395,0.1,49.0,197.0,,,5700.0,415029.16815291974,912669.4085803358,0.35,570.0,,,,,,,,,,,,0,
25,22,necessity,-209075.41507164645,6672.0,1503.7288701192745,8690.455738850984,0.1,50.0,495.0,,,5700.0,425832.3312036982,634907.7462753446,0.35,570.0,,,,,,,,,,,,0,
26,22,necessity,-140638.56758295512,6747.0,2096.0155817511913,14886.915814180817,0.1,51.0,341.0,,,5700.0,744345.7907090408,884984.358291996,0.35,570.0,,,,,,,,,,,,0,
27,22,necessity,-557454.2764500886,6976.0,3013.0948127257648,14014.535556414829,0.1,50.0,179.0,,,5700.0,714741.3133771563,1272195.5898272449,0.35,570.0,,,,,,,,,,,,0,
28,22,necessity,-345640.386814084,7367.0,2096.0155817511913,10786.87942955824,0.1,49.0,327.0,,,5700.0,539343.9714779119,884984.358291996,0.35,570.0,,,,,,,,,,,,0,
29,22,necessity,50489.34895729495,7610.0,1503.7288701192745,13987.695821074278,0.1,50.0,340.0,,,5700.0,685397.0952326396,634907.7462753446,0.35,570.0,,,,,,,,,,,,0,
30,22,necessity,-368479.5333092993,7840.0,2083.6121390678754,10225.356316811067,0.1,49.0,205.0,,,5700.0,511267.8158405533,879747.3491498526,0.35,570.0,,,,,,,,,,,,0,
31,22,necessity,-207767.25776643015,8205.0,1503.7288701192745,8717.15282671254,0.1,48.0,553.0,,,5700.0,427140.4885089145,634907.7462753446,0.35,570.0,,,,,,,,,,,,0,
32,22,necessity,496144.0671819689,8222.0,794.4110464867988,17324.209691165808,0.1,49.0,290.0,,,5700.0,831562.0651759588,335417.9979939899,0.35,570.0,,,,,,,,,,,,0,
33,22,necessity,-440304.4504276272,8502.0,1588.4612827866968,4701.616397574931,0.1,48.0,252.0,,,5700.0,230379.20348117166,670683.6539087988,0.35,570.0,,,,,,,,,,,,0,
34,22,necessity,64874.245268257684,8820.0,794.4110464867988,8339.421734630158,0.1,49.0,398.0,,,5700.0,400292.2432622476,335417.9979939899,0.35,570.0,,,,,,,,,,,,0,
35,22,necessity,-255735.39735982352,8992.0,1354.5260357168295,6452.563193913182,0.1,48.0,281.0,,,5700.0,316175.5965017459,571910.9938615694,0.35,570.0,,,,,,,,,,,,0,
36,22,necessity,45203.818042439176,9281.0,794.4110464867988,7929.621167425606,0.1,49.0,1177.0,,,5700.0,380621.8160364291,335417.9979939899,0.35,570.0,,,,,,,,,,,,0,
37,22,necessity,356877.6761749239,8674.0,1369.2887159820405,19082.077586019637,0.1,50.0,893.0,,,5700.0,935021.8017149622,578144.1255400383,0.35,570.0,,,,,,,,,,,,0,
38,22,necessity,403055.534901318,8351.0,1941.4404166560164,24455.496467439243,0.1,51.0,273.0,,,5700.0,1222774.8233719622,819719.2884706442,0.35,570.0,,,,,,,,,,,,0,
39,22,necessity,-671786.6393691063,8648.0,2846.3681155447375,10392.416347982204,0.1,50.0,250.0,,,5700.0,530013.2337470924,1201799.8731161987,0.35,570.0,,,,,,,,,,,,0,
40,22,necessity,-108127.25958445983,8968.0,1941.4404166560164,14231.840577723686,0.1,51.0,369.0,,,5700.0,711592.0288861843,819719.2884706442,0.35,570.0,,,,,,,,,,,,0,
41,22,necessity,-489452.10257525614,9169.0,2855.945402066395,14046.892426393531,0.1,50.0,180.0,,,5700.0,716391.5137460701,1205843.6163213262,0.35,570.0,,,,,,,,,,,,0,
