data/saved_data/run_2025_05_06_2125_same_one_as_before_but_1000_more_households/firm_data.csv
Step,AgentID,FirmType,Profit,Inventory,ProductPrice,RevenuePerEmployee,ProductionLevel,NumEmployees,DemandReceived,InventoryDemandRatio,SellThroughRate,ProductionCapacity,Revenue,Costs,Markup,ProducedUnits,IncomeBracket,NumPeople,SpendRatio,PostTaxIncome,HouseholdExpense,HouseholdSavings,HealthLevel,Welfare,SkillLevel,SkillType,JobLevel,IsEmployed,Wage
4,24,necessity,-117013.1134017689,5581.799999999999,1027.084653530619,7771.870165287332,0.1,53.0,504.0,,,6848.0,404137.2485949413,521150.3619967102,0.35,685.0,,,,,,,,,,,,0,
5,24,necessity,-175805.8119019064,5762.799999999999,1366.6660481213735,9766.993686404378,0.1,54.0,315.0,,,6848.0,517650.66537943203,693456.4772813384,0.35,685.0,,,,,,,,,,,,0,
6,24,necessity,-531998.5705330002,6132.799999999999,1896.894606257328,7972.218614041345,0.1,53.0,121.0,,,6848.0,430499.80515823263,962498.3756912327,0.35,685.0,,,,,,,,,,,,0,
7,24,necessity,-463932.22992420173,6696.799999999999,1366.6660481213735,4330.646176549749,0.1,52.0,273.0,,,6848.0,229524.2473571367,693456.4772813384,0.35,685.0,,,,,,,,,,,,0,
8,24,necessity,-30739.03481181682,7108.799999999999,795.8868149418951,7174.996752637211,0.1,53.0,578.0,,,6848.0,373099.831137135,403838.8659489518,0.35,685.0,,,,,,,,,,,,0,
9,24,necessity,-184558.3480375834,7215.799999999999,1270.3419712110313,8679.671302573874,0.1,54.0,271.0,,,6848.0,460022.5790364153,644580.9270739987,0.35,685.0,,,,,,,,,,,,0,
10,24,necessity,-571635.0128630341,7629.799999999999,1805.0538331789755,6375.234707373879,0.1,53.0,314.0,,,6848.0,344262.67419818946,915897.6870612237,0.35,685.0,,,,,,,,,,,,0,
11,24,necessity,-108368.72231797839,8000.799999999999,1330.5986769098395,10694.092521098082,0.1,54.0,431.0,,,6848.0,566786.9036181984,675155.6259361767,0.35,685.0,,,,,,,,,,,,0,
12,24,necessity,-377609.4207248993,8254.8,1874.4256295827427,10620.148699039644,0.1,53.0,490.0,,,6848.0,573488.0297481408,951097.4504730401,0.35,685.0,,,,,,,,,,,,0,
13,24,necessity,238687.8680097286,8449.8,1339.7137676147984,17329.595443312148,0.1,54.0,385.0,,,6848.0,918468.5584955439,679780.6904858153,0.35,685.0,,,,,,,,,,,,0,
14,24,necessity,-447268.23648670263,8749.8,1897.9975884333467,9551.66297280921,0.1,53.0,288.0,,,6848.0,515789.8005316974,963058.0370184,0.35,685.0,,,,,,,,,,,,0,
15,24,necessity,-140492.9070127327,9146.8,1354.1706357604435,10313.647272996299,0.1,54.0,338.0,,,6848.0,546623.3054688039,687116.2124815366,0.35,685.0,,,,,,,,,,,,0,
16,24,necessity,-469248.5235117284,9493.8,1826.8519211846306,8476.105090500554,0.1,53.0,471.0,,,6848.0,457709.6748870299,926958.1983987583,0.35,685.0,,,,,,,,,,,,0,
17,24,necessity,173331.04239642445,9707.8,1354.1706357604435,16234.853865621906,0.1,54.0,782.0,,,6848.0,860447.254877961,687116.2124815366,0.35,685.0,,,,,,,,,,,,0,
18,24,necessity,101929.032630826,9610.8,1886.1222543570261,19610.396984530867,0.1,55.0,346.0,,,6848.0,1058961.4371646668,957032.4045338408,0.35,685.0,,,,,,,,,,,,0,
19,24,necessity,-721706.897547504,9949.8,2708.484691957391,11865.423636500565,0.1,54.0,127.0,,,6848.0,652598.3000075311,1374305.1975550351,0.35,685.0,,,,,,,,,,,,0,
20,24,necessity,-613054.8486552523,10507.8,1886.1222543570261,6369.954738492383,0.1,53.0,211.0,,,6848.0,343977.55587858864,957032.4045338408,0.35,685.0,,,,,,,,,,,,0,
21,24,necessity,-289144.41681220406,10981.8,1354.1706357604435,7508.901805081745,0.1,54.0,360.0,,,6848.0,397971.7956693325,687116.2124815366,0.35,685.0,,,,,,,,,,,,0,
22,24,necessity,-445618.69703319465,11306.8,1838.995865891084,9027.804238402956,0.1,55.0,264.0,,,6848.0,487501.42887375964,933120.1259069543,0.35,685.0,,,,,,,,,,,,0,
23,24,necessity,-848090.3050326911,11727.8,2628.2336288605575,8827.180156277203,0.1,54.0,127.0,,,6848.0,485494.90859524615,1333585.2136279372,0.35,685.0,,,,,,,,,,,,0,
24,24,necessity,-599334.4550416635,12285.8,1838.995865891084,6181.216127135015,0.1,53.0,404.0,,,6848.0,333785.6708652908,933120.1259069543,0.35,685.0,,,,,,,,,,,,0,
25,24,necessity,55838.117338461336,12566.8,1354.1706357604435,14018.006223018829,0.1,54.0,615.0,,,6848.0,742954.3298199979,687116.2124815366,0.35,685.0,,,,,,,,,,,,0,
26,24,necessity,-149014.64780858043,12636.8,1934.9926174404368,15422.498907271716,0.1,55.0,544.0,,,6848.0,832814.9409926727,981829.5888012531,0.35,685.0,,,,,,,,,,,,0,
27,24,necessity,-431190.13840973587,12777.8,2924.328849893535,19138.836070683596,0.1,56.0,164.0,,,6848.0,1052635.9838875977,1483826.1222973336,0.35,685.0,,,,,,,,,,,,0,
28,24,necessity,-1186339.2573308179,13298.8,3283.2181043500946,8564.105917545352,0.1,55.0,140.0,,,6848.0,479589.93138253974,1665929.1887133576,0.35,685.0,,,,,,,,,,,,0,
29,24,necessity,-704282.1206082639,13843.8,2293.8818718969965,8357.282447436604,0.1,54.0,248.0,,,6848.0,459650.53460901324,1163932.6552172771,0.35,685.0,,,,,,,,,,,,0,
30,24,necessity,-311772.60445423727,14280.8,1735.5980510784477,10534.864893156577,0.1,55.0,65.0,,,6848.0,568882.7042304551,880655.3086846924,0.35,685.0,,,,,,,,,,,,0,
31,24,necessity,-1033807.028189432,14900.8,2259.7638171943113,2051.1613330927107,0.1,54.0,327.0,,,6848.0,112813.8733200991,1146620.901509531,0.35,685.0,,,,,,,,,,,,0,
32,24,necessity,-141712.54046215257,15258.8,1735.5980510784477,13684.125337454441,0.1,55.0,362.0,,,6848.0,738942.7682225398,880655.3086846924,0.35,685.0,,,,,,,,,,,,0,
33,24,necessity,-563139.0727458536,15581.8,2348.064983096168,11423.390808916329,0.1,54.0,231.0,,,6848.0,628286.4944903981,1191425.5672362517,0.35,685.0,,,,,,,,,,,,0,
34,24,necessity,-354309.1798213202,16035.8,1767.2430014161741,10044.50020546694,0.1,53.0,357.0,,,6848.0,542403.0110952148,896712.190916535,0.35,685.0,,,,,,,,,,,,0,
35,24,necessity,44963.81914059841,16363.8,1154.7760693984544,11903.88210387876,0.1,54.0,850.0,,,6848.0,630905.7515055742,585941.9323649758,0.35,685.0,,,,,,,,,,,,0,
36,24,necessity,145234.58839417808,16198.8,1648.2318885465027,18177.03072201271,0.1,55.0,367.0,,,6848.0,981559.6589886863,836325.0705945082,0.35,685.0,,,,,,,,,,,,0,
37,24,necessity,-473263.8056739614,16516.8,2124.850547029726,10998.201874483027,0.1,54.0,201.0,,,6848.0,604901.1030965665,1078164.908770528,0.35,685.0,,,,,,,,,,,,0,
38,24,necessity,-409230.1106415333,17000.8,1648.2318885465027,7909.165925055091,0.1,53.0,226.0,,,6848.0,427094.9599529749,836325.0705945082,0.35,685.0,,,,,,,,,,,,0,
39,24,necessity,-213441.52555346623,17459.8,1154.7760693984544,7028.309562481312,0.1,52.0,675.0,,,6848.0,372500.4068115096,585941.9323649758,0.35,685.0,,,,,,,,,,,,0,
40,24,necessity,365838.02976360905,17469.8,815.1946748077004,14989.88167007609,0.1,53.0,1130.0,,,6848.0,779473.8468439567,413635.8170803477,0.35,685.0,,,,,,,,,,,,0,
41,24,necessity,241394.6447634237,17024.8,1339.703218465433,17380.565708164177,0.1,54.0,748.0,,,6848.0,921169.9825327015,679775.3377692777,0.35,685.0,,,,,,,,,,,,0,
4,25,necessity,-334387.9399111695,3607.3,1875.2455907107803,2544.132831819895,0.1,33.0,137.0,,,3033.0,86500.51628187642,420888.45619304595,0.35,303.0,,,,,,,,,,,,0,
5,25,necessity,76401.8082541998,3773.3,804.2383830183192,7785.110482647785,0.1,34.0,1002.0,,,3033.0,256908.6459273769,180506.8376731771,0.35,303.0,,,,,,,,,,,,0,
6,25,necessity,365140.2279344308,3074.3,1963.5443928510042,23701.37822895164,0.1,35.0,233.0,,,3033.0,805846.8597843557,440706.6318499249,0.35,303.0,,,,,,,,,,,,0,
7,25,necessity,-159265.8770697802,3144.3,2747.99280550328,13071.59552955097,0.1,34.0,156.0,,,3033.0,457505.843534284,616771.7206040642,0.35,303.0,,,,,,,,,,,,0,
8,25,necessity,72114.95123119536,3291.3,1588.6867956705948,12608.43757819152,0.1,33.0,468.0,,,3033.0,428686.8776585117,356571.9264273163,0.35,303.0,,,,,,,,,,,,0,
9,25,necessity,562998.5827006613,3126.3,804.2383830183192,22530.46728405571,0.1,34.0,1073.0,,,3033.0,743505.4203738384,180506.8376731771,0.35,303.0,,,,,,,,,,,,0,
10,25,necessity,414750.11276590195,2356.3,1996.9203151494994,25380.8172052546,0.1,35.0,100.0,,,3033.0,862947.7849786564,448197.6722127545,0.35,303.0,,,,,,,,,,,,0,
11,25,necessity,-432465.87319874426,2559.3,2816.5451107159806,5705.486614712856,0.1,34.0,214.0,,,3033.0,199692.03151494995,632157.9047136942,0.35,303.0,,,,,,,,,,,,0,
12,25,necessity,238273.58351910306,2648.3,1623.8631785848004,17727.666285094703,0.1,35.0,635.0,,,3033.0,602740.6536932199,364467.0701741168,0.35,303.0,,,,,,,,,,,,0,
13,25,necessity,387085.84877939906,2316.3,2869.606637359818,29461.51766860995,0.1,36.0,280.0,,,3033.0,1031153.1184013482,644067.2696219492,0.35,303.0,,,,,,,,,,,,0,
14,25,necessity,-85893.56666409248,2339.3,3962.5994057951707,22319.162735020807,0.1,35.0,179.0,,,3033.0,803489.858460749,889383.4251248415,0.35,303.0,,,,,,,,,,,,0,
15,25,necessity,65238.024015386356,2463.3,2869.606637359818,20265.8655324953,0.1,34.0,260.0,,,3033.0,709305.2936373355,644067.2696219492,0.35,303.0,,,,,,,,,,,,0,
16,25,necessity,381630.65553943586,2506.3,1623.8631785848004,21944.05075628096,0.1,35.0,422.0,,,3033.0,746097.7257135527,364467.0701741168,0.35,303.0,,,,,,,,,,,,0,
17,25,necessity,63814.54250206228,2387.3,2768.862104597738,19579.150324651022,0.1,34.0,319.0,,,3033.0,685270.2613627857,621455.7188607234,0.35,303.0,,,,,,,,,,,,0,
18,25,necessity,518799.9411925616,2371.3,1623.8631785848004,25978.441510784658,0.1,35.0,387.0,,,3033.0,883267.0113666784,364467.0701741168,0.35,303.0,,,,,,,,,,,,0,
19,25,necessity,1209.6855905520497,2287.3,2794.5684465670474,17955.28714606622,0.1,34.0,101.0,,,3033.0,628435.0501123178,627225.3645217657,0.35,303.0,,,,,,,,,,,,0,
20,25,necessity,-82215.65707084502,2489.3,1623.8631785848004,8301.512150096229,0.1,33.0,211.0,,,3033.0,282251.4131032718,364467.0701741168,0.35,303.0,,,,,,,,,,,,0,
21,25,necessity,157846.57787104466,2581.3,823.3153315863193,10382.882747920996,0.1,34.0,805.0,,,3033.0,342635.13068139285,184788.5528103482,0.35,303.0,,,,,,,,,,,,0,
22,25,necessity,230505.13369148714,2079.3,1925.927406574249,19493.20123314668,0.1,35.0,484.0,,,3033.0,662768.841926987,432263.7082354999,0.35,303.0,,,,,,,,,,,,0,
23,25,necessity,310931.7412323612,1898.3000000000002,2767.7990561852403,26632.82470805533,0.1,36.0,113.0,,,3033.0,932148.8647819365,621217.1235495753,0.35,303.0,,,,,,,,,,,,0,
24,25,necessity,-610005.7615334237,2088.3,4111.338349768456,8687.813704137005,0.1,35.0,133.0,,,3033.0,312761.2933489322,922767.0548823558,0.35,303.0,,,,,,,,,,,,0,
25,25,necessity,-128483.8989379995,2258.3,3008.726274780526,15623.085729120134,0.1,36.0,171.0,,,3033.0,546808.0005192047,675291.8994572042,0.35,303.0,,,,,,,,,,,,0,
26,25,necessity,-412717.5082308396,2390.3,4131.132318526686,14291.4498052075,0.1,35.0,87.0,,,3033.0,514492.19298746996,927209.7012183096,0.35,303.0,,,,,,,,,,,,0,
27,25,necessity,-315883.3877453825,2606.3,3008.726274780526,10268.814620337762,0.1,34.0,301.0,,,3033.0,359408.51171182166,675291.8994572042,0.35,303.0,,,,,,,,,,,,0,
28,25,necessity,531884.6405845147,2608.3,1665.1869811973102,26636.07672673348,0.1,35.0,344.0,,,3033.0,905626.6087089384,373741.96812442364,0.35,303.0,,,,,,,,,,,,0,
29,25,necessity,-59177.22710337443,2567.3,2815.848474725208,16366.409186624991,0.1,34.0,203.0,,,3033.0,572824.3215318747,632001.5486352491,0.35,303.0,,,,,,,,,,,,0,
30,25,necessity,197875.2722447936,2667.3,1665.1869811973102,16812.271775565212,0.1,35.0,292.0,,,3033.0,571617.2403692172,373741.96812442364,0.35,303.0,,,,,,,,,,,,0,
31,25,necessity,-155546.31913103187,2678.3,2859.419920645059,13892.417100274703,0.1,34.0,150.0,,,3033.0,486234.5985096146,641780.9176406465,0.35,303.0,,,,,,,,,,,,0,
32,25,necessity,55171.0199723352,2831.3,1665.1869811973102,12615.087885198789,0.1,33.0,534.0,,,3033.0,428912.98809675884,373741.96812442364,0.35,303.0,,,,,,,,,,,,0,
33,25,necessity,699428.1123358797,2600.3,845.5621856308287,26945.752968465564,0.1,34.0,816.0,,,3033.0,889209.8479593636,189781.7356234839,0.35,303.0,,,,,,,,,,,,0,
34,25,necessity,176042.78623039648,2087.3,2289.813663333571,20293.49245513989,0.1,33.0,363.0,,,3033.0,689978.7434747563,513935.9572443598,0.35,303.0,,,,,,,,,,,,0,
35,25,necessity,641420.6241666025,2027.3000000000002,845.5621856308287,25187.950296669285,0.1,34.0,816.0,,,3033.0,831202.3597900864,189781.7356234839,0.35,303.0,,,,,,,,,,,,0,
36,25,necessity,213039.79716929462,1514.3000000000002,2124.9754963280457,20293.49245513989,0.1,33.0,148.0,,,3033.0,689978.7434747563,476938.94630546164,0.35,303.0,,,,,,,,,,,,0,
37,25,necessity,124714.63783306687,1669.3000000000002,845.5621856308287,9530.193135046993,0.1,32.0,238.0,,,3033.0,314496.37345655076,189781.7356234839,0.35,303.0,,,,,,,,,,,,0,
38,25,necessity,-1888512.5201292713,1734.3000000000002,9310.79545579837,6288.868755629289,0.1,31.0,42.0,,,3033.0,201243.80018013724,2089756.3203094085,0.35,303.0,,,,,,,,,,,,0,
39,25,necessity,-1633423.9111658768,1995.3000000000002,9019.948427055291,12614.626101404245,0.1,32.0,93.0,,,3033.0,391053.4091435316,2024477.3203094085,0.35,303.0,,,,,,,,,,,,0,
40,25,necessity,668368.1012942371,2205.3,759.5959983827585,26214.22511612944,0.1,33.0,342.0,,,3033.0,838855.2037161421,170487.10242190503,0.35,303.0,,,,,,,,,,,,0,
41,25,necessity,-180922.4264760735,2166.3,1963.5338159487958,7872.176710512224,0.1,32.0,146.0,,,3033.0,259781.8314469034,440704.2579229769,0.35,303.0,,,,,,,,,,,,0,
