data/saved_data/run_2025_05_06_2125_same_one_as_before_but_1000_more_households/firm_data.csv
Step,AgentID,FirmType,Profit,Inventory,ProductPrice,RevenuePerEmployee,ProductionLevel,NumEmployees,DemandReceived,InventoryDemandRatio,SellThroughRate,ProductionCapacity,Revenue,Costs,Markup,ProducedUnits,IncomeBracket,NumPeople,SpendRatio,PostTaxIncome,HouseholdExpense,HouseholdSavings,HealthLevel,Welfare,SkillLevel,SkillType,JobLevel,IsEmployed,Wage
4,32,necessity,-47145.70374498784,1898.1000000000004,1443.6054156376897,13854.81761014938,0.1,26.0,340.0,,,3681.0,346370.4402537345,393516.1439987223,0.35,368.0,,,,,,,,,,,,0,
7,32,necessity,-272010.2519406327,1961.1000000000004,4239.736517701722,31561.09001677555,0.1,29.0,120.0,,,3681.0,883710.5204697154,1155720.772410348,0.35,368.0,,,,,,,,,,,,0,
8,32,necessity,-822428.2136182965,2209.1000000000004,4883.465759154657,17543.737314627815,0.1,28.0,69.0,,,3681.0,508768.38212420663,1331196.5957425032,0.35,368.0,,,,,,,,,,,,0,
9,32,necessity,-595043.3333058583,2508.1000000000004,3419.030793503083,12034.25490648826,0.1,27.0,42.0,,,3681.0,336959.1373816713,932002.4706875297,0.35,368.0,,,,,,,,,,,,0,
10,32,necessity,-569824.1774226582,2834.1000000000004,2617.178486127812,5318.49234544924,0.1,26.0,143.0,,,3681.0,143599.29332712948,713423.4707497876,0.35,368.0,,,,,,,,,,,,0,
11,32,necessity,-98055.1527613891,3059.1000000000004,1732.665112071153,14394.481673702967,0.1,27.0,346.0,,,3681.0,374256.52351627714,472311.67627766624,0.35,368.0,,,,,,,,,,,,0,
12,32,necessity,-131625.49692457018,3081.1000000000004,2682.1257935176077,22203.782547282186,0.1,28.0,159.0,,,3681.0,599502.128776619,731127.6257011892,0.35,368.0,,,,,,,,,,,,0,
13,32,necessity,-538424.2007878583,3290.1000000000004,3539.6493725611795,15230.64289890356,0.1,27.0,200.0,,,3681.0,426458.00116929965,964882.201957158,0.35,368.0,,,,,,,,,,,,0,
14,32,necessity,-23197.75118895329,3458.1000000000004,2682.1257935176077,26219.624981934663,0.1,28.0,138.0,,,3681.0,707929.8745122359,731127.6257011892,0.35,368.0,,,,,,,,,,,,0,
15,32,necessity,-572774.3909490347,3688.1000000000004,3459.036575148072,13219.048553765353,0.1,27.0,173.0,,,3681.0,370133.35950542986,942907.7504544646,0.35,368.0,,,,,,,,,,,,0,
16,32,necessity,-132714.29820057272,3883.1000000000004,2682.1257935176077,22163.456574096905,0.1,28.0,255.0,,,3681.0,598413.3275006164,731127.6257011892,0.35,368.0,,,,,,,,,,,,0,
17,32,necessity,-295042.05265323236,3996.1000000000004,3591.3819888829303,24426.5027623925,0.1,29.0,40.0,,,3681.0,683942.07734699,978984.1300002224,0.35,368.0,,,,,,,,,,,,0,
18,32,necessity,-1180941.5092954002,4324.1,4859.254511111995,4953.630329493697,0.1,28.0,155.0,,,3681.0,143655.27955531722,1324596.7888507175,0.35,368.0,,,,,,,,,,,,0,
19,32,necessity,-225799.68077786313,4537.1,3591.3819888829303,26899.44461508426,0.1,29.0,120.0,,,3681.0,753184.4492223592,978984.1300002224,0.35,368.0,,,,,,,,,,,,0,
20,32,necessity,-917365.662124019,4785.1,4946.324785652543,14860.890988481091,0.1,28.0,91.0,,,3681.0,430965.8386659516,1348331.5007899706,0.35,368.0,,,,,,,,,,,,0,
21,32,necessity,-528868.5745058409,5062.1,3591.3819888829303,16075.555553370765,0.1,29.0,144.0,,,3681.0,450115.5554943814,978984.1300002224,0.35,368.0,,,,,,,,,,,,0,
22,32,necessity,-808878.3710972524,5286.1,4864.539279227156,17833.06918617731,0.1,30.0,62.0,,,3681.0,517159.006399142,1326037.3774963943,0.35,368.0,,,,,,,,,,,,0,
23,32,necessity,-1258448.0784928887,5592.1,5723.007711722025,10053.381177069456,0.1,29.0,50.0,,,3681.0,301601.4353120837,1560049.5138049724,0.35,368.0,,,,,,,,,,,,0,
24,32,necessity,-926845.8807226992,5910.1,4449.850421377801,9867.254675382803,0.1,28.0,118.0,,,3681.0,286150.38558610127,1212996.2663088006,0.35,368.0,,,,,,,,,,,,0,
25,32,necessity,-453901.78027764184,6160.1,3591.3819888829303,18752.941061520734,0.1,29.0,104.0,,,3681.0,525082.3497225805,978984.1300002224,0.35,368.0,,,,,,,,,,,,0,
26,32,necessity,-991525.9550028964,6424.1,5007.581699688837,12879.438856683611,0.1,28.0,73.0,,,3681.0,373503.7268438247,1365029.681846721,0.35,368.0,,,,,,,,,,,,0,
27,32,necessity,-613430.6659229372,6719.1,3591.3819888829303,13055.480859903038,0.1,29.0,88.0,,,3681.0,365553.4640772851,978984.1300002224,0.35,368.0,,,,,,,,,,,,0,
28,32,necessity,-1046717.9278333143,6999.1,4999.25374417123,10897.986724886134,0.1,28.0,140.0,,,3681.0,316041.6150216979,1362759.5428550122,0.35,368.0,,,,,,,,,,,,0,
29,32,necessity,-279088.6058162501,7227.1,3591.3819888829303,24996.26872085615,0.1,29.0,128.0,,,3681.0,699895.5241839723,978984.1300002224,0.35,368.0,,,,,,,,,,,,0,
30,32,necessity,-884682.8994385347,7467.1,4931.828035296642,15851.61705437983,0.1,28.0,46.0,,,3681.0,459696.8945770151,1344379.7940155498,0.35,368.0,,,,,,,,,,,,0,
31,32,necessity,-752120.0403765768,7789.1,3591.3819888829303,8102.288915130198,0.1,27.0,200.0,,,3681.0,226864.08962364553,978984.1300002224,0.35,368.0,,,,,,,,,,,,0,
32,32,necessity,-12851.227924603154,7957.1,2682.1257935176077,26602.829547280962,0.1,28.0,213.0,,,3681.0,718276.397776586,731127.6257011892,0.35,368.0,,,,,,,,,,,,0,
33,32,necessity,-392029.77999111195,8112.1,3533.9279113588623,20403.314072116085,0.1,27.0,168.0,,,3681.0,571292.7940192504,963322.5740103624,0.35,368.0,,,,,,,,,,,,0,
34,32,necessity,-137427.73659290024,8312.1,2682.1257935176077,21988.884781788478,0.1,28.0,277.0,,,3681.0,593699.8891082889,731127.6257011892,0.35,368.0,,,,,,,,,,,,0,
35,32,necessity,-199745.66656105558,8403.1,3458.254312187718,26533.887314442047,0.1,29.0,189.0,,,3681.0,742948.8448043773,942694.5113654329,0.35,368.0,,,,,,,,,,,,0,
36,32,necessity,-680598.0661300663,8582.1,4894.5135112385115,22538.27810356823,0.1,28.0,109.0,,,3681.0,653610.0650034787,1334208.131133545,0.35,368.0,,,,,,,,,,,,0,
37,32,necessity,-409192.5386404351,8841.1,3458.254312187718,19053.641883035634,0.1,27.0,237.0,,,3681.0,533501.9727249978,942694.5113654329,0.35,368.0,,,,,,,,,,,,0,
38,32,necessity,88478.64628730004,8972.1,2682.1257935176077,30355.787851425524,0.1,28.0,393.0,,,3681.0,819606.2719884892,731127.6257011892,0.35,368.0,,,,,,,,,,,,0,
39,32,necessity,106426.8037910111,8947.1,3476.428399881721,37645.55131615785,0.1,29.0,105.0,,,3681.0,1054075.4368524197,947648.6330614086,0.35,368.0,,,,,,,,,,,,0,
40,32,necessity,-933078.2981783806,9210.1,4762.063650711913,12587.068344399335,0.1,28.0,210.0,,,3681.0,365024.9819875807,1298103.2801659612,0.35,368.0,,,,,,,,,,,,0,
41,32,necessity,52384.73358809319,9368.1,3476.428399881721,35715.477380339355,0.1,29.0,188.0,,,3681.0,1000033.3666495018,947648.6330614086,0.35,368.0,,,,,,,,,,,,0,
4,33,necessity,-108047.92184413061,2543.8,1710.2696826917263,7796.791149213285,0.1,38.0,284.0,,,3128.0,288481.27252089157,396529.1943650222,0.35,313.0,,,,,,,,,,,,0,
5,33,necessity,-64849.271395117685,2572.8,2374.6450809992707,12782.015523275006,0.1,39.0,192.0,,,3128.0,485716.58988445025,550565.8612795679,0.35,313.0,,,,,,,,,,,,0,
6,33,necessity,-369318.1064251285,2693.8,3559.384808656708,11690.56039876564,0.1,38.0,128.0,,,3128.0,455931.85555185995,825249.9619769885,0.35,313.0,,,,,,,,,,,,0,
7,33,necessity,-151594.5784166245,2878.8,2618.8957609566346,11989.50672389628,0.1,39.0,385.0,,,3128.0,455601.25550805865,607195.8339246832,0.35,313.0,,,,,,,,,,,,0,
8,33,necessity,191918.3367948312,2806.8,3521.026560904672,25853.201742777033,0.1,40.0,226.0,,,3128.0,1008274.8679683043,816356.5311734731,0.35,313.0,,,,,,,,,,,,0,
9,33,necessity,-378604.64685156185,2893.8,5065.116523694913,19893.800069111396,0.1,39.0,105.0,,,3128.0,795752.0027644559,1174356.6496160177,0.35,313.0,,,,,,,,,,,,0,
10,33,necessity,-284519.2961855073,3101.8,3521.026560904672,13636.85217917861,0.1,38.0,137.0,,,3128.0,531837.2349879658,816356.5311734731,0.35,313.0,,,,,,,,,,,,0,
11,33,necessity,-124815.19508074311,3277.8,2618.8957609566346,12694.227337998422,0.1,37.0,319.0,,,3128.0,482380.63884394005,607195.8339246832,0.35,313.0,,,,,,,,,,,,0,
12,33,necessity,502916.0145179038,3271.8,1434.1560332991967,22579.12831743693,0.1,38.0,220.0,,,3128.0,835427.7477451664,332511.7332272626,0.35,313.0,,,,,,,,,,,,0,
13,33,necessity,-241466.170075175,3364.8,2402.3120418180056,8303.008613837454,0.1,37.0,132.0,,,3128.0,315514.32732582325,556980.4974009983,0.35,313.0,,,,,,,,,,,,0,
14,33,necessity,-15406.543707285891,3545.8,1434.1560332991967,8570.410527566939,0.1,38.0,620.0,,,3128.0,317105.18951997673,332511.7332272626,0.35,313.0,,,,,,,,,,,,0,
15,33,necessity,292964.2253695148,3238.8,2571.523619971435,23399.387911723737,0.1,39.0,276.0,,,3128.0,889176.740645502,596212.5152759872,0.35,313.0,,,,,,,,,,,,0,
16,33,necessity,-142535.71903982805,3275.8,3675.951814150712,18198.47484902862,0.1,38.0,190.0,,,3128.0,709740.5191121161,852276.2381519441,0.35,313.0,,,,,,,,,,,,0,
17,33,necessity,102218.3294126481,3398.8,2571.523619971435,18379.75907075356,0.1,39.0,265.0,,,3128.0,698430.8446886353,596212.5152759872,0.35,313.0,,,,,,,,,,,,0,
18,33,necessity,-169058.14422355732,3446.8,3668.3420641477355,17473.173315190517,0.1,38.0,146.0,,,3128.0,681453.7592924302,850511.9035159876,0.35,313.0,,,,,,,,,,,,0,
19,33,necessity,-60634.57391041785,3613.8,2571.523619971435,14094.156351725509,0.1,37.0,256.0,,,3128.0,535577.9413655694,596212.5152759872,0.35,313.0,,,,,,,,,,,,0,
20,33,necessity,325798.31348542473,3670.8,1434.1560332991967,17792.163424667226,0.1,38.0,1120.0,,,3128.0,658310.0467126874,332511.7332272626,0.35,313.0,,,,,,,,,,,,0,
21,33,necessity,1055349.8994211503,2863.8,2376.1072068809112,42269.86203408158,0.1,39.0,168.0,,,3128.0,1606254.7572951003,550904.8578739499,0.35,313.0,,,,,,,,,,,,0,
22,33,necessity,-377076.8156827078,3008.8,3348.098441994083,10235.538737333156,0.1,38.0,162.0,,,3128.0,399186.0107559931,776262.8264387009,0.35,313.0,,,,,,,,,,,,0,
23,33,necessity,-15477.754188972176,3159.8,2406.147268412368,14273.472305343195,0.1,39.0,180.0,,,3128.0,542391.9476030414,557869.7017920136,0.35,313.0,,,,,,,,,,,,0,
24,33,necessity,-352993.9757973743,3292.8,3390.5292337384394,11105.29508498016,0.1,38.0,76.0,,,3128.0,433106.50831422623,786100.4841116006,0.35,313.0,,,,,,,,,,,,0,
25,33,necessity,-303062.29378272814,3529.8,2418.5379986252683,6781.058467476879,0.1,37.0,280.0,,,3128.0,257680.2217641214,560742.5155468496,0.35,313.0,,,,,,,,,,,,0,
26,33,necessity,344678.90638781246,3562.8,1434.1560332991967,18302.449719326352,0.1,38.0,280.0,,,3128.0,677190.6396150751,332511.7332272626,0.35,313.0,,,,,,,,,,,,0,
27,33,necessity,-169050.01961234963,3595.8,2461.1134332353195,10567.465508520396,0.1,37.0,256.0,,,3128.0,401563.68932377506,570613.7089361247,0.35,313.0,,,,,,,,,,,,0,
28,33,necessity,297533.30568097916,3652.8,1434.1560332991967,17028.244294817345,0.1,38.0,420.0,,,3128.0,630045.0389082418,332511.7332272626,0.35,313.0,,,,,,,,,,,,0,
29,33,necessity,-6351.358843215043,3545.8,2625.3699766569166,15851.198262780596,0.1,37.0,129.0,,,3128.0,602345.5339856626,608696.8928288777,0.35,313.0,,,,,,,,,,,,0,
30,33,necessity,6160.993761479622,3729.8,1434.1560332991967,9153.316945641682,0.1,36.0,460.0,,,3128.0,338672.72698874224,332511.7332272626,0.35,313.0,,,,,,,,,,,,0,
31,33,necessity,481236.7090049136,3582.8,769.7806349916525,18325.327092156404,0.1,37.0,710.0,,,3128.0,659711.7753176305,178475.06631271692,0.35,313.0,,,,,,,,,,,,0,
32,33,necessity,157164.08870077977,3185.8,1679.4351987668085,14771.466239029007,0.1,36.0,578.0,,,3128.0,546544.2508440732,389380.1621432935,0.35,313.0,,,,,,,,,,,,0,
33,33,necessity,792238.4785744984,2920.8,769.7806349916525,26964.26513575598,0.1,37.0,898.0,,,3128.0,970713.5448872154,178475.06631271692,0.35,313.0,,,,,,,,,,,,0,
34,33,necessity,287115.64246916876,2335.8,1743.1276189261177,18682.78406006767,0.1,36.0,395.0,,,3128.0,691263.0102225039,404147.36775333516,0.35,313.0,,,,,,,,,,,,0,
35,33,necessity,510060.3431630996,2253.8,769.7806349916525,19125.98359655046,0.1,37.0,747.0,,,3128.0,688535.4094758165,178475.06631271692,0.35,313.0,,,,,,,,,,,,0,
36,33,necessity,171891.03192359087,1819.8000000000002,1738.7616182802647,15541.246874020662,0.1,36.0,263.0,,,3128.0,575026.1343387645,403135.1024151736,0.35,313.0,,,,,,,,,,,,0,
37,33,necessity,278819.2392949927,1869.8000000000002,769.7806349916525,12702.619600214157,0.1,35.0,523.0,,,3128.0,457294.3056077096,178475.06631271692,0.35,313.0,,,,,,,,,,,,0,
38,33,necessity,-1581576.0328807286,1659.8000000000002,8557.927326411862,11502.72206001812,0.1,34.0,36.0,,,3128.0,402595.27210063423,1984171.3049813628,0.35,313.0,,,,,,,,,,,,0,
39,33,necessity,-1619416.9212305357,1936.8000000000002,8313.508317608088,9061.334816200795,0.1,33.0,65.0,,,3128.0,308085.38375082705,1927502.3049813628,0.35,313.0,,,,,,,,,,,,0,
40,33,necessity,-1330455.264336837,2184.8,8069.089308804315,16375.092140743202,0.1,34.0,115.0,,,3128.0,540378.0406445257,1870833.3049813628,0.35,313.0,,,,,,,,,,,,0,
41,33,necessity,786095.3845881254,2382.8,611.8126050673737,27292.50795624989,0.1,35.0,329.0,,,3128.0,927945.2705124962,141849.88592437078,0.35,313.0,,,,,,,,,,,,0,
