data/saved_data/run_2025_05_06_2125_same_one_as_before_but_1000_more_households/firm_data.csv
Step,AgentID,FirmType,Profit,Inventory,ProductPrice,RevenuePerEmployee,ProductionLevel,NumEmployees,DemandReceived,InventoryDemandRatio,SellThroughRate,ProductionCapacity,Revenue,Costs,Markup,ProducedUnits,IncomeBracket,NumPeople,SpendRatio,PostTaxIncome,HouseholdExpense,HouseholdSavings,HealthLevel,Welfare,SkillLevel,SkillType,JobLevel,IsEmployed,Wage
4,38,luxury,-1622365.4307781123,389.7,80983.95931468006,11381.956059266648,0.1,58.0,9.0,,,377.0,648771.4953781989,2271136.9261563113,0.35500000000000004,38.0,,,,,,,,,,,,0,
5,38,luxury,-2416840.2709098496,418.7,103890.7435936955,12566.47644538139,0.1,59.0,6.0,,,377.0,728855.6338321206,3145695.9047419704,0.255,38.0,,,,,,,,,,,,0,
6,38,luxury,-3057053.5244944976,450.7,111864.72531659815,10565.160365460559,0.1,58.0,5.0,,,377.0,623344.461562173,3680397.9860566705,0.155,38.0,,,,,,,,,,,,0,
7,38,luxury,-1708314.8180986876,483.7,62956.802531114954,9643.510803155013,0.1,57.0,17.0,,,377.0,559323.6265829907,2267638.4446816784,0.05499999999999999,38.0,,,,,,,,,,,,0,
8,38,luxury,-343973.5764473323,504.70000000000005,37588.98879163318,18776.590228578145,0.1,58.0,38.0,,,377.0,1070265.6430289543,1414239.2194762866,0.01,38.0,,,,,,,,,,,,0,
9,38,luxury,-905914.4711308181,504.70000000000005,62043.130095312576,24627.26851865622,0.1,59.0,24.0,,,377.0,1428381.5740820607,2334296.045212879,0.01,38.0,,,,,,,,,,,,0,
10,38,luxury,-2240980.890226677,518.7,99139.89667103748,25237.883428601726,0.1,60.0,14.0,,,377.0,1489035.1222875018,3730016.0125141786,0.01,38.0,,,,,,,,,,,,0,
11,38,luxury,-3162827.118509405,542.7,120955.08967547052,23132.642556575414,0.1,59.0,5.0,,,377.0,1387958.5533945248,4550785.67190393,0.01,38.0,,,,,,,,,,,,0,
12,38,luxury,-2550290.256225277,575.7,83858.32309974561,10250.431328429704,0.1,58.0,9.0,,,377.0,604775.4483773526,3155065.70460263,0.01,38.0,,,,,,,,,,,,0,
13,38,luxury,-1579571.1373151683,604.7,62043.130095312576,13012.498412029492,0.1,59.0,6.0,,,377.0,754724.9078977106,2334296.045212879,0.01,38.0,,,,,,,,,,,,0,
14,38,luxury,-3335469.087562888,636.7,98547.5012702266,6309.470857150432,0.1,58.0,8.0,,,377.0,372258.78057187545,3707727.8681347636,0.01,38.0,,,,,,,,,,,,0,
15,38,luxury,-1545916.035051066,666.7,62043.130095312576,13592.758795893324,0.1,59.0,16.0,,,377.0,788380.0101618128,2334296.045212879,0.01,38.0,,,,,,,,,,,,0,
16,38,luxury,-2750141.7329334426,688.7,99480.52718743424,16825.25561906782,0.1,60.0,9.0,,,377.0,992690.0815250012,3742831.814458444,0.01,38.0,,,,,,,,,,,,0,
17,38,luxury,-3729812.1513470123,717.7,122931.26689639455,14922.079078115137,0.1,59.0,6.0,,,377.0,895324.7446869082,4625136.89603392,0.01,38.0,,,,,,,,,,,,0,
18,38,luxury,-2479013.5254099886,749.7,85493.8698042729,12501.484769124869,0.1,58.0,9.0,,,377.0,737587.6013783673,3216601.126788356,0.01,38.0,,,,,,,,,,,,0,
19,38,luxury,-1572597.3199642403,778.7,62249.01335357132,13266.290142042346,0.1,59.0,18.0,,,377.0,769444.828238456,2342042.1482026963,0.01,38.0,,,,,,,,,,,,0,
20,38,luxury,-2585876.132234871,798.7,98511.10152142224,18991.22441295396,0.1,60.0,11.0,,,377.0,1120482.2403642838,3706358.3725991547,0.01,38.0,,,,,,,,,,,,0,
21,38,luxury,-3456942.278049616,825.7,120683.41889604459,18060.368612260743,0.1,59.0,3.0,,,377.0,1083622.1167356446,4540564.394785261,0.01,38.0,,,,,,,,,,,,0,
22,38,luxury,-2814197.913700669,860.7,84421.33072819369,6136.4450286124365,0.1,58.0,11.0,,,377.0,362050.25668813376,3176248.170388803,0.01,38.0,,,,,,,,,,,,0,
23,38,luxury,-1413407.5101925659,887.7,62249.01335357132,16010.942034657422,0.1,59.0,5.0,,,377.0,928634.6380101305,2342042.1482026963,0.01,38.0,,,,,,,,,,,,0,
24,38,luxury,-3484986.938172136,920.7,100899.84800235645,5275.340114709434,0.1,58.0,11.0,,,377.0,311245.0667678566,3796232.0049399924,0.01,38.0,,,,,,,,,,,,0,
25,38,luxury,-1232143.8201767753,947.7,62249.01335357132,19136.17806941243,0.1,59.0,8.0,,,377.0,1109898.328025921,2342042.1482026963,0.01,38.0,,,,,,,,,,,,0,
26,38,luxury,-3329710.801053614,977.7,101736.31145328145,8440.544183535094,0.1,58.0,12.0,,,377.0,497992.10682857054,3827702.9078821843,0.01,38.0,,,,,,,,,,,,0,
27,38,luxury,-1121206.4107633189,1003.7,62249.01335357132,21048.892024816854,0.1,59.0,12.0,,,377.0,1220835.7374393775,2342042.1482026963,0.01,38.0,,,,,,,,,,,,0,
28,38,luxury,-2962174.6871494455,1029.7,98585.64150738377,12660.81627530264,0.1,58.0,16.0,,,377.0,746988.1602428558,3709162.8473923015,0.01,38.0,,,,,,,,,,,,0,
29,38,luxury,-764671.884084556,1051.7,62249.01335357132,27196.03903651966,0.1,59.0,7.0,,,377.0,1577370.2641181403,2342042.1482026963,0.01,38.0,,,,,,,,,,,,0,
30,38,luxury,-3243803.2797809024,1082.7,97798.46682078931,7385.476160593207,0.1,58.0,10.0,,,377.0,435743.09347499924,3679546.3732559015,0.01,38.0,,,,,,,,,,,,0,
31,38,luxury,-1364057.4799948032,1110.7,62249.01335357132,16861.80462427402,0.1,59.0,4.0,,,377.0,977984.6682078931,2342042.1482026963,0.01,38.0,,,,,,,,,,,,0,
32,38,luxury,-3522998.1743075936,1144.7,100255.63341430169,4220.272091767547,0.1,58.0,10.0,,,377.0,248996.05341428527,3771994.227721879,0.01,38.0,,,,,,,,,,,,0,
33,38,luxury,-1339485.8140596794,1172.7,62249.01335357132,17285.454036948566,0.1,59.0,7.0,,,377.0,1002556.3341430168,2342042.1482026963,0.01,38.0,,,,,,,,,,,,0,
34,38,luxury,-3331484.0815935847,1203.7,100128.93017606158,7385.476160593207,0.1,58.0,2.0,,,377.0,435743.09347499924,3767227.175068584,0.01,38.0,,,,,,,,,,,,0,
35,38,luxury,-2141784.287850573,1239.7,62249.01335357132,3452.72173020902,0.1,57.0,11.0,,,377.0,200257.86035212316,2342042.1482026963,0.01,38.0,,,,,,,,,,,,0,
36,38,luxury,-774997.9197379351,1266.7,38798.273644611,12012.967489285693,0.1,58.0,39.0,,,377.0,684739.1468892845,1459737.0666272196,0.01,38.0,,,,,,,,,,,,0,
37,38,luxury,-799749.0279764938,1265.7,61473.959359040186,26088.494347238433,0.1,59.0,27.0,,,377.0,1513132.672139829,2312881.700116323,0.01,38.0,,,,,,,,,,,,0,
38,38,luxury,-2205996.7974222377,1276.7,102748.72458865163,28132.150893120084,0.1,60.0,9.0,,,377.0,1659796.902694085,3865793.700116323,0.01,38.0,,,,,,,,,,,,0,
39,38,luxury,-3792338.0787572926,1305.7,125374.92738633636,15412.308688297746,0.1,59.0,5.0,,,377.0,924738.5212978647,4717076.600055157,0.01,38.0,,,,,,,,,,,,0,
40,38,luxury,-2537289.963123475,1338.7,84100.16215672492,10624.99384629969,0.1,58.0,10.0,,,377.0,626874.6369316818,3164164.600055157,0.01,38.0,,,,,,,,,,,,0,
41,38,luxury,-1471880.0785490735,1366.7,61473.959359040186,14500.027958056022,0.1,59.0,19.0,,,377.0,841001.6215672493,2312881.700116323,0.01,38.0,,,,,,,,,,,,0,
4,39,luxury,-1035099.4143612499,385.5,72090.52656622247,40639.48298660016,0.1,32.0,11.0,,,465.0,1259823.972584605,2294923.386945855,0.445,46.0,,,,,,,,,,,,0,
5,39,luxury,-2358998.4787260196,420.5,92161.56961461279,24781.118507138974,0.1,31.0,11.0,,,465.0,792995.7922284472,3151994.270954467,0.345,46.0,,,,,,,,,,,,0,
6,39,luxury,-698387.8181290214,455.5,46340.11919788336,32702.492443894862,0.1,32.0,25.0,,,465.0,1013777.2657607407,1712165.0838897622,0.24499999999999997,46.0,,,,,,,,,,,,0,
7,39,luxury,-1920936.3335888446,476.5,79998.47607993387,36203.21812334638,0.1,33.0,7.0,,,465.0,1158502.979947084,3079439.3135359287,0.19499999999999995,46.0,,,,,,,,,,,,0,
8,39,luxury,-3076751.8774797334,515.5,86570.2508352772,16969.373713925368,0.1,32.0,10.0,,,465.0,559989.3325595371,3636741.2100392706,0.09499999999999995,46.0,,,,,,,,,,,,0,
9,39,luxury,-1403764.472040332,551.5,49829.60000798772,27053.203386024124,0.1,33.0,13.0,,,465.0,865702.508352772,2269466.980393104,0.01,46.0,,,,,,,,,,,,0,
10,39,luxury,-3010350.39265488,584.5,80319.92313839967,19629.8424273891,0.1,32.0,5.0,,,465.0,647784.8001038403,3658135.1927587204,0.01,46.0,,,,,,,,,,,,0,
11,39,luxury,-1867867.3647011055,625.5,49829.60000798772,12549.987990374948,0.1,31.0,21.0,,,465.0,401599.61569199833,2269466.980393104,0.01,46.0,,,,,,,,,,,,0,
12,39,luxury,-370825.5835918643,650.5,31117.817923464885,33755.535489282,0.1,32.0,58.0,,,465.0,1046421.6001677421,1417247.1837596064,0.01,46.0,,,,,,,,,,,,0,
13,39,luxury,-498959.7761552939,638.5,50583.28472369859,56401.0449862801,0.1,33.0,2.0,,,465.0,1804833.4395609633,2303793.215716257,0.01,46.0,,,,,,,,,,,,0,
14,39,luxury,-3539370.916149259,682.5,79933.53870693663,3065.6536196180964,0.1,32.0,20.0,,,465.0,101166.56944739718,3640537.4855966563,0.01,46.0,,,,,,,,,,,,0,
15,39,luxury,-705122.4415775246,708.5,50583.28472369859,49958.46169183539,0.1,33.0,11.0,,,465.0,1598670.7741387326,2303793.215716257,0.01,46.0,,,,,,,,,,,,0,
16,39,luxury,-3152459.714073252,743.5,81434.01137087532,16861.094907899533,0.1,32.0,2.0,,,465.0,556416.1319606845,3708875.8460339364,0.01,46.0,,,,,,,,,,,,0,
17,39,luxury,-2140925.1929745064,787.5,50583.28472369859,5089.6257106797075,0.1,31.0,22.0,,,465.0,162868.02274175064,2303793.215716257,0.01,46.0,,,,,,,,,,,,0,
18,39,luxury,-333890.0677862759,811.5,31764.98963608113,35897.814965205456,0.1,32.0,21.0,,,465.0,1112832.263921369,1446722.331707645,0.01,46.0,,,,,,,,,,,,0,
19,39,luxury,-1641880.7742889414,836.5,50696.412206884765,20845.77444867824,0.1,31.0,16.0,,,465.0,667064.7823577037,2308945.556646645,0.01,46.0,,,,,,,,,,,,0,
20,39,luxury,-635579.7363974887,866.5,31764.98963608113,26165.890171295363,0.1,32.0,4.0,,,465.0,811142.5953101562,1446722.331707645,0.01,46.0,,,,,,,,,,,,0,
21,39,luxury,-2166748.843325024,908.5,50364.06172878218,3970.623704510141,0.1,31.0,25.0,,,465.0,127059.95854432452,2293808.8018693486,0.01,46.0,,,,,,,,,,,,0,
22,39,luxury,-187620.7884880905,929.5,31764.98963608113,40616.17881353402,0.1,32.0,35.0,,,465.0,1259101.5432195545,1446722.331707645,0.01,46.0,,,,,,,,,,,,0,
23,39,luxury,-1241975.1932603351,940.5,51680.15819887496,34742.95741446374,0.1,31.0,10.0,,,465.0,1111774.6372628396,2353749.8305231747,0.01,46.0,,,,,,,,,,,,0,
24,39,luxury,-950402.2165777744,976.5,32214.69139864126,16671.018773830634,0.1,30.0,3.0,,,465.0,516801.5819887496,1467203.798566524,0.01,46.0,,,,,,,,,,,,0,
25,39,luxury,-463532.22555507044,1019.5,12299.522835847421,3221.4691398641257,0.1,29.0,39.0,,,465.0,96644.07419592378,560176.2997509942,0.01,46.0,,,,,,,,,,,,0,
26,39,luxury,-5073097.012649603,1026.5,121919.69707305287,16540.73760682929,0.1,30.0,6.0,,,465.0,479681.39059804945,5552778.403247653,0.01,46.0,,,,,,,,,,,,0,
27,39,luxury,-93266.97141845338,1066.5,18109.412767085338,24383.939414610573,0.1,31.0,150.0,,,465.0,731518.1824383172,824785.1538567706,0.01,46.0,,,,,,,,,,,,0,
28,39,luxury,481844.3180537424,962.5,49063.33095469169,87626.19080847743,0.1,32.0,14.0,,,465.0,2716411.9150628005,2234567.597009058,0.01,46.0,,,,,,,,,,,,0,
29,39,luxury,-2386280.5609634644,994.5,67476.06084339954,21465.207292677616,0.1,31.0,5.0,,,465.0,686886.6333656837,3073167.194329148,0.01,46.0,,,,,,,,,,,,0,
30,39,luxury,-1326004.4469598634,1035.5,36522.142655793206,10883.235619903151,0.1,30.0,19.0,,,465.0,337380.3042169977,1663384.751176861,0.01,46.0,,,,,,,,,,,,0,
31,39,luxury,-147553.29010767222,1062.5,18475.841784729975,23130.690348669028,0.1,31.0,54.0,,,465.0,693920.7104600709,841474.0005677431,0.01,46.0,,,,,,,,,,,,0,
32,39,luxury,-1163812.322538463,1054.5,47459.19150530063,32183.724399207054,0.1,32.0,25.0,,,465.0,997695.4563754187,2161507.7789138816,0.01,46.0,,,,,,,,,,,,0,
33,39,luxury,-1804041.7798228664,1075.5,65661.45037974969,37077.493363516114,0.1,33.0,8.0,,,465.0,1186479.7876325157,2990521.567455382,0.01,46.0,,,,,,,,,,,,0,
34,39,luxury,-3024885.2833270687,1113.5,77949.5342886779,15917.927364787804,0.1,32.0,14.0,,,465.0,525291.6030379975,3550176.8863650663,0.01,46.0,,,,,,,,,,,,0,
35,39,luxury,-1138849.6279774366,1145.5,48966.18456810722,34102.92125129658,0.1,33.0,25.0,,,465.0,1091293.4800414906,2230143.1080189273,0.01,46.0,,,,,,,,,,,,0,
36,39,luxury,-2398820.9015260492,1166.5,79547.93894213214,37095.5943697782,0.1,34.0,12.0,,,465.0,1224154.6142026805,3622975.51572873,0.01,46.0,,,,,,,,,,,,0,
37,39,luxury,-3516958.133121797,1200.5,98179.31817939866,28075.743156046636,0.1,33.0,10.0,,,465.0,954575.2673055857,4471533.400427382,0.01,46.0,,,,,,,,,,,,0,
38,39,luxury,-2096907.8109235934,1236.5,67597.56380537373,29751.308539211714,0.1,34.0,13.0,,,465.0,981793.1817939866,3078700.99271758,0.01,46.0,,,,,,,,,,,,0,
39,39,luxury,-3664638.009304274,1269.5,99757.39787835818,25846.127337348782,0.1,33.0,12.0,,,465.0,878768.3294698586,4543406.338774133,0.01,46.0,,,,,,,,,,,,0,
40,39,luxury,-1881612.2181772818,1303.5,67597.56380537373,36275.41741031207,0.1,34.0,7.0,,,465.0,1197088.7745402982,3078700.99271758,0.01,46.0,,,,,,,,,,,,0,
41,39,luxury,-3959577.4572687424,1342.5,97327.99805690053,13917.145489341652,0.1,33.0,6.0,,,465.0,473182.94663761614,4432760.403906358,0.01,46.0,,,,,,,,,,,,0,
