data/saved_data/run_2025_05_06_2125_same_one_as_before_but_1000_more_households/firm_data.csv
Step,AgentID,FirmType,Profit,Inventory,ProductPrice,RevenuePerEmployee,ProductionLevel,NumEmployees,DemandReceived,InventoryDemandRatio,SellThroughRate,ProductionCapacity,Revenue,Costs,Markup,ProducedUnits,IncomeBracket,NumPeople,SpendRatio,PostTaxIncome,HouseholdExpense,HouseholdSavings,HealthLevel,Welfare,SkillLevel,SkillType,JobLevel,IsEmployed,Wage
4,50,luxury,-158698.6001756636,377.20000000000005,33811.70985503666,40023.69358745234,0.1,29.0,37.0,,,492.0,1120663.4204486655,1279362.020624329,0.295,49.0,,,,,,,,,,,,0,
5,50,luxury,-1197884.6941448804,389.20000000000005,62472.39563273776,43139.07809090884,0.1,30.0,31.0,,,492.0,1251033.2646363564,2448917.958781237,0.25,49.0,,,,,,,,,,,,0,
6,50,luxury,-1322626.5806475158,407.20000000000005,78155.98295974125,64554.80882049569,0.1,31.0,31.0,,,492.0,1936644.2646148705,3259270.8452623864,0.175,49.0,,,,,,,,,,,,0,
7,50,luxury,-1325017.4324642695,425.20000000000005,86047.6414529722,78155.98295974125,0.1,32.0,23.0,,,492.0,2422835.4717519786,3747852.904216248,0.12499999999999999,49.0,,,,,,,,,,,,0,
8,50,luxury,-2500148.317853141,451.20000000000005,96440.86528062385,61846.74229432376,0.1,31.0,11.0,,,492.0,1979095.7534183604,4479244.0712715015,0.05499999999999999,49.0,,,,,,,,,,,,0,
9,50,luxury,-2248838.6150277313,489.20000000000005,68220.10094338038,34220.952196350394,0.1,30.0,17.0,,,492.0,1060849.5180868623,3309688.1331145936,0.01,49.0,,,,,,,,,,,,0,
10,50,luxury,-1450545.6718118005,521.2,53803.88179436486,38658.05720124889,0.1,31.0,33.0,,,492.0,1159741.7160374667,2610287.387849267,0.01,49.0,,,,,,,,,,,,0,
11,50,luxury,-2230431.288635227,537.2,82571.81426848868,57275.099974646466,0.1,32.0,29.0,,,492.0,1775528.0992140404,4005959.387849267,0.01,49.0,,,,,,,,,,,,0,
12,50,luxury,-2466525.7789615826,557.2,100198.3546219771,74830.70668081786,0.1,33.0,7.0,,,492.0,2394582.6137861717,4861108.392747754,0.01,49.0,,,,,,,,,,,,0,
13,50,luxury,-5311168.229583805,599.2,123932.2888800966,21254.196434964837,0.1,32.0,14.0,,,492.0,701388.4823538397,6012556.711937645,0.01,49.0,,,,,,,,,,,,0,
14,50,luxury,-3126056.3484264016,634.2,100198.3546219771,54220.37638504226,0.1,33.0,8.0,,,492.0,1735052.0443213524,4861108.392747754,0.01,49.0,,,,,,,,,,,,0,
15,50,luxury,-5341329.288114456,675.2,126619.28897391606,24290.510211388388,0.1,32.0,12.0,,,492.0,801586.8369758168,6142916.125090273,0.01,49.0,,,,,,,,,,,,0,
16,50,luxury,-3341676.9250607616,712.2,100198.3546219771,47482.23336521852,0.1,33.0,24.0,,,492.0,1519431.4676869926,4861108.392747754,0.01,49.0,,,,,,,,,,,,0,
17,50,luxury,-3603692.90223542,737.2,123847.71068258752,72871.53063416516,0.1,34.0,11.0,,,492.0,2404760.5109274504,6008453.41316287,0.01,49.0,,,,,,,,,,,,0,
18,50,luxury,-5402137.742753449,775.2,139430.75604966888,40068.37698554302,0.1,33.0,7.0,,,492.0,1362324.8175084628,6764462.560261912,0.01,49.0,,,,,,,,,,,,0,
19,50,luxury,-4641102.247499114,817.2,115781.39998905845,29576.220980232792,0.1,32.0,15.0,,,492.0,976015.2923476822,5617117.539846796,0.01,49.0,,,,,,,,,,,,0,
20,50,luxury,-2484724.540010919,851.2,87013.46751493461,54272.53124487115,0.1,33.0,27.0,,,492.0,1736720.9998358767,4221445.539846796,0.01,49.0,,,,,,,,,,,,0,
21,50,luxury,-3110179.1824983633,873.2,112533.43103922822,71192.83705767378,0.1,34.0,9.0,,,492.0,2349363.622903235,5459542.805401598,0.01,49.0,,,,,,,,,,,,0,
22,50,luxury,-5591322.617086207,913.2,136125.8080668948,29788.261157442765,0.1,33.0,10.0,,,492.0,1012800.879353054,6604123.49643926,0.01,49.0,,,,,,,,,,,,0,
23,50,luxury,-4098284.7247326504,952.2,112533.43103922822,41250.244868755995,0.1,34.0,22.0,,,492.0,1361258.080668948,5459542.805401598,0.01,49.0,,,,,,,,,,,,0,
24,50,luxury,-4239895.475339573,979.2,138424.22712980394,72815.7494959712,0.1,35.0,15.0,,,492.0,2475735.482863021,6715630.958202594,0.01,49.0,,,,,,,,,,,,0,
25,50,luxury,-5188635.448657583,1013.2,149747.93253903586,59324.668769915974,0.1,34.0,10.0,,,492.0,2076363.406947059,7264998.855604642,0.01,49.0,,,,,,,,,,,,0,
26,50,luxury,-4529422.26465948,1052.2,124227.96901474221,44043.50957030466,0.1,33.0,9.0,,,492.0,1497479.3253903585,6026901.590049839,0.01,49.0,,,,,,,,,,,,0,
27,50,luxury,-3652761.716116164,1092.2,98337.17292416653,33880.35518583878,0.1,32.0,5.0,,,492.0,1118051.7211326798,4770813.437248844,0.01,49.0,,,,,,,,,,,,0,
28,50,luxury,-3547736.4055727567,1136.2,83261.55938028502,15365.18326940102,0.1,31.0,30.0,,,492.0,491685.86462083267,4039422.2701935894,0.01,49.0,,,,,,,,,,,,0,
29,50,luxury,-785566.3416859978,1155.2,67678.51401320368,80575.70262608227,0.1,32.0,40.0,,,492.0,2497846.7814085507,3283413.1230945485,0.01,49.0,,,,,,,,,,,,0,
30,50,luxury,-1710442.0858247038,1164.2,91056.29350530788,84598.1425165046,0.1,33.0,14.0,,,492.0,2707140.560528147,4417582.646352851,0.01,49.0,,,,,,,,,,,,0,
31,50,luxury,-3863011.1730792737,1199.2,105901.57487905194,38629.94269922153,0.1,32.0,13.0,,,492.0,1274788.1090743104,5137799.282153584,0.01,49.0,,,,,,,,,,,,0,
32,50,luxury,-2626909.2854676065,1235.2,82523.79538694774,43022.51479461485,0.1,33.0,16.0,,,492.0,1376720.4734276752,4003629.7588952817,0.01,49.0,,,,,,,,,,,,0,
33,50,luxury,-3973916.700079364,1268.2,109127.35288583429,40011.53715730799,0.1,32.0,18.0,,,492.0,1320380.7261911638,5294297.426270528,0.01,49.0,,,,,,,,,,,,0,
34,50,luxury,-2039337.4069502645,1299.2,82523.79538694774,61384.13599828179,0.1,33.0,34.0,,,492.0,1964292.3519450172,4003629.7588952817,0.01,49.0,,,,,,,,,,,,0,
35,50,luxury,-2330698.5063084722,1314.2,105874.94936906923,85024.51645927948,0.1,34.0,31.0,,,492.0,2805809.043156223,5136507.549464695,0.01,49.0,,,,,,,,,,,,0,
36,50,luxury,-2999113.853979451,1332.2,129470.39852641644,96533.04207179842,0.1,35.0,8.0,,,492.0,3282123.4304411463,6281237.284420597,0.01,49.0,,,,,,,,,,,,0,
37,50,luxury,-5958058.833948348,1373.2,144158.3693514879,29593.233948895184,0.1,34.0,2.0,,,492.0,1035763.1882113315,6993822.022159679,0.01,49.0,,,,,,,,,,,,0,
38,50,luxury,-5572627.49288729,1420.2,120807.21536936641,8479.904079499289,0.1,33.0,31.0,,,492.0,288316.7387029758,5860944.231590266,0.01,49.0,,,,,,,,,,,,0,
39,50,luxury,-971190.8201840054,1438.2,97211.76621201923,113485.56595304118,0.1,34.0,18.0,,,492.0,3745023.6764503587,4716214.496634364,0.01,49.0,,,,,,,,,,,,0,
40,50,luxury,-4158496.8594289813,1469.2,121783.50236682202,51465.052700480766,0.1,33.0,16.0,,,492.0,1749811.791816346,5908308.651245328,0.01,49.0,,,,,,,,,,,,0,
4,51,luxury,-785333.6224034345,530.5,34191.67311150828,16647.35681811884,0.1,27.0,45.0,,,445.0,432831.2772710898,1218164.8996745243,0.235,44.0,,,,,,,,,,,,0,
5,51,luxury,-869726.9949462409,529.5,66777.03911089044,56986.1218525138,0.1,28.0,41.0,,,445.0,1538625.2900178726,2408352.2849641135,0.21999999999999997,44.0,,,,,,,,,,,,0,
6,51,luxury,-374229.12729604915,532.5,83106.88637802543,97780.66441237529,0.1,29.0,22.0,,,445.0,2737858.603546508,3112087.7308425573,0.175,44.0,,,,,,,,,,,,0,
7,51,luxury,-1738207.4894677482,554.5,91190.42664356636,63046.60345919171,0.1,28.0,19.0,,,445.0,1828351.5003165596,3566558.989784308,0.12499999999999999,44.0,,,,,,,,,,,,0,
8,51,luxury,-643753.4982669575,579.5,56168.782102402845,61879.21807956289,0.1,27.0,37.0,,,445.0,1732618.106227761,2376371.6044947184,0.03999999999999998,44.0,,,,,,,,,,,,0,
9,51,luxury,405608.7791726305,586.5,38394.601859268994,76972.03473292242,0.1,28.0,72.0,,,445.0,2078244.9377889053,1672636.1586162748,0.01,44.0,,,,,,,,,,,,0,
10,51,luxury,-156074.12400616705,558.5,67038.41466849671,98728.97620954884,0.1,29.0,21.0,,,445.0,2764411.3338673674,2920485.4578735344,0.01,44.0,,,,,,,,,,,,0,
11,51,luxury,-2355729.2008385845,581.5,86390.25412671664,48545.05889787693,0.1,28.0,14.0,,,445.0,1407806.708038431,3763535.9088770156,0.01,44.0,,,,,,,,,,,,0,
12,51,luxury,-1306223.0518457233,611.5,57746.44131748892,43195.12706335832,0.1,27.0,25.0,,,445.0,1209463.557774033,2515686.609619756,0.01,44.0,,,,,,,,,,,,0,
13,51,luxury,-322885.39606228936,630.5,40550.26938043724,53468.92714582308,0.1,28.0,51.0,,,445.0,1443661.032937223,1766546.4289995125,0.01,44.0,,,,,,,,,,,,0,
14,51,luxury,-1007690.0330505138,623.5,70602.5281492003,73859.41922865354,0.1,29.0,18.0,,,445.0,2068063.7384022991,3075753.771452813,0.01,44.0,,,,,,,,,,,,0,
15,51,luxury,-2687890.1101539973,649.5,90870.97459402327,43822.258851227765,0.1,28.0,25.0,,,445.0,1270845.5066856053,3958735.6168396026,0.01,44.0,,,,,,,,,,,,0,
16,51,luxury,-377753.90953572,668.5,60818.71582526021,81134.79874466363,0.1,29.0,30.0,,,445.0,2271774.3648505816,2649528.2743863016,0.01,44.0,,,,,,,,,,,,0,
17,51,luxury,-2004654.4179832726,682.5,87897.90826751322,62915.91292268298,0.1,28.0,17.0,,,445.0,1824561.4747578064,3829215.892741079,0.01,44.0,,,,,,,,,,,,0,
18,51,luxury,-1155263.833838577,709.5,60818.71582526021,53366.58716241874,0.1,27.0,55.0,,,445.0,1494264.4405477247,2649528.2743863016,0.01,44.0,,,,,,,,,,,,0,
19,51,luxury,1538551.5470064913,698.5,41466.87636704028,123889.97668108561,0.1,28.0,45.0,,,445.0,3345029.3703893116,1806477.8233828202,0.01,44.0,,,,,,,,,,,,0,
20,51,luxury,-1086582.5636912482,697.5,67775.40573715308,66643.19416131474,0.1,27.0,26.0,,,445.0,1866009.4365168125,2952592.0002080607,0.01,44.0,,,,,,,,,,,,0,
21,51,luxury,-44317.27421684028,715.5,41466.87636704028,65265.20552466592,0.1,26.0,75.0,,,445.0,1762160.54916598,1806477.8233828202,0.01,44.0,,,,,,,,,,,,0,
22,51,luxury,2186519.74953199,684.5,21198.429922217307,119615.98952030849,0.1,27.0,98.0,,,445.0,3110015.7275280207,923495.9779960309,0.01,44.0,,,,,,,,,,,,0,
23,51,luxury,357077.9250057761,630.5,39490.269317158316,76942.44934730727,0.1,26.0,44.0,,,445.0,2077446.132377296,1720368.2073715199,0.01,44.0,,,,,,,,,,,,0,
24,51,luxury,814075.871958935,630.5,21198.429922217307,66829.68653672947,0.1,25.0,51.0,,,445.0,1737571.849954966,923495.9779960309,0.01,44.0,,,,,,,,,,,,0,
25,51,luxury,612095.2069788022,623.5,10766.248988149415,43244.797041323305,0.1,24.0,152.0,,,445.0,1081119.9260330827,469024.71905428043,0.01,44.0,,,,,,,,,,,,0,
26,51,luxury,-2612475.7086268566,515.5,97532.61165548209,68186.24359161296,0.1,25.0,12.0,,,445.0,1636469.846198711,4248945.554825568,0.01,44.0,,,,,,,,,,,,0,
27,51,luxury,470276.8563435592,547.5,16070.809370150882,46815.6535946314,0.1,24.0,113.0,,,445.0,1170391.339865785,700114.4835222259,0.01,44.0,,,,,,,,,,,,0,
28,51,luxury,-2432944.095998518,478.5,97532.61165548209,75666.72745112707,0.1,25.0,28.0,,,445.0,1816001.4588270497,4248945.554825568,0.01,44.0,,,,,,,,,,,,0,
29,51,luxury,2034955.9064521166,494.5,15975.381275568514,109236.52505413994,0.1,26.0,92.0,,,445.0,2730913.1263534985,695957.219901382,0.01,44.0,,,,,,,,,,,,0,
30,51,luxury,193191.30832914705,446.5,29302.48130479333,56528.27220585782,0.1,25.0,48.0,,,445.0,1469735.0773523033,1276543.7690231563,0.01,44.0,,,,,,,,,,,,0,
31,51,luxury,824146.9986827379,442.5,13368.086627698383,56260.7641052032,0.1,24.0,143.0,,,445.0,1406519.10263008,582372.103947342,0.01,44.0,,,,,,,,,,,,0,
32,51,luxury,-2337309.167064699,343.5,97532.61165548209,79651.51615670287,0.1,25.0,17.0,,,445.0,1911636.3877608688,4248945.554825568,0.01,44.0,,,,,,,,,,,,0,
33,51,luxury,891613.3102606174,370.5,17593.306390184036,66322.17592572782,0.1,24.0,215.0,,,445.0,1658054.3981431955,766441.0878825781,0.01,44.0,,,,,,,,,,,,0,
34,51,luxury,-466384.68093599984,199.5,99946.78521131084,157606.70307873198,0.1,25.0,9.0,,,445.0,3782560.873889568,4248945.554825568,0.035,44.0,,,,,,,,,,,,0,
35,51,luxury,182214.0765742677,234.5,16465.455540121584,35980.8426760719,0.1,24.0,212.0,,,445.0,899521.0669017975,717306.9903275298,0.01,44.0,,,,,,,,,,,,0,
4,52,luxury,-133795.3442261035,162.3,115353.35968799355,35789.25936029621,0.1,38.0,4.0,,,173.0,1324202.5963309598,1457997.9405570633,0.34500000000000003,17.0,,,,,,,,,,,,0,
5,52,luxury,-2314227.0810706792,175.3,203274.83787672737,12142.458914525638,0.1,37.0,5.0,,,173.0,461413.4387519742,2775640.5198226534,0.24500000000000002,17.0,,,,,,,,,,,,0,
6,52,luxury,-441623.7511734265,187.3,98200.44374925845,27469.572686044237,0.1,38.0,16.0,,,173.0,1016374.1893836368,1457997.9405570633,0.14500000000000002,17.0,,,,,,,,,,,,0,
7,52,luxury,-1216191.2464344825,188.3,186919.6428236554,41347.555262845664,0.1,39.0,4.0,,,173.0,1571207.0999881353,2787398.346422618,0.14,17.0,,,,,,,,,,,,0,
8,52,luxury,-2847546.6301262467,201.3,219943.17585497219,19171.24541781081,0.1,38.0,1.0,,,173.0,747678.5712946216,3595225.2014208683,0.04000000000000001,17.0,,,,,,,,,,,,0,
9,52,luxury,-2045881.619700342,217.3,134616.6416996603,5787.978311972952,0.1,37.0,3.0,,,173.0,219943.17585497219,2265824.795555314,0.01,17.0,,,,,,,,,,,,0,
10,52,luxury,-1054148.0154580823,231.3,86622.22549061227,10914.862840512997,0.1,38.0,19.0,,,173.0,403849.9250989809,1457997.9405570633,0.01,17.0,,,,,,,,,,,,0,
11,52,luxury,-1270299.6540363855,229.3,173251.94026409753,43311.112745306134,0.1,39.0,8.0,,,173.0,1645822.2843216332,2916121.9383580186,0.01,17.0,,,,,,,,,,,,0,
12,52,luxury,-2402433.485407882,238.3,225078.42779514357,35538.85954135334,0.1,38.0,2.0,,,173.0,1386015.5221127803,3788449.007520662,0.01,17.0,,,,,,,,,,,,0,
13,52,luxury,-1880168.15412942,253.3,138448.71302165827,11846.233041849662,0.1,37.0,4.0,,,173.0,450156.85559028713,2330325.009719707,0.01,17.0,,,,,,,,,,,,0,
14,52,luxury,-904203.0884704302,266.3,86622.22549061227,14967.428434773867,0.1,38.0,21.0,,,173.0,553794.8520866331,1457997.9405570633,0.01,17.0,,,,,,,,,,,,0,
15,52,luxury,-1164363.205254206,262.3,177250.82721834158,47870.17724481204,0.1,39.0,4.0,,,173.0,1819066.7353028576,2983429.9405570636,0.01,17.0,,,,,,,,,,,,0,
16,52,luxury,-3041365.4507230762,275.3,222816.01319861138,18179.572022394008,0.1,38.0,3.0,,,173.0,709003.3088733663,3750368.759596443,0.01,17.0,,,,,,,,,,,,0,
17,52,luxury,-1556488.7200006086,289.3,132187.4114708821,17590.7378841009,0.1,37.0,8.0,,,173.0,668448.0395958342,2224936.759596443,0.01,17.0,,,,,,,,,,,,0,
18,52,luxury,-400498.6487900065,298.3,86622.22549061227,28581.061939650182,0.1,38.0,27.0,,,173.0,1057499.2917670568,1457997.9405570633,0.01,17.0,,,,,,,,,,,,0,
19,52,luxury,-404848.9667404429,288.3,163005.02250187186,61547.370743329775,0.1,39.0,9.0,,,173.0,2338800.0882465313,2743649.054986974,0.01,17.0,,,,,,,,,,,,0,
20,52,luxury,-2026327.83176173,296.3,207547.44453375987,37616.543654278124,0.1,38.0,1.0,,,173.0,1467045.2025168468,3493373.0342785767,0.01,17.0,,,,,,,,,,,,0,
21,52,luxury,-2000174.475314906,312.3,131164.6475225003,5461.7748561515755,0.1,37.0,17.0,,,173.0,207547.44453375987,2207721.919848666,0.01,17.0,,,,,,,,,,,,0,
22,52,luxury,771801.0673254419,312.3,86622.22549061227,60264.83805087852,0.1,38.0,18.0,,,173.0,2229799.007882505,1457997.9405570633,0.01,17.0,,,,,,,,,,,,0,
23,52,luxury,-1211305.295776518,311.3,164600.60256194187,41031.58049555318,0.1,37.0,11.0,,,173.0,1559200.0588310207,2770505.354607539,0.01,17.0,,,,,,,,,,,,0,
24,52,luxury,352608.6876242971,317.3,86622.22549061227,48935.314275171906,0.1,38.0,23.0,,,173.0,1810606.6281813604,1457997.9405570633,0.01,17.0,,,,,,,,,,,,0,
25,52,luxury,-788973.1822249366,311.3,165241.00276194743,52429.24174431795,0.1,39.0,7.0,,,173.0,1992311.1862840822,2781284.368509019,0.01,17.0,,,,,,,,,,,,0,
26,52,luxury,-2531403.3859754866,321.3,219115.9464850743,29658.64152137518,0.1,38.0,7.0,,,173.0,1156687.019333632,3688090.405309119,0.01,17.0,,,,,,,,,,,,0,
27,52,luxury,-830992.3519616434,331.3,140497.16921373917,40363.4638261979,0.1,39.0,16.0,,,173.0,1533811.6253955201,2364803.9773571636,0.01,17.0,,,,,,,,,,,,0,
28,52,luxury,-1447859.2683611964,332.3,219574.81740964798,57639.86429281607,0.1,40.0,8.0,,,173.0,2247954.7074198266,3695813.975781023,0.01,17.0,,,,,,,,,,,,0,
29,52,luxury,-2743235.990654585,341.3,267343.09458164655,43914.9634819296,0.1,39.0,2.0,,,173.0,1756598.5392771838,4499834.529931769,0.01,17.0,,,,,,,,,,,,0,
30,52,luxury,-2634138.342344616,356.3,188265.44638573774,13709.902286238284,0.1,38.0,9.0,,,173.0,534686.1891632931,3168824.5315079093,0.01,17.0,,,,,,,,,,,,0,
31,52,luxury,-670414.9598855239,364.3,140497.16921373917,44589.184670306306,0.1,39.0,7.0,,,173.0,1694389.0174716397,2364803.9773571636,0.01,17.0,,,,,,,,,,,,0,
32,52,luxury,-2641621.4086414278,374.3,215373.67021737102,25217.44062810703,0.1,38.0,12.0,,,173.0,983480.1844961741,3625101.593137602,0.01,17.0,,,,,,,,,,,,0,
33,52,luxury,219680.06525128847,379.3,140497.16921373917,68012.73796338032,0.1,39.0,17.0,,,173.0,2584484.042608452,2364803.9773571636,0.01,17.0,,,,,,,,,,,,0,
34,52,luxury,-1501784.1007235977,379.3,231125.77094146848,61242.35581111707,0.1,38.0,3.0,,,173.0,2388451.876633566,3890235.9773571636,0.01,17.0,,,,,,,,,,,,0,
35,52,luxury,-1671426.664532758,393.3,140497.16921373917,18246.771390115933,0.1,37.0,7.0,,,173.0,693377.3128244055,2364803.9773571636,0.01,17.0,,,,,,,,,,,,0,
36,52,luxury,-474517.7560608892,403.3,86622.22549061227,26580.545526923623,0.1,38.0,14.0,,,173.0,983480.1844961741,1457997.9405570633,0.01,17.0,,,,,,,,,,,,0,
37,52,luxury,-1552416.0993286148,406.3,164281.08026341637,31913.451496541365,0.1,39.0,5.0,,,173.0,1212711.1568685719,2765127.2561971867,0.01,17.0,,,,,,,,,,,,0,
38,52,luxury,-2707141.7365112705,418.3,209637.1999746727,21061.676956848252,0.1,38.0,1.0,,,173.0,821405.4013170819,3528547.1378283524,0.01,17.0,,,,,,,,,,,,0,
39,52,luxury,-2011780.6222135567,434.3,131978.3452018686,5516.768420386124,0.1,37.0,14.0,,,173.0,209637.1999746727,2221417.8221882293,0.01,17.0,,,,,,,,,,,,0,
40,52,luxury,389698.89226909704,437.3,86622.22549061227,49937.752238544876,0.1,38.0,13.0,,,173.0,1847696.8328261604,1457997.9405570633,0.01,17.0,,,,,,,,,,,,0,
