data/saved_data/run_2025_05_06_2125_same_one_as_before_but_1000_more_households/firm_data.csv
Step,AgentID,FirmType,Profit,Inventory,ProductPrice,RevenuePerEmployee,ProductionLevel,NumEmployees,DemandReceived,InventoryDemandRatio,SellThroughRate,ProductionCapacity,Revenue,Costs,Markup,ProducedUnits,IncomeBracket,NumPeople,SpendRatio,PostTaxIncome,HouseholdExpense,HouseholdSavings,HealthLevel,Welfare,SkillLevel,SkillType,JobLevel,IsEmployed,Wage
4,53,luxury,472922.9954432489,74.10000000000002,57358.252934005475,38181.98020946002,0.1,42.0,39.0,,,261.0,1565461.188587861,1092538.193144612,0.36500000000000005,26.0,,,,,,,,,,,,0,
7,53,luxury,880324.5364703585,107.10000000000002,91658.42009101267,64775.4971273003,0.1,43.0,12.0,,,261.0,2720570.879346613,1840246.3428762543,0.29500000000000004,26.0,,,,,,,,,,,,0,
8,53,luxury,-1879045.590054361,121.10000000000002,142072.83386726314,25579.093978887257,0.1,42.0,13.0,,,261.0,1099901.041092152,2978946.631146513,0.24000000000000005,26.0,,,,,,,,,,,,0,
9,53,luxury,6700.497398166452,134.10000000000002,81749.40170279508,43974.92476843859,0.1,43.0,21.0,,,261.0,1846946.8402744208,1840246.3428762543,0.15500000000000003,26.0,,,,,,,,,,,,0,
10,53,luxury,-1279004.478675483,139.10000000000002,125014.60969794134,39924.12641299295,0.1,42.0,17.0,,,261.0,1716737.4357586966,2995741.9144341797,0.08500000000000003,26.0,,,,,,,,,,,,0,
11,53,luxury,285002.02198874834,148.10000000000002,72902.06385617224,50601.15154440483,0.1,43.0,29.0,,,261.0,2125248.3648650027,1840246.3428762543,0.03000000000000004,26.0,,,,,,,,,,,,0,
12,53,luxury,-814533.9790776428,145.10000000000002,113768.4867479699,49166.50818206966,0.1,42.0,7.0,,,261.0,2114159.851828995,2928693.830906638,0.01,26.0,,,,,,,,,,,,0,
13,53,luxury,-1043866.935640465,164.10000000000002,71486.48980071259,18961.414457994986,0.1,41.0,24.0,,,261.0,796379.4072357893,1840246.3428762543,0.01,26.0,,,,,,,,,,,,0,
14,53,luxury,530745.6678235056,166.10000000000002,46029.97470144453,41845.75012724639,0.1,42.0,83.0,,,261.0,1715675.7552171021,1184930.0873935965,0.01,26.0,,,,,,,,,,,,0,
15,53,luxury,1478642.8664892572,109.10000000000002,94124.1525432448,90963.99762428323,0.1,43.0,21.0,,,261.0,3820487.900219896,2341845.0337306387,0.045,26.0,,,,,,,,,,,,0,
16,53,luxury,-1039886.0545036569,114.10000000000002,117179.15666583688,45967.60938158467,0.1,42.0,7.0,,,261.0,1976607.2034081407,3016493.2579117976,0.010000000000000002,26.0,,,,,,,,,,,,0,
17,53,luxury,-1039324.2149138971,133.10000000000002,72237.46240204001,19529.859444306145,0.1,41.0,35.0,,,261.0,820254.0966608581,1859578.3115747552,0.01,26.0,,,,,,,,,,,,0,
18,53,luxury,1343381.0966778037,124.10000000000002,46029.97470144453,61666.12644076586,0.1,42.0,49.0,,,261.0,2528311.1840714,1184930.0873935965,0.01,26.0,,,,,,,,,,,,0,
19,53,luxury,-29403.72007521009,101.10000000000002,88758.50448045952,53701.63715168529,0.1,41.0,13.0,,,261.0,2255468.760370782,2284872.480445992,0.01,26.0,,,,,,,,,,,,0,
20,53,luxury,-31069.52914762264,114.10000000000002,46029.97470144453,28142.940445023753,0.1,40.0,30.0,,,261.0,1153860.558245974,1184930.0873935965,0.01,26.0,,,,,,,,,,,,0,
21,53,luxury,943677.3033813818,110.10000000000002,16984.390002083994,34522.4810260834,0.1,41.0,102.0,,,261.0,1380899.241043336,437221.93766195426,0.01,26.0,,,,,,,,,,,,0,
22,53,luxury,594276.7304834004,34.10000000000002,47057.33966928903,42253.848297867495,0.1,42.0,23.0,,,261.0,1732407.7802125674,1138131.049729167,0.075,26.0,,,,,,,,,,,,0,
4,54,luxury,-501927.781332126,160.8,91764.49961109161,58753.04038465807,0.1,14.0,23.0,,,178.0,763789.5250005549,1265717.3063326809,0.30500000000000005,18.0,,,,,,,,,,,,0,
5,54,luxury,-305126.0795507366,155.8,173125.84294198308,150755.96364679336,0.1,15.0,3.0,,,178.0,2110583.491055107,2415709.570605844,0.29000000000000004,18.0,,,,,,,,,,,,0,
6,54,luxury,-2604043.7705261894,170.8,206492.84109645576,34625.16858839661,0.1,14.0,11.0,,,178.0,519377.52882594924,3123421.299352139,0.19000000000000003,18.0,,,,,,,,,,,,0,
7,54,luxury,297992.21698203706,177.8,121146.6090342033,162244.37514721524,0.1,15.0,9.0,,,178.0,2271421.252061013,1973429.035078976,0.10500000000000002,18.0,,,,,,,,,,,,0,
8,54,luxury,-2058312.505013395,186.8,183670.18899817206,72687.96542052198,0.1,14.0,6.0,,,178.0,1090319.4813078297,3148631.986321225,0.05000000000000003,18.0,,,,,,,,,,,,0,
9,54,luxury,-871407.9010899437,198.8,110731.28970547089,78715.79528493088,0.1,15.0,15.0,,,178.0,1102021.1339890324,1973429.035078976,0.01,18.0,,,,,,,,,,,,0,
10,54,luxury,-1496790.2857397278,201.8,177185.3916916454,110731.28970547089,0.1,16.0,7.0,,,178.0,1660969.3455820633,3157759.631321791,0.01,18.0,,,,,,,,,,,,0,
11,54,luxury,-2605392.292280863,212.8,215785.92881542642,77518.60886509487,0.1,15.0,5.0,,,178.0,1240297.7418415179,3845690.034122381,0.01,18.0,,,,,,,,,,,,0,
12,54,luxury,-1582429.7938024336,225.8,149331.82682925192,71928.64293847546,0.1,14.0,13.0,,,178.0,1078929.644077132,2661359.4378795656,0.01,18.0,,,,,,,,,,,,0,
13,54,luxury,-32115.286298701074,230.8,110731.28970547089,138665.26777001965,0.1,15.0,30.0,,,178.0,1941313.748780275,1973429.035078976,0.01,18.0,,,,,,,,,,,,0,
14,54,luxury,204285.29053212097,218.8,174934.98665018548,221462.57941094178,0.1,16.0,6.0,,,178.0,3321938.6911641266,3117653.4006320057,0.01,18.0,,,,,,,,,,,,0,
15,54,luxury,-2748835.576365023,230.8,213134.9854496562,65600.61999381956,0.1,15.0,6.0,,,178.0,1049609.919901113,3798445.496266136,0.01,18.0,,,,,,,,,,,,0,
16,54,luxury,-1375411.2180151693,242.8,148931.28850494162,85253.9941798625,0.1,16.0,6.0,,,178.0,1278809.9126979373,2654221.1307131066,0.01,18.0,,,,,,,,,,,,0,
17,54,luxury,-2926468.8985447856,254.8,214347.61008458718,55849.23318935311,0.1,15.0,2.0,,,178.0,893587.7310296497,3820056.6295744353,0.01,18.0,,,,,,,,,,,,0,
18,54,luxury,-2225525.910543932,270.8,148931.28850494162,28579.681344611625,0.1,14.0,10.0,,,178.0,428695.22016917437,2654221.1307131066,0.01,18.0,,,,,,,,,,,,0,
19,54,luxury,-484116.15002955985,278.8,110731.28970547089,106379.49178924401,0.1,15.0,12.0,,,178.0,1489312.8850494162,1973429.035078976,0.01,18.0,,,,,,,,,,,,0,
20,54,luxury,-1779304.1043127056,284.8,174397.78901046392,88585.0317643767,0.1,14.0,11.0,,,178.0,1328775.4764656506,3108079.580778356,0.01,18.0,,,,,,,,,,,,0,
21,54,luxury,-55053.35596387298,291.8,110731.28970547089,137026.83422250737,0.1,15.0,18.0,,,178.0,1918375.679115103,1973429.035078976,0.01,18.0,,,,,,,,,,,,0,
22,54,luxury,-1156950.9200674717,291.8,176756.39440873402,132877.54764656507,0.1,14.0,7.0,,,178.0,1993163.214698476,3150114.1347659477,0.01,18.0,,,,,,,,,,,,0,
23,54,luxury,-736134.274217838,302.8,110731.28970547089,88378.19720436701,0.1,13.0,24.0,,,178.0,1237294.760861138,1973429.035078976,0.01,18.0,,,,,,,,,,,,0,
24,54,luxury,1391833.6465986203,296.8,71020.80046528929,204426.99637933087,0.1,14.0,34.0,,,178.0,2657550.952931301,1265717.3063326809,0.01,18.0,,,,,,,,,,,,0,
25,54,luxury,27048.129726540763,280.8,133974.19683222394,172479.086844274,0.1,13.0,17.0,,,178.0,2414707.2158198357,2387659.086093295,0.01,18.0,,,,,,,,,,,,0,
26,54,luxury,1011844.039815126,281.8,71020.80046528929,175197.02662675438,0.1,14.0,19.0,,,178.0,2277561.346147807,1265717.3063326809,0.01,18.0,,,,,,,,,,,,0,
27,54,luxury,-1138108.4373354102,280.8,139576.58572561553,96385.37206003546,0.1,13.0,8.0,,,178.0,1349395.2088404964,2487503.6461759065,0.01,18.0,,,,,,,,,,,,0,
28,54,luxury,-149104.62052775663,290.8,71020.80046528929,85893.28352345571,0.1,12.0,20.0,,,178.0,1116612.6858049242,1265717.3063326809,0.01,18.0,,,,,,,,,,,,0,
29,54,luxury,881976.908405552,288.8,30212.4145387123,118368.00077548214,0.1,13.0,102.0,,,178.0,1420416.0093057856,538439.1009002336,0.01,18.0,,,,,,,,,,,,0,
30,54,luxury,1825604.200720497,204.8,70479.03514285578,237051.2525345119,0.1,14.0,20.0,,,178.0,3081666.2829486546,1256062.0822281577,0.01,18.0,,,,,,,,,,,,0,
31,54,luxury,-971161.958922893,202.8,133586.10860065,100684.3359183654,0.1,13.0,21.0,,,178.0,1409580.7028571155,2380742.6617800086,0.01,18.0,,,,,,,,,,,,0,
32,54,luxury,1549246.1983854924,199.8,70479.03514285578,215792.94466258847,0.1,14.0,36.0,,,178.0,2805308.28061365,1256062.0822281577,0.01,18.0,,,,,,,,,,,,0,
33,54,luxury,-31571.176917802077,181.8,144139.13679678217,181231.80465305768,0.1,13.0,2.0,,,178.0,2537245.2651428077,2568816.44206061,0.01,18.0,,,,,,,,,,,,0,
34,54,luxury,-967783.8086345934,197.8,70479.03514285578,22175.251814889565,0.1,12.0,51.0,,,178.0,288278.27359356434,1256062.0822281577,0.01,18.0,,,,,,,,,,,,0,
35,54,luxury,3055991.6913854107,164.8,30212.4145387123,299535.89935713704,0.1,13.0,76.0,,,178.0,3594430.7922856444,538439.1009002336,0.01,18.0,,,,,,,,,,,,0,
36,54,luxury,1015982.085022744,106.80000000000001,75742.87980395951,176626.4234570873,0.1,12.0,38.0,,,178.0,2296143.504942135,1280161.419919391,0.06499999999999999,18.0,,,,,,,,,,,,0,
37,54,luxury,2339790.331650228,86.80000000000001,31708.078624787166,239852.45271253845,0.1,13.0,57.0,,,178.0,2878229.4325504615,538439.1009002336,0.05999999999999999,18.0,,,,,,,,,,,,0,
38,54,luxury,548889.4873383441,47.80000000000001,75857.8307183349,139027.72935483602,0.1,12.0,30.0,,,178.0,1807360.4816128684,1258470.9942745243,0.08499999999999999,18.0,,,,,,,,,,,,0,
4,55,luxury,-2096.9563405015506,106.80000000000001,82005.03331710552,62237.895361577626,0.1,18.0,20.0,,,168.0,1058044.2211468196,1060141.1774873212,0.31500000000000006,17.0,,,,,,,,,,,,0,
5,55,luxury,-422365.4041638104,103.80000000000001,157717.98434939486,91116.7036856728,0.1,19.0,5.0,,,168.0,1640100.6663421104,2062466.0705059208,0.30000000000000004,17.0,,,,,,,,,,,,0,
6,55,luxury,-1876477.493730607,115.80000000000001,188122.39473239426,41504.73272352497,0.1,18.0,4.0,,,168.0,788589.9217469743,2665067.4154775813,0.20000000000000004,17.0,,,,,,,,,,,,0,
7,55,luxury,-910252.9435294045,128.8,107589.21571268611,41804.976607198725,0.1,19.0,29.0,,,168.0,752489.578929577,1662742.5224589815,0.10000000000000003,17.0,,,,,,,,,,,,0,
8,55,luxury,435834.0200865166,116.80000000000001,165002.61565764277,164215.11871936303,0.1,20.0,5.0,,,168.0,3120087.2556678974,2684253.235581381,0.04500000000000004,17.0,,,,,,,,,,,,0,
9,55,luxury,-2598659.682248675,128.8,203406.4285138723,41250.653914410694,0.1,19.0,8.0,,,168.0,825013.0782882138,3423672.7605368886,0.01,17.0,,,,,,,,,,,,0,
10,55,luxury,-774910.6193035108,137.8,142716.67795129152,85644.81200584097,0.1,20.0,22.0,,,168.0,1627251.4281109783,2402162.047414489,0.01,17.0,,,,,,,,,,,,0,
11,55,luxury,-299455.16846487764,132.8,204330.24117041074,156988.34574642067,0.1,21.0,8.0,,,168.0,3139766.9149284135,3439222.083393291,0.01,17.0,,,,,,,,,,,,0,
12,55,luxury,-2223771.7565622786,141.8,229235.15256174514,77840.09187444218,0.1,20.0,2.0,,,168.0,1634641.929363286,3858413.6859255647,0.01,17.0,,,,,,,,,,,,0,
13,55,luxury,-2362883.3448232724,156.8,167621.58934262593,22923.515256174513,0.1,19.0,14.0,,,168.0,458470.3051234903,2821353.6499467627,0.01,17.0,,,,,,,,,,,,0,
14,55,luxury,127949.94582166104,159.8,131819.9821296983,123510.64477877702,0.1,20.0,9.0,,,168.0,2346702.250796763,2218752.304975102,0.01,17.0,,,,,,,,,,,,0,
15,55,luxury,-2015042.8609462879,167.8,190202.16099485572,59318.99195836424,0.1,19.0,10.0,,,168.0,1186379.8391672848,3201422.7001135726,0.01,17.0,,,,,,,,,,,,0,
16,55,luxury,-316730.6950265451,174.8,131819.9821296983,100106.40052360827,0.1,20.0,13.0,,,168.0,1902021.609948557,2218752.304975102,0.01,17.0,,,,,,,,,,,,0,
17,55,luxury,-1507279.4864772176,178.8,191361.67384372084,85682.9883843039,0.1,19.0,9.0,,,168.0,1713659.7676860779,3220939.2541632955,0.01,17.0,,,,,,,,,,,,0,
18,55,luxury,-496497.24038161454,186.8,131819.9821296983,90645.00339965725,0.1,20.0,11.0,,,168.0,1722255.0645934877,2218752.304975102,0.01,17.0,,,,,,,,,,,,0,
19,55,luxury,-1782553.8346912966,192.8,192052.89308507438,72500.99017133407,0.1,19.0,8.0,,,168.0,1450019.8034266813,3232573.638117978,0.01,17.0,,,,,,,,,,,,0,
20,55,luxury,-682329.1602945072,201.8,131819.9821296983,80864.3760358208,0.1,20.0,12.0,,,168.0,1536423.144680595,2218752.304975102,0.01,17.0,,,,,,,,,,,,0,
21,55,luxury,-1671883.8705859482,206.8,193309.45290554693,79091.98927781898,0.1,19.0,10.0,,,168.0,1581839.7855563797,3253723.656142328,0.01,17.0,,,,,,,,,,,,0,
22,55,luxury,-285657.775919633,213.8,131819.9821296983,101741.81731870891,0.1,20.0,6.0,,,168.0,1933094.5290554692,2218752.304975102,0.01,17.0,,,,,,,,,,,,0,
23,55,luxury,-2411551.6191739133,224.8,190264.47275336183,39545.99463890949,0.1,19.0,6.0,,,168.0,790919.8927781899,3202471.511952103,0.01,17.0,,,,,,,,,,,,0,
24,55,luxury,-1077165.4684549312,235.8,131819.9821296983,60083.51771158795,0.1,20.0,14.0,,,168.0,1141586.836520171,2218752.304975102,0.01,17.0,,,,,,,,,,,,0,
25,55,luxury,-1355907.8676596775,238.8,190200.07667353717,92273.98749078882,0.1,21.0,4.0,,,168.0,1845479.7498157762,3201387.6174754538,0.01,17.0,,,,,,,,,,,,0,
26,55,luxury,-3060447.7854305673,251.8,227027.07917758139,36228.5860330547,0.1,20.0,3.0,,,168.0,760800.3066941487,3821248.092124716,0.01,17.0,,,,,,,,,,,,0,
27,55,luxury,-2157531.54209162,265.8,168646.98463374254,34054.061876637206,0.1,19.0,8.0,,,168.0,681081.2375327442,2838612.7796243643,0.01,17.0,,,,,,,,,,,,0,
28,55,luxury,-869576.4279051619,274.8,131819.9821296983,71009.2566878916,0.1,20.0,10.0,,,168.0,1349175.8770699403,2218752.304975102,0.01,17.0,,,,,,,,,,,,0,
29,55,luxury,-2018339.393565001,281.8,198229.67110476072,65909.99106484915,0.1,19.0,4.0,,,168.0,1318199.821296983,3336539.214861984,0.01,17.0,,,,,,,,,,,,0,
30,55,luxury,-1425833.6205560593,294.8,131819.9821296983,41732.56233784436,0.1,18.0,8.0,,,168.0,792918.6844190429,2218752.304975102,0.01,17.0,,,,,,,,,,,,0,
31,55,luxury,-536855.8361014244,303.8,94548.80914832893,58586.65872431036,0.1,19.0,9.0,,,168.0,1054559.8570375864,1591415.6931390108,0.01,17.0,,,,,,,,,,,,0,
32,55,luxury,-1333180.7888671365,311.8,129762.42012657045,44786.2780176295,0.1,18.0,13.0,,,168.0,850939.2823349604,2184120.071202097,0.01,17.0,,,,,,,,,,,,0,
33,55,luxury,95495.76850640494,315.8,94548.80914832893,93717.30342474532,0.1,19.0,16.0,,,168.0,1686911.4616454158,1591415.6931390108,0.01,17.0,,,,,,,,,,,,0,
34,55,luxury,-715793.657732035,316.8,132403.54222016523,79620.0498091191,0.1,18.0,14.0,,,168.0,1512780.946373263,2228574.604105298,0.01,17.0,,,,,,,,,,,,0,
35,55,luxury,262233.8979433023,319.8,94548.80914832893,102980.53283790628,0.1,19.0,15.0,,,168.0,1853649.591082313,1591415.6931390108,0.01,17.0,,,,,,,,,,,,0,
36,55,luxury,-837088.8407060681,321.8,133992.59139516004,74643.79669604916,0.1,18.0,4.0,,,168.0,1418232.137224934,2255320.977931002,0.01,17.0,,,,,,,,,,,,0,
37,55,luxury,-1055445.3275583708,334.8,94548.80914832893,29776.131421146674,0.1,17.0,29.0,,,168.0,535970.3655806402,1591415.6931390108,0.01,17.0,,,,,,,,,,,,0,
38,55,luxury,1889919.2971180356,322.8,50618.59289686737,161289.14501773758,0.1,18.0,48.0,,,168.0,2741915.465301539,851996.1681835032,0.01,17.0,,,,,,,,,,,,0,
39,55,luxury,938581.3593526608,291.8,88589.53659437681,134982.9143916463,0.1,17.0,17.0,,,168.0,2429692.4590496337,1491111.0996969729,0.01,17.0,,,,,,,,,,,,0,
40,55,luxury,654025.9539209027,291.8,50618.59289686737,88589.53659437681,0.1,16.0,26.0,,,168.0,1506022.122104406,851996.1681835032,0.01,17.0,,,,,,,,,,,,0,
4,56,luxury,496419.7429866928,148.89999999999998,59967.875752283835,114481.91807671096,0.1,18.0,26.0,,,329.0,1946192.6073040864,1449772.8643173936,0.36500000000000005,33.0,,,,,,,,,,,,0,
5,56,luxury,-1097374.0557016777,155.89999999999998,106261.54979039535,86620.26497552109,0.1,17.0,22.0,,,329.0,1559164.7695593797,2656538.8252610574,0.32000000000000006,33.0,,,,,,,,,,,,0,
6,56,luxury,887981.2310713043,166.89999999999998,54695.974587247896,137514.94678757046,0.1,18.0,42.0,,,329.0,2337754.095388698,1449772.8643173936,0.24500000000000005,33.0,,,,,,,,,,,,0,
7,56,luxury,-397529.09320330527,157.89999999999998,100032.75550470297,127623.94070357842,0.1,17.0,20.0,,,329.0,2297230.9326644116,2694760.025867717,0.22500000000000006,33.0,,,,,,,,,,,,0,
8,56,luxury,550882.2457766659,170.89999999999998,51401.036359100435,117685.59471141527,0.1,16.0,38.0,,,329.0,2000655.1100940595,1449772.8643173936,0.17000000000000007,33.0,,,,,,,,,,,,0,
9,56,luxury,1402835.369303626,165.89999999999998,18596.983489835126,122077.46135286354,0.1,17.0,61.0,,,329.0,1953239.3816458166,550404.0123421907,0.11500000000000007,33.0,,,,,,,,,,,,0,
10,56,luxury,-194578.14885681658,137.89999999999998,44702.52886743255,66730.35252234957,0.1,16.0,68.0,,,329.0,1134415.9928799428,1328994.1417367593,0.11000000000000007,33.0,,,,,,,,,,,,0,
11,56,luxury,2489367.9506432223,102.89999999999998,18763.77257943006,189985.74768658832,0.1,17.0,240.0,,,329.0,3039771.962985413,550404.0123421907,0.12500000000000006,33.0,,,,,,,,,,,,0,
