data/saved_data/run_2025_05_06_2125_same_one_as_before_but_1000_more_households/firm_data.csv
Step,AgentID,FirmType,Profit,Inventory,ProductPrice,RevenuePerEmployee,ProductionLevel,NumEmployees,DemandReceived,InventoryDemandRatio,SellThroughRate,ProductionCapacity,Revenue,Costs,Markup,ProducedUnits,IncomeBracket,NumPeople,SpendRatio,PostTaxIncome,HouseholdExpense,HouseholdSavings,HealthLevel,Welfare,SkillLevel,SkillType,JobLevel,IsEmployed,Wage
8,28,necessity,502936.35060503427,0.0,65.34191508652928,33143.24379509058,1.0,26.0,23508.0,,,6728.0,828581.0948772646,325644.7442722303,0.35,6728.0,,,,,,,,,,,,0,
9,28,necessity,-94055.83093515818,0.0,107.08426248562833,16908.477103929577,1.0,25.0,18772.0,,,6728.0,439620.404702169,533676.2356373272,0.35,6728.0,,,,,,,,,,,,0,
10,28,necessity,394818.1737310771,0.0,65.34191508652928,28818.5167201323,1.0,26.0,27570.0,,,6728.0,720462.9180033074,325644.7442722303,0.35,6728.0,,,,,,,,,,,,0,
11,28,necessity,-92551.70787264977,0.0,106.78245420172755,16908.477103929577,1.0,25.0,13958.0,,,6728.0,439620.404702169,532172.1125748188,0.35,6728.0,,,,,,,,,,,,0,
12,28,necessity,392787.60759699263,0.0,65.34191508652928,28737.294074768917,1.0,26.0,24411.0,,,6728.0,718432.3518692229,325644.7442722303,0.35,6728.0,,,,,,,,,,,,0,
13,28,necessity,-108437.27195743076,0.0,109.96995591267684,16908.477103929577,1.0,25.0,13516.0,,,6728.0,439620.404702169,548057.6766595998,0.35,6728.0,,,,,,,,,,,,0,
14,28,necessity,414233.11910825945,0.0,65.34191508652928,29595.11453521959,1.0,26.0,32234.0,,,6728.0,739877.8633804898,325644.7442722303,0.35,6728.0,,,,,,,,,,,,0,
15,28,necessity,-89360.26387428201,0.0,106.14207825090172,16908.477103929577,1.0,25.0,20604.0,,,6728.0,439620.404702169,528980.668576451,0.35,6728.0,,,,,,,,,,,,0,
16,28,necessity,388479.1581998365,0.0,65.34191508652928,28564.95609888267,1.0,26.0,17044.0,,,6728.0,714123.9024720668,325644.7442722303,0.35,6728.0,,,,,,,,,,,,0,
17,28,necessity,-100469.52449966688,0.0,108.3711956471622,16908.477103929577,1.0,25.0,11050.0,,,6728.0,439620.404702169,540089.9292018359,0.35,6728.0,,,,,,,,,,,,0,
18,28,necessity,403476.66004187695,0.0,65.34191508652928,29164.85617256429,1.0,26.0,28685.0,,,6728.0,729121.4043141073,325644.7442722303,0.35,6728.0,,,,,,,,,,,,0,
19,28,necessity,-128600.55549252627,0.0,114.01579907087141,16908.477103929577,1.0,25.0,19649.0,,,6728.0,439620.404702169,568220.9601946953,0.35,6728.0,,,,,,,,,,,,0,
20,28,necessity,441453.55187659257,0.0,65.34191508652928,30683.931845952917,1.0,26.0,19658.0,,,6728.0,767098.2961488229,325644.7442722303,0.35,6728.0,,,,,,,,,,,,0,
21,28,necessity,-106103.62616883311,0.0,109.50170058952902,16908.477103929577,1.0,25.0,12536.0,,,6728.0,439620.404702169,545724.0308710021,0.35,6728.0,,,,,,,,,,,,0,
22,28,necessity,411082.6972941209,0.0,65.34191508652928,29469.09766265405,1.0,26.0,34542.0,,,6728.0,736727.4415663512,325644.7442722303,0.35,6728.0,,,,,,,,,,,,0,
23,28,necessity,-150740.01789552253,0.0,118.45817039066965,16908.477103929577,1.0,25.0,12006.0,,,6728.0,439620.404702169,590360.4225976915,0.35,6728.0,,,,,,,,,,,,0,
24,28,necessity,471341.82611619506,0.0,65.34191508652928,31879.462815537016,1.0,26.0,22172.0,,,6728.0,796986.5703884254,325644.7442722303,0.35,6728.0,,,,,,,,,,,,0,
25,28,necessity,-104181.29628662672,0.0,109.11597744140285,16908.477103929577,1.0,25.0,12312.0,,,6728.0,439620.404702169,543801.7009887957,0.35,6728.0,,,,,,,,,,,,0,
26,28,necessity,408487.5519535281,0.0,65.34191508652928,29365.291849030335,1.0,26.0,20065.0,,,6728.0,734132.2962257584,325644.7442722303,0.35,6728.0,,,,,,,,,,,,0,
27,28,necessity,-115704.09869268746,0.0,111.42807364322654,16908.477103929577,1.0,25.0,13921.0,,,6728.0,439620.404702169,555324.5033948565,0.35,6728.0,,,,,,,,,,,,0,
28,28,necessity,424043.3351993979,0.0,65.34191508652928,29987.52317886513,1.0,26.0,19075.0,,,6728.0,749688.0794716282,325644.7442722303,0.35,6728.0,,,,,,,,,,,,0,
29,28,necessity,-106537.58646213543,0.0,109.58877645098427,16908.477103929577,1.0,25.0,14131.0,,,6728.0,439620.404702169,546157.9911643044,0.35,6728.0,,,,,,,,,,,,0,
30,28,necessity,411668.5436899918,0.0,65.34191508652928,29492.531518488886,1.0,26.0,19491.0,,,6728.0,737313.2879622221,325644.7442722303,0.35,6728.0,,,,,,,,,,,,0,
31,28,necessity,-96108.98095831217,0.0,107.49623521613458,16908.477103929577,1.0,25.0,11013.0,,,6728.0,439620.404702169,535729.3856604812,0.35,6728.0,,,,,,,,,,,,0,
32,28,necessity,397589.92626192316,0.0,65.34191508652928,28929.386821366137,1.0,26.0,16826.0,,,6728.0,723234.6705341535,325644.7442722303,0.35,6728.0,,,,,,,,,,,,0,
33,28,necessity,-173975.95644792088,0.0,123.12055401746444,16908.477103929577,1.0,25.0,13419.0,,,6728.0,439620.404702169,613596.3611500899,0.35,6728.0,,,,,,,,,,,,0,
34,28,necessity,502710.34315727046,0.0,65.34191508652928,33134.20349718003,1.0,26.0,30285.0,,,6728.0,828355.0874295008,325644.7442722303,0.35,6728.0,,,,,,,,,,,,0,
35,28,necessity,-90885.7502097009,0.0,106.44817316060883,16908.477103929577,1.0,25.0,12223.0,,,6728.0,439620.404702169,530506.1549118699,0.35,6728.0,,,,,,,,,,,,0,
36,28,necessity,390538.5647523459,0.0,65.34191508652928,28647.332360983048,1.0,26.0,33436.0,,,6728.0,716183.3090245762,325644.7442722303,0.35,6728.0,,,,,,,,,,,,0,
37,28,necessity,-94112.77146689768,0.0,107.09568783013441,16908.477103929577,1.0,25.0,19425.0,,,6728.0,439620.404702169,533733.1761690667,0.35,6728.0,,,,,,,,,,,,0,
38,28,necessity,394895.04344891396,0.0,65.34191508652928,28821.59150884577,1.0,26.0,22030.0,,,6728.0,720539.7877211443,325644.7442722303,0.35,6728.0,,,,,,,,,,,,0,
39,28,necessity,-134652.94536325883,0.0,115.23023520705966,16908.477103929577,1.0,25.0,14397.0,,,6728.0,439620.404702169,574273.3500654278,0.35,6728.0,,,,,,,,,,,,0,
40,28,necessity,449624.2782008671,0.0,65.34191508652928,31010.760898923898,1.0,26.0,29231.0,,,6728.0,775269.0224730974,325644.7442722303,0.35,6728.0,,,,,,,,,,,,0,
41,28,necessity,-94652.03221243061,0.0,107.20389264677551,16908.477103929577,1.0,25.0,12228.0,,,6728.0,439620.404702169,534272.4369145996,0.35,6728.0,,,,,,,,,,,,0,
9,5,necessity,487287.22140790557,0.0,122.90903658999854,12251.549582754358,1.0,93.0,20239.0,,,7028.0,1127142.561613401,639855.3402054954,0.35,7028.0,,,,,,,,,,,,0,
10,5,necessity,-160138.28197814862,0.0,196.6879678190667,9288.222679080749,1.0,92.0,6161.0,,,7028.0,863804.7091545097,1023942.9911326583,0.35,7028.0,,,,,,,,,,,,0,
11,5,necessity,571939.2295277746,867.0,122.90903658999854,13171.680105796413,1.0,93.0,20123.0,,,7028.0,1211794.56973327,639855.3402054954,0.35,7028.0,,,,,,,,,,,,0,
12,5,necessity,-75957.71874757519,0.0,200.987216753499,10434.05208471009,1.0,92.0,2726.0,,,7028.0,970366.8438780385,1046324.5626256136,0.35,7028.0,,,,,,,,,,,,0,
13,5,necessity,-91964.18733545707,4302.0,122.90903658999854,5955.33861815259,1.0,91.0,20477.0,,,7028.0,547891.1528700383,639855.3402054954,0.35,7028.0,,,,,,,,,,,,0,
14,5,necessity,1053691.4913356614,0.0,65.09272279369476,15302.850379831685,1.0,92.0,47115.0,,,7028.0,1392559.3845646833,338867.89322902187,0.35,7028.0,,,,,,,,,,,,0,
15,5,necessity,-113636.14114606875,0.0,109.70340434825081,4972.517997761813,1.0,91.0,19469.0,,,7028.0,457471.6557940868,571107.7969401556,0.35,7028.0,,,,,,,,,,,,0,
16,5,necessity,432127.6325304849,0.0,65.09272279369476,8472.478305049524,1.0,92.0,42049.0,,,7028.0,770995.5257595067,338867.89322902187,0.35,7028.0,,,,,,,,,,,,0,
17,5,necessity,-124759.78224224836,0.0,111.84013108099208,4972.517997761813,1.0,91.0,26223.0,,,7028.0,457471.6557940868,582231.4380363352,0.35,7028.0,,,,,,,,,,,,0,
18,5,necessity,447144.5480081905,0.0,65.09272279369476,8637.499354255082,1.0,92.0,39028.0,,,7028.0,786012.4412372124,338867.89322902187,0.35,7028.0,,,,,,,,,,,,0,
19,5,necessity,-124144.2340771695,0.0,111.72189118020407,4972.517997761813,1.0,91.0,17235.0,,,7028.0,457471.6557940868,581615.8898712563,0.35,7028.0,,,,,,,,,,,,0,
20,5,necessity,446313.5579854523,0.0,65.09272279369476,8628.367595763453,1.0,92.0,32374.0,,,7028.0,785181.4512144742,338867.89322902187,0.35,7028.0,,,,,,,,,,,,0,
21,5,necessity,-147508.9514575125,0.0,116.20999141625627,4972.517997761813,1.0,91.0,24060.0,,,7028.0,457471.6557940868,604980.6072515993,0.35,7028.0,,,,,,,,,,,,0,
22,5,necessity,477855.92644442717,0.0,65.09272279369476,8974.98702937856,1.0,92.0,49635.0,,,7028.0,816723.819673449,338867.89322902187,0.35,7028.0,,,,,,,,,,,,0,
23,5,necessity,-125308.61284913745,0.0,111.94555528691053,4972.517997761813,1.0,91.0,27829.0,,,7028.0,457471.6557940868,582780.2686432243,0.35,7028.0,,,,,,,,,,,,0,
24,5,necessity,447885.46932738536,0.0,65.09272279369476,8645.641346773706,1.0,92.0,33976.0,,,7028.0,786753.3625564072,338867.89322902187,0.35,7028.0,,,,,,,,,,,,0,
25,5,necessity,-144747.8376465708,0.0,115.67961241166878,4972.517997761813,1.0,91.0,11394.0,,,7028.0,457471.6557940868,602219.4934406576,0.35,7028.0,,,,,,,,,,,,0,
26,5,necessity,474128.4228001864,0.0,65.09272279369476,8934.02545087042,1.0,92.0,26367.0,,,7028.0,812996.3160292082,338867.89322902187,0.35,7028.0,,,,,,,,,,,,0,
27,5,necessity,-116614.28646762396,0.0,110.27547267260017,4972.517997761813,1.0,91.0,6543.0,,,7028.0,457471.6557940868,574085.9422617108,0.35,7028.0,,,,,,,,,,,,0,
28,5,necessity,382664.52446780103,485.0,65.09272279369476,7928.927666998054,1.0,92.0,30091.0,,,7028.0,721532.4176968229,338867.89322902187,0.35,7028.0,,,,,,,,,,,,0,
29,5,necessity,-89351.0507167243,0.0,111.10274813996355,5315.669851619878,1.0,91.0,16772.0,,,7028.0,489041.6263490287,578392.677065753,0.35,7028.0,,,,,,,,,,,,0,
30,5,necessity,441962.220698642,0.0,65.09272279369476,8580.550702501801,1.0,92.0,35698.0,,,7028.0,780830.1139276639,338867.89322902187,0.35,7028.0,,,,,,,,,,,,0,
31,5,necessity,-122180.31757125835,0.0,111.34464483948084,4972.517997761813,1.0,91.0,5442.0,,,7028.0,457471.6557940868,579651.9733653452,0.35,7028.0,,,,,,,,,,,,0,
32,5,necessity,267069.6639874329,1586.0,65.09272279369476,6658.654474906096,1.0,92.0,43783.0,,,7028.0,605937.5572164548,338867.89322902187,0.35,7028.0,,,,,,,,,,,,0,
33,5,necessity,-64763.66890448169,0.0,120.14623178663932,6094.659936357464,1.0,91.0,9397.0,,,7028.0,560708.7141448867,625472.3830493684,0.35,7028.0,,,,,,,,,,,,0,
34,5,necessity,505519.8237674792,0.0,65.09272279369476,9278.985901060452,1.0,92.0,49888.0,,,7028.0,844387.7169965011,338867.89322902187,0.35,7028.0,,,,,,,,,,,,0,
35,5,necessity,-113531.44257439481,0.0,109.68329292654623,4972.517997761813,1.0,91.0,4473.0,,,7028.0,457471.6557940868,571003.0983684816,0.35,7028.0,,,,,,,,,,,,0,
36,5,necessity,151745.4760314194,2555.0,65.09272279369476,5391.355706158695,1.0,92.0,46005.0,,,7028.0,490613.3692604413,338867.89322902187,0.35,7028.0,,,,,,,,,,,,0,
37,5,necessity,47680.81032028934,0.0,110.66287925087013,6780.256114478009,1.0,93.0,7299.0,,,7028.0,623783.5625319768,576102.7522116875,0.35,7028.0,,,,,,,,,,,,0,
38,5,necessity,-234974.37642863858,0.0,194.53083007122038,8362.781885753928,1.0,94.0,6379.0,,,7028.0,777738.7153751153,1012713.0918037539,0.35,7028.0,,,,,,,,,,,,0,
39,5,necessity,46728.39924145769,649.0,229.38931183515476,13201.193244939519,1.0,95.0,3896.0,,,7028.0,1240912.1650243148,1194183.765782857,0.35,7028.0,,,,,,,,,,,,0,
40,5,necessity,-579397.6567321111,3781.0,282.9656887924821,9407.376409576453,1.0,94.0,2040.0,,,7028.0,893700.758909763,1473098.415641874,0.35,7028.0,,,,,,,,,,,,0,
12,49,luxury,-380214.3533549786,0.0,4438.714145001065,113858.54790575101,1.0,6.0,433.0,,,488.0,797009.835340257,1177224.1886952356,0.8400000000000002,488.0,,,,,,,,,,,,0,
13,49,luxury,1497937.7384533014,55.0,1637.8853280701553,320327.20413091016,1.0,7.0,1664.0,,,488.0,1921963.224785461,424025.4863321597,0.8850000000000002,488.0,,,,,,,,,,,,0,
14,49,luxury,-222818.24479353463,0.0,4375.829412419218,127053.10473458491,1.0,6.0,536.0,,,488.0,889371.7331420943,1112189.977935629,0.9200000000000003,488.0,,,,,,,,,,,,0,
15,49,luxury,1711379.2669284188,0.0,1724.7757964027896,355900.79221009644,1.0,7.0,897.0,,,488.0,2135404.7532605785,424025.4863321597,0.9850000000000003,488.0,,,,,,,,,,,,0,
16,49,luxury,-254439.6792557768,0.0,4537.260525863572,120241.51266350877,1.0,6.0,378.0,,,488.0,841690.5886445614,1096130.2679003382,1.0200000000000002,488.0,,,,,,,,,,,,0,
17,49,luxury,1291058.9924442705,110.0,1776.9100774023698,285847.41312940506,1.0,7.0,1500.0,,,488.0,1715084.4787764302,424025.4863321597,1.0450000000000002,488.0,,,,,,,,,,,,0,
18,49,luxury,-168551.4271943546,0.0,5222.269175170784,151798.88946951673,1.0,6.0,267.0,,,488.0,1062592.226286617,1231143.6534809717,1.07,488.0,,,,,,,,,,,,0,
19,49,luxury,970320.3834384398,221.0,1802.9772179021604,232390.97829509992,1.0,7.0,1074.0,,,488.0,1394345.8697705995,424025.4863321597,1.075,488.0,,,,,,,,,,,,0,
20,49,luxury,165058.88566932734,0.0,4836.258512764646,182615.83535609025,1.0,6.0,566.0,,,488.0,1278310.8474926318,1113251.9618233044,1.1199999999999999,488.0,,,,,,,,,,,,0,
21,49,luxury,1936068.6678969876,0.0,1898.5567330680574,393349.0257048579,1.0,7.0,2179.0,,,488.0,2360094.1542291474,424025.4863321597,1.1849999999999998,488.0,,,,,,,,,,,,0,
22,49,luxury,-178333.0635206455,0.0,5003.425268148442,132356.52653388743,1.0,6.0,289.0,,,488.0,926495.685737212,1104828.7492578574,1.2099999999999997,488.0,,,,,,,,,,,,0,
23,49,luxury,1021964.41616274,199.0,1942.0019672343744,240998.3170824833,1.0,7.0,1232.0,,,488.0,1445989.9024948997,424025.4863321597,1.2349999999999997,488.0,,,,,,,,,,,,0,
24,49,luxury,182677.6722717674,0.0,5379.854719749487,190593.62164143074,1.0,6.0,514.0,,,488.0,1334155.3514900152,1151477.6792182478,1.2799999999999996,488.0,,,,,,,,,,,,0,
25,49,luxury,2201343.6169055896,0.0,2037.5814824002723,437561.5172062916,1.0,7.0,1514.0,,,488.0,2625369.1032377495,424025.4863321597,1.3449999999999995,488.0,,,,,,,,,,,,0,
26,49,luxury,-61675.90861147875,0.0,5128.600691732504,142048.5376301904,1.0,6.0,287.0,,,488.0,994339.7634113329,1056015.6720228116,1.3699999999999994,488.0,,,,,,,,,,,,0,
27,49,luxury,1047882.912195069,201.0,2063.648622900062,245318.0664212048,1.0,7.0,1411.0,,,488.0,1471908.3985272287,424025.4863321597,1.3749999999999993,488.0,,,,,,,,,,,,0,
28,49,luxury,383748.5770346058,0.0,5147.981309998723,203121.98588259183,1.0,6.0,451.0,,,488.0,1421853.9011781428,1038105.324143537,1.4199999999999993,488.0,,,,,,,,,,,,0,
29,49,luxury,1897714.0844772647,37.0,2159.22813806596,386956.5951349041,1.0,7.0,939.0,,,488.0,2321739.5708094244,424025.4863321597,1.4849999999999992,488.0,,,,,,,,,,,,0,
30,49,luxury,105104.57390397543,0.0,5311.055932606948,161942.110354947,1.0,6.0,376.0,,,488.0,1133594.7724846292,1028490.1985806538,1.5199999999999991,488.0,,,,,,,,,,,,0,
31,49,luxury,1572931.5443280528,112.0,2211.36241906554,332826.1717767021,1.0,7.0,1045.0,,,488.0,1996957.0306602125,424025.4863321597,1.544999999999999,488.0,,,,,,,,,,,,0,
32,49,luxury,267160.4742801653,0.0,5580.570544505054,189545.35020561772,1.0,6.0,457.0,,,488.0,1326817.451439324,1059656.9771591588,1.569999999999999,488.0,,,,,,,,,,,,0,
33,49,luxury,2126295.25250665,31.0,2280.8747937316475,425053.456473135,1.0,7.0,1324.0,,,488.0,2550320.73883881,424025.4863321597,1.624999999999999,488.0,,,,,,,,,,,,0,
34,49,luxury,149560.97700845427,0.0,5637.308777169037,169110.57399238928,1.0,6.0,325.0,,,488.0,1183774.017946725,1034213.0409382707,1.6599999999999988,488.0,,,,,,,,,,,,0,
35,49,luxury,1408099.8662477774,163.0,2333.009074731228,305354.2254299895,1.0,7.0,1268.0,,,488.0,1832125.352579937,424025.4863321597,1.6849999999999987,488.0,,,,,,,,,,,,0,
36,49,luxury,488083.86750823655,0.0,5766.03433160053,216969.84395000417,1.0,6.0,460.0,,,488.0,1518788.9076500293,1030705.0401417927,1.7299999999999986,488.0,,,,,,,,,,,,0,
37,49,luxury,2228350.3062040843,28.0,2428.5885898971255,442062.63208937395,1.0,7.0,1085.0,,,488.0,2652375.792536244,424025.4863321597,1.7949999999999986,488.0,,,,,,,,,,,,0,
38,49,luxury,92897.11798396474,0.0,6728.525605393088,179021.67319813097,1.0,6.0,372.0,,,488.0,1253151.7123869169,1160254.5944029521,1.8299999999999985,488.0,,,,,,,,,,,,0,
39,49,luxury,2078986.038874069,116.0,2489.411917729969,417168.5875343715,1.0,7.0,1011.0,,,488.0,2503011.5252062287,424025.4863321597,1.8649999999999984,488.0,,,,,,,,,,,,0,
40,49,luxury,392896.815318092,0.0,6600.518737854153,214800.6854727002,1.0,6.0,322.0,,,488.0,1503604.7983089013,1110707.9829908093,1.8999999999999984,488.0,,,,,,,,,,,,0,
